#===============================

   2026-03-30 18:28:55 info [ScrapeURL:scrapeURLWithFetch]: [scrape.pipeline] Отправка HTTP GET через прокси → www.cian.ru (узел пула 51/100, ru.decodo.com:***)
api-1  | api            2026-03-30 18:28:55 warn [ScrapeURL:performLLMExtract/generateCompletions]: No object generated {"module":"ScrapeURL","scrapeId":"019d4000-f3ad-721e-8ab4-68db5568171a","scrapeURL":"https://www.cian.ru/sale/flat/326497852/","zeroDataRetention":false,"teamId":"bypass","team_id":"bypass","method":"performLLMExtract/generateCompletions","error":{"name":"AI_NoObjectGeneratedError","cause":{"name":"AI_JSONParseError","cause":{"name":"SyntaxError","message":"Unexpected token '`', \"```json\n{\n\"... is not valid JSON","stack":"SyntaxError: Unexpected token '`', \"```json\n{\n\"... is not valid JSON"},"text":"```json\n{\n  \"extractedData\": {\n    \"cian_id\": \"326497852\",\n    \"price\": 21400000,\n    \"price_per_m2\": 330757,\n    \"title\": \"Продается 3-комн. квартира, 64,7 м²\",\n    \"description\": \"Продается уютная 3-комнатная квартира общей площадью 64.7 кв. м на 6 этаже 16-этажного дома. Жилая площадь составляет 40.2 кв. м, кухня — 8.5 кв. м. Дом расположен в районе метро Царицыно, до станции всего 12 минут пешком. Дом построен в 1978 году из надежных панельных материалов. В квартире сделан ремонт в 2008 году. Квартира в прекрасном состоянии, можно заезжать и не тратиться на ремонт. В квартире: три изолированные комнаты, кухня 8,5 м, коридор со шкафом в потолок. Мебель, указанная на фото, остается покупателю (кухня, шкафы, кровати). Дом находится под управлением УК, в подъезде всегда порядок на всех этажах, работает консьерж. Тихие и спокойные соседи. В собственности с 2007 года, два взрослых собственника. Альтернатива не требуется. Риэлторам и агентствам недвижимости очень прошу не беспокоить. В квартире сделан косметический ремонт, что позволяет вам сразу заселиться и жить с комфортом. Планировка продумана: три светлые комнаты, просторная кухня, отдельный санузел. Высота потолков 2.64 метра создает ощущение простора. Из окон открывается вид на улицу, а на балконе можно наслаждаться свежим воздухом. Дом ухоженный, с двумя пассажирскими лифтами и мусоропроводом, поэтому, а значит, подъезд всегда чистый. Для владельцев автомобилей предусмотрена наземная парковка, где всегда можно найти место. Район развитый и удобный для жизни: поблизости находятся школы, детские сады и клиники, поэтому можно без проблем решать все вопросы, связанные с учебой и здоровьем. В шаговой доступности разнообразные магазины, обеспечивающие все необходимые покупки. Квартира продается без обременений, что упрощает процесс сделки. Все документы готовы к продаже, возможна ипотека. Звоните, чтобы договориться о просмотре! Это ваш шанс приобрести уютное жилье в удобном районе Москвы. Ждем вашего звонка!\",\n    \"address\": {\n      \"full\": \"Москва, ЮАО, р-н Царицыно, Бакинская ул., 14\",\n      \"district\": \"ЮАО\",\n      \"metro_station\": \"Царицыно\",\n      \"okrug\": \"Москва\"\n    },\n    \"area\": 64.7,\n    \"rooms\": 3,\n    \"housing_type\": \"flat\",\n    \"floor_info\": {\n      \"current\": 6,\n      \"all\": 16\n    },\n    \"construction_year\": 1978,\n    \"renovation\": \"cosmetic\",\n    \"metro_walk_time\": 12,\n    \"total_views\": 769,\n    \"unique_views\": 33,\n    \"is_active\": true,\n    \"price_history\": [\n      {\n        \"date\": \"2025-02-03\",\n        \"price\": 21400000,\n        \"change_amount\": 0,\n        \"change_type\": \"initial\"\n      }\n    ]\n  },\n  \"shouldUseSmartscrape\": false,\n  \"smartscrape_reasoning\": \"The provided text is a raw HTML-like content extracted from a web page. It contains navigation links, metadata, and structured text blocks. While it contains the necessary data points (price, address, area, views, etc.), it is not in a structured format suitable for direct JSON generation without parsing. The content includes raw HTML tags (e.g., `<a>`, `<br>`) and unstructured text that needs to be cleaned and parsed into the specific JSON schema fields. Therefore, a smart scraping approach is required to extract, clean, and structure this data.\",\n  \"smartscrape_prompt\": \"Extract the following information from the provided HTML-like text content and return it in a valid JSON format:\\n\\n1.  **cian_id**: Extract the numeric ID from the URL pattern `https://www.cian.ru/sale/flat/[ID]/`. If not found, set to null.\\n2.  **price**: Extract the price in Rubles (₽). Look for patterns like '\"\n}\n```","message":"JSON parsing failed: Text: ```json\n{\n  \"extractedData\": {\n    \"cian_id\": \"326497852\",\n    \"price\": 21400000,\n    \"price_per_m2\": 330757,\n    \"title\": \"Продается 3-комн. квартира, 64,7 м²\",\n    \"description\": \"Продается уютная 3-комнатная квартира общей площадью 64.7 кв. м на 6 этаже 16-этажного дома. Жилая площадь составляет 40.2 кв. м, кухня — 8.5 кв. м. Дом расположен в районе метро Царицыно, до станции всего 12 минут пешком. Дом построен в 1978 году из надежных панельных материалов. В квартире сделан ремонт в 2008 году. Квартира в прекрасном состоянии, можно заезжать и не тратиться на ремонт. В квартире: три изолированные комнаты, кухня 8,5 м, коридор со шкафом в потолок. Мебель, указанная на фото, остается покупателю (кухня, шкафы, кровати). Дом находится под управлением УК, в подъезде всегда порядок на всех этажах, работает консьерж. Тихие и спокойные соседи. В собственности с 2007 года, два взрослых собственника. Альтернатива не требуется. Риэлторам и агентствам недвижимости очень прошу не беспокоить. В квартире сделан косметический ремонт, что позволяет вам сразу заселиться и жить с комфортом. Планировка продумана: три светлые комнаты, просторная кухня, отдельный санузел. Высота потолков 2.64 метра создает ощущение простора. Из окон открывается вид на улицу, а на балконе можно наслаждаться свежим воздухом. Дом ухоженный, с двумя пассажирскими лифтами и мусоропроводом, поэтому, а значит, подъезд всегда чистый. Для владельцев автомобилей предусмотрена наземная парковка, где всегда можно найти место. Район развитый и удобный для жизни: поблизости находятся школы, детские сады и клиники, поэтому можно без проблем решать все вопросы, связанные с учебой и здоровьем. В шаговой доступности разнообразные магазины, обеспечивающие все необходимые покупки. Квартира продается без обременений, что упрощает процесс сделки. Все документы готовы к продаже, возможна ипотека. Звоните, чтобы договориться о просмотре! Это ваш шанс приобрести уютное жилье в удобном районе Москвы. Ждем вашего звонка!\",\n    \"address\": {\n      \"full\": \"Москва, ЮАО, р-н Царицыно, Бакинская ул., 14\",\n      \"district\": \"ЮАО\",\n      \"metro_station\": \"Царицыно\",\n      \"okrug\": \"Москва\"\n    },\n    \"area\": 64.7,\n    \"rooms\": 3,\n    \"housing_type\": \"flat\",\n    \"floor_info\": {\n      \"current\": 6,\n      \"all\": 16\n    },\n    \"construction_year\": 1978,\n    \"renovation\": \"cosmetic\",\n    \"metro_walk_time\": 12,\n    \"total_views\": 769,\n    \"unique_views\": 33,\n    \"is_active\": true,\n    \"price_history\": [\n      {\n        \"date\": \"2025-02-03\",\n        \"price\": 21400000,\n        \"change_amount\": 0,\n        \"change_type\": \"initial\"\n      }\n    ]\n  },\n  \"shouldUseSmartscrape\": false,\n  \"smartscrape_reasoning\": \"The provided text is a raw HTML-like content extracted from a web page. It contains navigation links, metadata, and structured text blocks. While it contains the necessary data points (price, address, area, views, etc.), it is not in a structured format suitable for direct JSON generation without parsing. The content includes raw HTML tags (e.g., `<a>`, `<br>`) and unstructured text that needs to be cleaned and parsed into the specific JSON schema fields. Therefore, a smart scraping approach is required to extract, clean, and structure this data.\",\n  \"smartscrape_prompt\": \"Extract the following information from the provided HTML-like text content and return it in a valid JSON format:\\n\\n1.  **cian_id**: Extract the numeric ID from the URL pattern `https://www.cian.ru/sale/flat/[ID]/`. If not found, set to null.\\n2.  **price**: Extract the price in Rubles (₽). Look for patterns like '\"\n}\n```.\nError message: Unexpected token '`', \"```json\n{\n\"... is not valid JSON","stack":"AI_JSONParseError: JSON parsing failed: Text: ```json\n{\n  \"extractedData\": {\n    \"cian_id\": \"326497852\",\n    \"price\": 21400000,\n    \"price_per_m2\": 330757,\n    \"title\": \"Продается 3-комн. квартира, 64,7 м²\",\n    \"description\": \"Продается уютная 3-комнатная квартира общей площадью 64.7 кв. м на 6 этаже 16-этажного дома. Жилая площадь составляет 40.2 кв. м, кухня — 8.5 кв. м. Дом расположен в районе метро Царицыно, до станции всего 12 минут пешком. Дом построен в 1978 году из надежных панельных материалов. В квартире сделан ремонт в 2008 году. Квартира в прекрасном состоянии, можно заезжать и не тратиться на ремонт. В квартире: три изолированные комнаты, кухня 8,5 м, коридор со шкафом в потолок. Мебель, указанная на фото, остается покупателю (кухня, шкафы, кровати). Дом находится под управлением УК, в подъезде всегда порядок на всех этажах, работает консьерж. Тихие и спокойные соседи. В собственности с 2007 года, два взрослых собственника. Альтернатива не требуется. Риэлторам и агентствам недвижимости очень прошу не беспокоить. В квартире сделан косметический ремонт, что позволяет вам сразу заселиться и жить с комфортом. Планировка продумана: три светлые комнаты, просторная кухня, отдельный санузел. Высота потолков 2.64 метра создает ощущение простора. Из окон открывается вид на улицу, а на балконе можно наслаждаться свежим воздухом. Дом ухоженный, с двумя пассажирскими лифтами и мусоропроводом, поэтому, а значит, подъезд всегда чистый. Для владельцев автомобилей предусмотрена наземная парковка, где всегда можно найти место. Район развитый и удобный для жизни: поблизости находятся школы, детские сады и клиники, поэтому можно без проблем решать все вопросы, связанные с учебой и здоровьем. В шаговой доступности разнообразные магазины, обеспечивающие все необходимые покупки. Квартира продается без обременений, что упрощает процесс сделки. Все документы готовы к продаже, возможна ипотека. Звоните, чтобы договориться о просмотре! Это ваш шанс приобрести уютное жилье в удобном районе Москвы. Ждем вашего звонка!\",\n    \"address\": {\n      \"full\": \"Москва, ЮАО, р-н Царицыно, Бакинская ул., 14\",\n      \"district\": \"ЮАО\",\n      \"metro_station\": \"Царицыно\",\n      \"okrug\": \"Москва\"\n    },\n    \"area\": 64.7,\n    \"rooms\": 3,\n    \"housing_type\": \"flat\",\n    \"floor_info\": {\n      \"current\": 6,\n      \"all\": 16\n    },\n    \"construction_year\": 1978,\n    \"renovation\": \"cosmetic\",\n    \"metro_walk_time\": 12,\n    \"total_views\": 769,\n    \"unique_views\": 33,\n    \"is_active\": true,\n    \"price_history\": [\n      {\n        \"date\": \"2025-02-03\",\n        \"price\": 21400000,\n        \"change_amount\": 0,\n        \"change_type\": \"initial\"\n      }\n    ]\n  },\n  \"shouldUseSmartscrape\": false,\n  \"smartscrape_reasoning\": \"The provided text is a raw HTML-like content extracted from a web page. It contains navigation links, metadata, and structured text blocks. While it contains the necessary data points (price, address, area, views, etc.), it is not in a structured format suitable for direct JSON generation without parsing. The content includes raw HTML tags (e.g., `<a>`, `<br>`) and unstructured text that needs to be cleaned and parsed into the specific JSON schema fields. Therefore, a smart scraping approach is required to extract, clean, and structure this data.\",\n  \"smartscrape_prompt\": \"Extract the following information from the provided HTML-like text content and return it in a valid JSON format:\\n\\n1.  **cian_id**: Extract the numeric ID from the URL pattern `https://www.cian.ru/sale/flat/[ID]/`. If not found, set to null.\\n2.  **price**: Extract the price in Rubles (₽). Look for patterns like '\"\n}\n```.\nError message: Unexpected token '`', \"```json\n{\n\"... is not valid JSON\n    at safeParseJSON (/app/node_modules/.pnpm/@ai-sdk+provider-utils@4.0.15_zod@4.1.12/node_modules/@ai-sdk/provider-utils/dist/index.js:2247:74)\n    at parseAndValidateObjectResult (/app/node_modules/.pnpm/ai@6.0.86_zod@4.1.12/node_modules/ai/dist/index.js:9482:71)\n    at parseAndValidateObjectResultWithRepair (/app/node_modules/.pnpm/ai@6.0.86_zod@4.1.12/node_modules/ai/dist/index.js:9525:20)\n    at process.processTicksAndRejections (node:internal/process/task_queues:103:5)\n    at async fn (/app/node_modules/.pnpm/ai@6.0.86_zod@4.1.12/node_modules/ai/dist/index.js:9859:25)\n    at async /app/node_modules/.pnpm/ai@6.0.86_zod@4.1.12/node_modules/ai/dist/index.js:2340:24\n    at async generateObject (/app/node_modules/.pnpm/ai@6.0.86_zod@4.1.12/node_modules/ai/dist/index.js:9712:12)\n    at async generateCompletions (/app/dist/src/scraper/scrapeURL/transformers/llmExtract.js:718:22)\n    at async extractData (/app/dist/src/scraper/scrapeURL/lib/extractSmartScrape.js:259:60)\n    at async performLLMExtract (/app/dist/src/scraper/scrapeURL/transformers/llmExtract.js:939:78)"},"text":"```json\n{\n  \"extractedData\": {\n    \"cian_id\": \"326497852\",\n    \"price\": 21400000,\n    \"price_per_m2\": 330757,\n    \"title\": \"Продается 3-комн. квартира, 64,7 м²\",\n    \"description\": \"Продается уютная 3-комнатная квартира общей площадью 64.7 кв. м на 6 этаже 16-этажного дома. Жилая площадь составляет 40.2 кв. м, кухня — 8.5 кв. м. Дом расположен в районе метро Царицыно, до станции всего 12 минут пешком. Дом построен в 1978 году из надежных панельных материалов. В квартире сделан ремонт в 2008 году. Квартира в прекрасном состоянии, можно заезжать и не тратиться на ремонт. В квартире: три изолированные комнаты, кухня 8,5 м, коридор со шкафом в потолок. Мебель, указанная на фото, остается покупателю (кухня, шкафы, кровати). Дом находится под управлением УК, в подъезде всегда порядок на всех этажах, работает консьерж. Тихие и спокойные соседи. В собственности с 2007 года, два взрослых собственника. Альтернатива не требуется. Риэлторам и агентствам недвижимости очень прошу не беспокоить. В квартире сделан косметический ремонт, что позволяет вам сразу заселиться и жить с комфортом. Планировка продумана: три светлые комнаты, просторная кухня, отдельный санузел. Высота потолков 2.64 метра создает ощущение простора. Из окон открывается вид на улицу, а на балконе можно наслаждаться свежим воздухом. Дом ухоженный, с двумя пассажирскими лифтами и мусоропроводом, поэтому, а значит, подъезд всегда чистый. Для владельцев автомобилей предусмотрена наземная парковка, где всегда можно найти место. Район развитый и удобный для жизни: поблизости находятся школы, детские сады и клиники, поэтому можно без проблем решать все вопросы, связанные с учебой и здоровьем. В шаговой доступности разнообразные магазины, обеспечивающие все необходимые покупки. Квартира продается без обременений, что упрощает процесс сделки. Все документы готовы к продаже, возможна ипотека. Звоните, чтобы договориться о просмотре! Это ваш шанс приобрести уютное жилье в удобном районе Москвы. Ждем вашего звонка!\",\n    \"address\": {\n      \"full\": \"Москва, ЮАО, р-н Царицыно, Бакинская ул., 14\",\n      \"district\": \"ЮАО\",\n      \"metro_station\": \"Царицыно\",\n      \"okrug\": \"Москва\"\n    },\n    \"area\": 64.7,\n    \"rooms\": 3,\n    \"housing_type\": \"flat\",\n    \"floor_info\": {\n      \"current\": 6,\n      \"all\": 16\n    },\n    \"construction_year\": 1978,\n    \"renovation\": \"cosmetic\",\n    \"metro_walk_time\": 12,\n    \"total_views\": 769,\n    \"unique_views\": 33,\n    \"is_active\": true,\n    \"price_history\": [\n      {\n        \"date\": \"2025-02-03\",\n        \"price\": 21400000,\n        \"change_amount\": 0,\n        \"change_type\": \"initial\"\n      }\n    ]\n  },\n  \"shouldUseSmartscrape\": false,\n  \"smartscrape_reasoning\": \"The provided text is a raw HTML-like content extracted from a web page. It contains navigation links, metadata, and structured text blocks. While it contains the necessary data points (price, address, area, views, etc.), it is not in a structured format suitable for direct JSON generation without parsing. The content includes raw HTML tags (e.g., `<a>`, `<br>`) and unstructured text that needs to be cleaned and parsed into the specific JSON schema fields. Therefore, a smart scraping approach is required to extract, clean, and structure this data.\",\n  \"smartscrape_prompt\": \"Extract the following information from the provided HTML-like text content and return it in a valid JSON format:\\n\\n1.  **cian_id**: Extract the numeric ID from the URL pattern `https://www.cian.ru/sale/flat/[ID]/`. If not found, set to null.\\n2.  **price**: Extract the price in Rubles (₽). Look for patterns like '\"\n}\n```","response":{"id":"gen-1774895301-Blg08FMstovreqiHujjT","timestamp":"2026-03-30T18:28:21.000Z","modelId":"z-ai/glm-4.7-flash-20260119","headers":{"access-control-allow-origin":"*","cf-ray":"9e492c6fbfddd8ed-FRA","connection":"keep-alive","content-encoding":"gzip","content-type":"application/json","date":"Mon, 30 Mar 2026 18:28:21 GMT","permissions-policy":"payment=(self \"https://checkout.stripe.com\" \"https://connect-js.stripe.com\" \"https://js.stripe.com\" \"https://*.js.stripe.com\" \"https://hooks.stripe.com\")","referrer-policy":"no-referrer, strict-origin-when-cross-origin","server":"cloudflare","transfer-encoding":"chunked","x-content-type-options":"nosniff"},"body":{"id":"gen-1774895301-Blg08FMstovreqiHujjT","object":"chat.completion","created":1774895301,"model":"z-ai/glm-4.7-flash-20260119","provider":"DeepInfra","system_fingerprint":null,"choices":[{"index":0,"logprobs":null,"finish_reason":"length","native_finish_reason":"length","message":{"role":"assistant","content":"{\n  \"extractedData\": {\n    \"cian_id\": \"326497852\",\n    \"price\": 21400000,\n    \"price_per_m2\": 330757,\n    \"title\": \"Продается 3-комн. квартира, 64,7 м²\",\n    \"description\": \"Продается уютная 3-комнатная квартира общей площадью 64.7 кв. м на 6 этаже 16-этажного дома. Жилая площадь составляет 40.2 кв. м, кухня — 8.5 кв. м. Дом расположен в районе метро Царицыно, до станции всего 12 минут пешком. Дом построен в 1978 году из надежных панельных материалов. В квартире сделан ремонт в 2008 году. Квартира в прекрасном состоянии, можно заезжать и не тратиться на ремонт. В квартире: три изолированные комнаты, кухня 8,5 м, коридор со шкафом в потолок. Мебель, указанная на фото, остается покупателю (кухня, шкафы, кровати). Дом находится под управлением УК, в подъезде всегда порядок на всех этажах, работает консьерж. Тихие и спокойные соседи. В собственности с 2007 года, два взрослых собственника. Альтернатива не требуется. Риэлторам и агентствам недвижимости очень прошу не беспокоить. В квартире сделан косметический ремонт, что позволяет вам сразу заселиться и жить с комфортом. Планировка продумана: три светлые комнаты, просторная кухня, отдельный санузел. Высота потолков 2.64 метра создает ощущение простора. Из окон открывается вид на улицу, а на балконе можно наслаждаться свежим воздухом. Дом ухоженный, с двумя пассажирскими лифтами и мусоропроводом, поэтому, а значит, подъезд всегда чистый. Для владельцев автомобилей предусмотрена наземная парковка, где всегда можно найти место. Район развитый и удобный для жизни: поблизости находятся школы, детские сады и клиники, поэтому можно без проблем решать все вопросы, связанные с учебой и здоровьем. В шаговой доступности разнообразные магазины, обеспечивающие все необходимые покупки. Квартира продается без обременений, что упрощает процесс сделки. Все документы готовы к продаже, возможна ипотека. Звоните, чтобы договориться о просмотре! Это ваш шанс приобрести уютное жилье в удобном районе Москвы. Ждем вашего звонка!\",\n    \"address\": {\n      \"full\": \"Москва, ЮАО, р-н Царицыно, Бакинская ул., 14\",\n      \"district\": \"ЮАО\",\n      \"metro_station\": \"Царицыно\",\n      \"okrug\": \"Москва\"\n    },\n    \"area\": 64.7,\n    \"rooms\": 3,\n    \"housing_type\": \"flat\",\n    \"floor_info\": {\n      \"current\": 6,\n      \"all\": 16\n    },\n    \"construction_year\": 1978,\n    \"renovation\": \"cosmetic\",\n    \"metro_walk_time\": 12,\n    \"total_views\": 769,\n    \"unique_views\": 33,\n    \"is_active\": true,\n    \"price_history\": [\n      {\n        \"date\": \"2025-02-03\",\n        \"price\": 21400000,\n        \"change_amount\": 0,\n        \"change_type\": \"initial\"\n      }\n    ]\n  }\n  \n  , \"shouldUseSmartscrape\": false\n  , \"smartscrape_reasoning\": \"The provided text is a raw HTML-like content extracted from a web page. It contains navigation links, metadata, and structured text blocks. While it contains the necessary data points (price, address, area, views, etc.), it is not in a structured format suitable for direct JSON generation without parsing. The content includes raw HTML tags (e.g., `<a>`, `<br>`) and unstructured text that needs to be cleaned and parsed into the specific JSON schema fields. Therefore, a smart scraping approach is required to extract, clean, and structure this data.\"\n  , \"smartscrape_prompt\": \"Extract the following information from the provided HTML-like text content and return it in a valid JSON format:\\n\\n1.  **cian_id**: Extract the numeric ID from the URL pattern `https://www.cian.ru/sale/flat/[ID]/`. If not found, set to null.\\n2.  **price**: Extract the price in Rubles (₽). Look for patterns like '","refusal":null,"reasoning":null}}],"usage":{"prompt_tokens":2255,"completion_tokens":1024,"total_tokens":3279,"cost":0.0005385000000256,"is_byok":false,"prompt_tokens_details":{"cached_tokens":128,"cache_write_tokens":0,"audio_tokens":0,"video_tokens":0},"cost_details":{"upstream_inference_cost":0.0005385000000256,"upstream_inference_prompt_cost":0.0001289000000256,"upstream_inference_completions_cost":0.0004096},"completion_tokens_details":{"reasoning_tokens":0,"image_tokens":0,"audio_tokens":0}}}},"usage":{"inputTokens":2255,"inputTokenDetails":{"cacheReadTokens":128},"outputTokens":1024,"outputTokenDetails":{"reasoningTokens":0},"totalTokens":3279,"reasoningTokens":0,"cachedInputTokens":128},"finishReason":"length","message":"No object generated: could not parse the response.","stack":"AI_NoObjectGeneratedError: No object generated: could not parse the response.\n    at parseAndValidateObjectResult (/app/node_modules/.pnpm/ai@6.0.86_zod@4.1.12/node_modules/ai/dist/index.js:9484:11)\n    at process.processTicksAndRejections (node:internal/process/task_queues:103:5)\n    at async parseAndValidateObjectResultWithRepair (/app/node_modules/.pnpm/ai@6.0.86_zod@4.1.12/node_modules/ai/dist/index.js:9525:14)\n    at async fn (/app/node_modules/.pnpm/ai@6.0.86_zod@4.1.12/node_modules/ai/dist/index.js:9859:25)\n    at async /app/node_modules/.pnpm/ai@6.0.86_zod@4.1.12/node_modules/ai/dist/index.js:2340:24\n    at async generateObject (/app/node_modules/.pnpm/ai@6.0.86_zod@4.1.12/node_modules/ai/dist/index.js:9712:12)\n    at async generateCompletions (/app/dist/src/scraper/scrapeURL/transformers/llmExtract.js:718:22)\n    at async extractData (/app/dist/src/scraper/scrapeURL/lib/extractSmartScrape.js:259:60)\n    at async performLLMExtract (/app/dist/src/scraper/scrapeURL/transformers/llmExtract.js:939


#================================
 - INFO - URL being requested: GET https://sheets.googleapis.com/v4/spreadsheets/1zD-p5YNUK64cBunenZtV_VIDgG23CIA03M6M8e8s3M8/values:batchGet?ranges=Offers_Parser%21A%3AZ&ranges=Signals_Parser%21A%3AZ&alt=json
2026-03-30 21:51:26,428 - httpx - INFO - HTTP Request: POST http://host.docker.internal:3002/v2/scrape "HTTP/1.1 500 Internal Server Error"
2026-03-30 21:51:26,429 - services.parser_cian.parser - ERROR - Parse error for https://www.cian.ru/sale/flat/327711460/: Firecrawl API error: 500 - {"success":false,"code":"SCRAPE_ALL_ENGINES_FAILED","error":"All scraping engines failed to retrieve content from this URL. Engines tried: [fetch]. This usually happens when: (1) The URL is invalid or
2026-03-30 21:51:26,429 - services.parser_cian.queue_manager - ERROR - ❌ [Worker-12] Ошибка при обработке https://www.cian.ru/sale/flat/327711460/: ValueError: Firecrawl API error: 500 - {"success":false,"code":"SCRAPE_ALL_ENGINES_FAILED","error":"All scraping engines failed to retrieve content from this URL. Engines tried: [fetch]. This usually happens when: (1) The URL is invalid or
2026-03-30 21:51:26,429 - services.parser_cian.queue_manager - INFO - 🔧 [Worker-12] Взял из очереди: https://www.cian.ru/sale/flat/327829768/
2026-03-30 21:51:26,429 - services.parser_cian.parser - INFO - 🔍 Начинаю парсинг: https://www.cian.ru/sale/flat/327829768/
2026-03-30 21:51:26,475 - httpx - INFO - HTTP Request: POST http://host.docker.internal:3002/v2/scrape "HTTP/1.1 200 OK"
2026-03-30 21:51:26,512 - services.parser_cian.parser - INFO - ✅ Найдена creationDate: 2026-03-26
2026-03-30 21:51:26,513 - services.parser_cian.parser - INFO - 📅 Запрос статистики с датой: 2026-03-25
2026-03-30 21:51:26,513 - services.parser_cian.parser - INFO - 📊 Статистика для 328265497 (creation_date: 2026-03-25)...
2026-03-30 21:51:26,746 - httpx - INFO - HTTP Request: GET https://api.cian.ru/offer-card/v1/get-offer-card-statistic/?offerCreationDate=2026-03-25&offerId=328265497 "HTTP/1.1 200 OK"
2026-03-30 21:51:26,747 - services.parser_cian.parser - INFO - ✅ Статистика: 5 дней, 660 просмотров, 180 сегодня
2026-03-30 21:51:26,747 - services.parser_cian.parser - INFO - ✅ Успешно: https://www.cian.ru/sale/flat/328265497/ | Цена: 14,850,000 руб | Площадь: 43.8 м²
2026-03-30 21:51:26,747 - services.parser_cian.queue_manager - INFO - 💾 [Worker-7] Обновляю активное объявление в БД и Sheets: https://www.cian.ru/sale/flat/328265497/
2026-03-30 21:51:26,844 - packages.flipper_core.sheets - INFO - Inserting row at top of Offers_Parser (sheet_id=929131848)
2026-03-30 21:51:26,859 - googleapiclient.discovery - INFO - URL being requested: POST https://sheets.googleapis.com/v4/spreadsheets/1zD-p5YNUK64cBunenZtV_VIDgG23CIA03M6M8e8s3M8:batchUpdate?alt=json
2026-03-30 21:51:27,171 - packages.flipper_core.sheets - INFO - ✓ Inserted empty row at position 2
2026-03-30 21:51:27,172 - googleapiclient.discovery - INFO - URL being requested: PUT https://sheets.googleapis.com/v4/spreadsheets/1zD-p5YNUK64cBunenZtV_VIDgG23CIA03M6M8e8s3M8/values/Offers_Parser%21A2?valueInputOption=USER_ENTERED&alt=json


#========================

RROR - ❌ [Worker-4] Ошибка при обработке https://www.cian.ru/sale/flat/327389755/: ValueError: Authentication failed. Recovery triggered.
2026-03-30 22:01:32,536 - services.parser_cian.queue_manager - INFO - 🔧 [Worker-4] Взял из очереди: https://www.cian.ru/sale/flat/326727884/
2026-03-30 22:01:32,536 - services.parser_cian.parser - INFO - 🔍 Начинаю парсинг: https://www.cian.ru/sale/flat/326727884/
2026-03-30 22:01:33,145 - packages.flipper_core.sheets - INFO - Inserting row at top of Offers_Parser (sheet_id=929131848)
2026-03-30 22:01:33,158 - googleapiclient.discovery - INFO - URL being requested: POST https://sheets.googleapis.com/v4/spreadsheets/1zD-p5YNUK64cBunenZtV_VIDgG23CIA03M6M8e8s3M8:batchUpdate?alt=json
2026-03-30 22:01:33,464 - packages.flipper_core.sheets - INFO - ✓ Inserted empty row at position 2
2026-03-30 22:01:33,465 - googleapiclient.discovery - INFO - URL being requested: PUT https://sheets.googleapis.com/v4/spreadsheets/1zD-p5YNUK64cBunenZtV_VIDgG23CIA03M6M8e8s3M8/values/Offers_Parser%21A2?valueInputOption=USER_ENTERED&alt=json

#=======================

 api            AI SDK Warning (openrouter.chat / z-ai/glm-4.7-flash): The feature "specificationVersion" is used in a compatibility mode. Using v2 specification compatibility mode. Some features may not be available.
api-1  | api            2026-03-30 19:01:16 warn [ScrapeURL:performLLMExtract/generateCompletions]: No object generated {"module":"ScrapeURL","scrapeId":"019d401e-6618-71ef-8600-8021b9ef8675","scrapeURL":"https://www.cian.ru/sale/flat/327389755/","zeroDataRetention":false,"teamId":"bypass","team_id":"bypass","method":"performLLMExtract/generateCompletions","error":{"name":"AI_NoObjectGeneratedError","cause":{"name":"AI_JSONParseError","cause":{"name":"SyntaxError","message":"Bad control character in string literal in JSON at position 1082 (line 37 column 231)","stack":"SyntaxError: Bad control character in string literal in JSON at position 1082 (line 37 column 231)"},"text":"{\n  \"extractedData\": {\n    \"cian_id\": \"327389755\",\n    \"price\": 20000000,\n    \"price_per_m2\": 249688,\n    \"title\": \"3-комн. квартира, 80,1 м²\",\n    \"description\": \"Продается 3-комн. квартира, 80,1 м²\",\n    \"address\": {\n      \"full\": \"Москва, Пятницкое ш., 12к1\",\n      \"district\": \"Пятницкое шоссе\",\n      \"metro_station\": \"Волоколамская\",\n      \"okrug\": \"Москва\"\n    },\n    \"area\": 80.1,\n    \"rooms\": 3,\n    \"housing_type\": \"квартира\",\n    \"floor_info\": {\n      \"current\": 21,\n      \"all\": 22\n    },\n    \"construction_year\": 0,\n    \"renovation\": \"\",\n    \"metro_walk_time\": 10,\n    \"total_views\": 1751,\n    \"unique_views\": 83,\n    \"is_active\": false,\n    \"price_history\": [\n      {\n        \"date\": \"2023-10-01\",\n        \"price\": 20000000,\n        \"change_amount\": 0,\n        \"change_type\": \"initial\"\n      }\n    ]\n  },\n  \"shouldUseSmartscrape\": false,\n  \"smartscrape_reasoning\": \"The provided text is a raw HTML snippet or a copy-paste of a Cian.ru listing page. It contains the core data points (price, area, address, views) but lacks the structured HTML tags (like <div class=\\\"\\\"\n\"\n}","message":"JSON parsing failed: Text: {\n  \"extractedData\": {\n    \"cian_id\": \"327389755\",\n    \"price\": 20000000,\n    \"price_per_m2\": 249688,\n    \"title\": \"3-комн. квартира, 80,1 м²\",\n    \"description\": \"Продается 3-комн. квартира, 80,1 м²\",\n    \"address\": {\n      \"full\": \"Москва, Пятницкое ш., 12к1\",\n      \"district\": \"Пятницкое шоссе\",\n      \"metro_station\": \"Волоколамская\",\n      \"okrug\": \"Москва\"\n    },\n    \"area\": 80.1,\n    \"rooms\": 3,\n    \"housing_type\": \"квартира\",\n    \"floor_info\": {\n      \"current\": 21,\n      \"all\": 22\n    },\n    \"construction_year\": 0,\n    \"renovation\": \"\",\n    \"metro_walk_time\": 10,\n    \"total_views\": 1751,\n    \"unique_views\": 83,\n    \"is_active\": false,\n    \"price_history\": [\n      {\n        \"date\": \"2023-10-01\",\n        \"price\": 20000000,\n        \"change_amount\": 0,\n        \"change_type\": \"initial\"\n      }\n    ]\n  },\n  \"shouldUseSmartscrape\": false,\n  \"smartscrape_reasoning\": \"The provided text is a raw HTML snippet or a copy-paste of a Cian.ru listing page. It contains the core data points (price, area, address, views) but lacks the structured HTML tags (like <div class=\\\"\\\"\n\"\n}.\nError message: Bad control character in string literal in JSON at position 1082 (line 37 column 231)","stack":"AI_JSONParseError: JSON parsing failed: Text: {\n  \"extractedData\": {\n    \"cian_id\": \"327389755\",\n    \"price\": 20000000,\n    \"price_per_m2\": 249688,\n    \"title\": \"3-комн. квартира, 80,1 м²\",\n    \"description\": \"Продается 3-комн. квартира, 80,1 м²\",\n    \"address\": {\n      \"full\": \"Москва, Пятницкое ш., 12к1\",\n      \"district\": \"Пятницкое шоссе\",\n      \"metro_station\": \"Волоколамская\",\n      \"okrug\": \"Москва\"\n    },\n    \"area\": 80.1,\n    \"rooms\": 3,\n    \"housing_type\": \"квартира\",\n    \"floor_info\": {\n      \"current\": 21,\n      \"all\": 22\n    },\n    \"construction_year\": 0,\n    \"renovation\": \"\",\n    \"metro_walk_time\": 10,\n    \"total_views\": 1751,\n    \"unique_views\": 83,\n    \"is_active\": false,\n    \"price_history\": [\n      {\n        \"date\": \"2023-10-01\",\n        \"price\": 20000000,\n        \"change_amount\": 0,\n        \"change_type\": \"initial\"\n      }\n    ]\n  },\n  \"shouldUseSmartscrape\": false,\n  \"smartscrape_reasoning\": \"The provided text is a raw HTML snippet or a copy-paste of a Cian.ru listing page. It contains the core data points (price, area, address, views) but lacks the structured HTML tags (like <div class=\\\"\\\"\n\"\n}.\nError message: Bad control character in string literal in JSON at position 1082 (line 37 column 231)\n    at safeParseJSON (/app/node_modules/.pnpm/@ai-sdk+provider-utils@4.0.15_zod@4.1.12/node_modules/@ai-sdk/provider-utils/dist/index.js:2247:74)\n    at parseAndValidateObjectResult (/app/node_modules/.pnpm/ai@6.0.86_zod@4.1.12/node_modules/ai/dist/index.js:9482:71)\n    at parseAndValidateObjectResultWithRepair (/app/node_modules/.pnpm/ai@6.0.86_zod@4.1.12/node_modules/ai/dist/index.js:9525:20)\n    at process.processTicksAndRejections (node:internal/process/task_queues:103:5)\n    at async fn (/app/node_modules/.pnpm/ai@6.0.86_zod@4.1.12/node_modules/ai/dist/index.js:9859:25)\n    at async /app/node_modules/.pnpm/ai@6.0.86_zod@4.1.12/node_modules/ai/dist/index.js:2340:24\n    at async generateObject (/app/node_modules/.pnpm/ai@6.0.86_zod@4.1.12/node_modules/ai/dist/index.js:9712:12)\n    at async generateCompletions (/app/dist/src/scraper/scrapeURL/transformers/llmExtract.js:718:22)\n    at async extractData (/app/dist/src/scraper/scrapeURL/lib/extractSmartScrape.js:259:60)\n    at async performLLMExtract (/app/dist/src/scraper/scrapeURL/transformers/llmExtract.js:939:78)"},"text":"{\n  \"extractedData\": {\n    \"cian_id\": \"327389755\",\n    \"price\": 20000000,\n    \"price_per_m2\": 249688,\n    \"title\": \"3-комн. квартира, 80,1 м²\",\n    \"description\": \"Продается 3-комн. квартира, 80,1 м²\",\n    \"address\": {\n      \"full\": \"Москва, Пятницкое ш., 12к1\",\n      \"district\": \"Пятницкое шоссе\",\n      \"metro_station\": \"Волоколамская\",\n      \"okrug\": \"Москва\"\n    },\n    \"area\": 80.1,\n    \"rooms\": 3,\n    \"housing_type\": \"квартира\",\n    \"floor_info\": {\n      \"current\": 21,\n      \"all\": 22\n    },\n    \"construction_year\": 0,\n    \"renovation\": \"\",\n    \"metro_walk_time\": 10,\n    \"total_views\": 1751,\n    \"unique_views\": 83,\n    \"is_active\": false,\n    \"price_history\": [\n      {\n        \"date\": \"2023-10-01\",\n        \"price\": 20000000,\n        \"change_amount\": 0,\n        \"change_type\": \"initial\"\n      }\n    ]\n  },\n  \"shouldUseSmartscrape\": false,\n  \"smartscrape_reasoning\": \"The provided text is a raw HTML snippet or a copy-paste of a Cian.ru listing page. It contains the core data points (price, area, address, views) but lacks the structured HTML tags (like <div class=\\\"\\\"\n\"\n}","response":{"id":"gen-1774897229-bEYV6i2EcG23HInAb2Da","timestamp":"2026-03-30T19:00:29.000Z","modelId":"z-ai/glm-4.7-flash-20260119","headers":{"access-control-allow-origin":"*","cf-ray":"9e495b870b448c4c-FRA","connection":"keep-alive","content-encoding":"gzip","content-type":"application/json","date":"Mon, 30 Mar 2026 19:00:30 GMT","permissions-policy":"payment=(self \"https://checkout.stripe.com\" \"https://connect-js.stripe.com\" \"https://js.stripe.com\" \"https://*.js.stripe.com\" \"https://hooks.stripe.com\")","referrer-policy":"no-referrer, strict-origin-when-cross-origin","server":"cloudflare","transfer-encoding":"chunked","x-content-type-options":"nosniff"},"body":{"id":"gen-1774897229-bEYV6i2EcG23HInAb2Da","object":"chat.completion","created":1774897229,"model":"z-ai/glm-4.7-flash-20260119","provider":"DeepInfra","system_fingerprint":null,"choices":[{"index":0,"logprobs":null,"finish_reason":"length","native_finish_reason":"length","message":{"role":"assistant","content":"{\n  \"extractedData\": {\n    \"cian_id\": \"327389755\",\n    \"price\": 20000000,\n    \"price_per_m2\": 249688,\n    \"title\": \"3-комн. квартира, 80,1 м²\",\n    \"description\": \"Продается 3-комн. квартира, 80,1 м²\",\n    \"address\": {\n      \"full\": \"Москва, Пятницкое ш., 12к1\",\n      \"district\": \"Пятницкое шоссе\",\n      \"metro_station\": \"Волоколамская\",\n      \"okrug\": \"Москва\"\n    },\n    \"area\": 80.1,\n    \"rooms\": 3,\n    \"housing_type\": \"квартира\",\n    \"floor_info\": {\n      \"current\": 21,\n      \"all\": 22\n    },\n    \"construction_year\": 0,\n    \"renovation\": \"\",\n    \"metro_walk_time\": 10,\n    \"total_views\": 1751,\n    \"unique_views\": 83,\n    \"is_active\": false,\n    \"price_history\": [\n      {\n        \"date\": \"2023-10-01\",\n        \"price\": 20000000,\n        \"change_amount\": 0,\n        \"change_type\": \"initial\"\n      }\n    ]\n  }\n  \n  , \"shouldUseSmartscrape\": false\n  , \"smartscrape_reasoning\": \"The provided text is a raw HTML snippet or a copy-paste of a Cian.ru listing page. It contains the core data points (price, area, address, views) but lacks the structured HTML tags (like <div class=\"    \n\n\n\n\n\n\n\n\n\n\n\n\n\n\n\n\n\n    \n\n\n\n\n\n\n\n\n\n\n\n\n\n\n\n\n\n    \n\n\n\n\n\n\n\n\n\n\n\n\n\n\n\n\n\n    \n\n\n\n\n\n\n\n\n\n\n\n\n\n\n\n\n\n    \n\n\n\n\n\n\n\n\n\n\n\n\n\n\n\n\n\n    \n\n\n\n\n\n\n\n\n\n\n\n\n\n\n\n\n\n    \n\n\n\n\n\n\n\n\n\n\n\n\n\n\n\n\n\n    \n\n\n\n\n\n\n\n\n\n\n\n\n\n\n\n\n\n    \n\n\n\n\n\n\n\n\n\n\n\n\n\n\n\n\n\n    \n\n\n\n\n\n\n\n\n\n\n\n\n\n\n\n\n\n    \n\n\n\n\n\n\n\n\n\n\n\n\n\n\n\n\n\n    \n\n\n\n\n\n\n\n\n\n\n\n\n\n\n\n\n\n    \n\n\n\n\n\n\n\n\n\n\n\n\n\n\n\n\n\n    \n\n\n\n\n\n\n\n\n\n\n\n\n\n\n\n\n\n    \n\n\n\n\n\n\n\n\n\n\n\n\n\n\n\n\n\n    \n\n\n\n\n\n\n\n\n\n\n\n\n\n\n\n\n\n    \n\n\n\n\n\n\n\n\n\n\n\n\n\n\n\n\n\n    \n\n\n\n\n\n\n\n\n\n\n\n\n\n\n\n\n\n    \n\n\n\n\n\n\n\n\n\n\n\n\n\n\n\n\n\n    \n\n\n\n\n\n\n\n\n\n\n\n\n\n\n\n\n\n    \n\n\n\n\n\n\n\n\n\n\n\n\n\n\n\n\n\n    \n\n\n\n\n\n\n\n\n\n\n\n\n\n\n\n\n\n    \n\n\n\n\n\n\n\n\n\n\n\n\n\n\n\n\n\n    \n\n\n\n\n\n\n\n\n\n\n\n\n\n\n\n\n\n    \n\n\n\n\n\n\n\n\n\n\n\n\n\n\n\n\n\n    \n\n\n\n\n\n\n\n\n\n\n\n\n\n\n\n\n\n    \n\n\n\n\n\n\n\n\n\n\n\n\n\n\n\n\n\n    \n\n\n\n\n\n\n\n\n\n\n\n\n\n\n\n\n\n    \n\n\n\n\n\n\n\n\n\n\n\n\n\n\n\n\n\n    \n\n\n\n\n\n\n\n\n\n\n\n\n\n\n\n\n\n    \n\n\n\n\n\n\n\n\n\n\n\n\n\n\n\n\n\n    \n\n\n\n\n\n\n\n\n\n\n\n\n\n\n\n\n\n    \n\n\n\n\n\n\n\n\n\n\n\n\n\n\n\n\n\n    \n\n\n\n\n\n\n\n\n\n\n\n\n\n\n\n\n\n    \n\n\n\n\n\n\n\n\n\n\n\n\n\n\n\n\n\n    \n\n\n\n\n\n\n\n\n\n\n\n\n\n\n\n\n\n    \n\n\n\n\n\n\n\n\n\n\n\n\n\n\n\n\n\n    \n\n\n\n\n\n\n\n\n\n\n\n\n\n\n\n\n\n    \n\n\n\n\n\n\n\n\n\n\n\n\n\n\n\n\n\n    \n\n\n\n\n\n\n\n\n\n\n\n\n\n\n\n\n\n    \n\n\n\n\n\n\n\n\n\n\n\n\n\n\n\n\n\n    \n\n\n\n\n\n\n\n\n\n\n\n\n\n\n\n\n\n    \n\n\n\n\n\n\n\n\n\n\n\n\n\n\n\n\n\n    \n\n\n\n\n\n\n\n\n\n\n\n\n\n\n\n\n\n    \n\n\n\n\n\n\n\n\n\n\n\n\n\n\n\n\n\n    \n\n\n\n\n\n\n\n\n\n\n\n\n\n\n\n\n\n    \n\n\n\n\n\n\n\n\n\n\n\n\n\n\n\n\n\n    \n\n\n\n\n\n\n\n\n\n\n\n\n\n\n\n\n\n    \n\n\n\n\n\n\n\n\n\n\n\n\n\n\n\n\n\n    \n\n\n\n\n\n\n\n\n\n\n\n\n\n\n\n\n\n    \n\n\n\n\n\n\n\n\n\n\n\n\n\n\n\n\n\n    \n\n\n\n\n\n\n\n\n\n\n\n\n\n\n\n\n\n    \n\n\n\n\n\n\n\n\n\n\n\n\n\n\n\n\n\n    \n\n\n\n\n\n\n\n\n\n\n\n\n\n\n\n\n\n    \n\n\n\n\n\n\n\n\n\n\n\n\n\n\n\n\n\n    \n\n\n\n\n\n\n\n\n\n\n\n\n\n\n\n\n\n    \n\n\n\n\n\n\n\n\n\n\n\n\n\n\n\n\n\n    \n\n\n\n\n\n\n\n\n\n\n\n\n\n\n\n\n\n    \n\n\n\n\n\n\n\n\n\n\n\n\n\n\n\n\n\n    \n\n\n\n\n\n\n\n\n\n\n\n\n\n\n\n\n\n    \n\n\n\n\n\n\n\n\n\n\n\n\n\n\n\n\n\n    \n\n\n\n\n\n\n\n\n\n\n\n\n\n\n\n\n\n    \n\n\n\n\n\n\n\n\n\n\n\n\n\n\n\n\n\n    \n\n\n\n\n\n\n\n\n\n\n\n\n\n\n\n\n\n    \n\n\n\n\n\n\n\n\n\n\n\n\n\n\n\n\n\n    \n\n\n\n\n\n\n\n\n\n\n\n\n\n\n\n\n\n    \n\n\n\n\n\n\n\n\n\n\n\n\n\n\n\n\n\n    \n\n\n\n\n\n\n\n\n\n\n\n\n\n\n\n\n\n    \n\n\n\n\n\n\n\n\n\n\n\n\n\n\n\n\n\n    \n\n\n\n\n\n\n\n\n\n\n\n\n\n\n\n\n\n    \n\n\n\n\n\n\n\n\n\n\n\n\n\n\n\n\n\n    \n\n\n\n\n\n\n\n\n\n\n\n\n\n\n\n\n\n    \n\n\n\n\n\n\n\n\n\n\n\n\n\n\n\n\n\n    \n\n\n\n\n\n\n\n\n\n\n\n\n\n\n\n\n\n    \n\n\n\n\n\n\n\n\n\n\n\n\n\n\n\n\n\n    \n\n\n\n\n\n\n\n\n\n\n\n\n\n\n\n\n\n    \n\n\n\n\n\n\n\n\n\n\n\n\n\n\n\n\n\n    \n\n\n\n\n\n\n\n\n\n\n\n\n\n\n\n\n\n    \n\n\n\n\n\n\n\n\n\n\n\n\n\n\n\n\n\n    \n\n\n\n\n\n\n\n\n\n\n\n\n\n\n\n\n\n    \n\n\n\n\n\n\n\n\n\n\n\n\n\n\n\n\n\n    \n\n\n\n\n\n\n\n\n\n\n\n\n\n\n\n\n\n    \n\n\n\n\n\n\n\n\n\n\n\n\n\n\n\n\n\n    \n\n\n\n\n\n\n\n\n\n\n\n\n\n\n\n\n\n    \n\n\n\n\n\n\n\n\n\n\n\n\n\n\n\n\n\n    \n\n\n\n\n\n\n\n\n\n\n\n\n\n\n\n\n\n    \n\n\n\n\n\n\n\n\n\n\n\n\n\n\n\n\n\n    \n\n\n\n\n\n\n\n\n\n\n\n\n\n\n\n\n\n    \n\n\n\n\n\n\n\n\n\n\n\n\n\n\n\n\n\n    \n\n\n\n\n\n\n\n\n\n\n\n\n\n\n\n\n\n    \n\n\n\n\n\n\n\n\n\n\n\n\n\n\n\n\n\n    \n\n\n\n\n\n\n\n\n\n\n\n\n\n\n\n\n\n    \n\n\n\n\n\n\n\n\n\n\n\n\n\n\n\n\n\n    \n\n\n\n\n\n\n\n\n\n\n\n\n\n\n\n\n\n    \n\n\n\n\n\n\n\n\n\n\n\n\n\n\n\n\n\n    \n\n\n\n\n\n\n\n\n\n\n\n\n\n\n\n\n\n    \n\n\n\n\n\n\n\n\n\n\n\n\n\n\n\n\n\n    \n\n\n\n\n\n\n\n\n\n\n\n\n\n\n\n\n\n    \n\n\n\n\n\n\n\n\n\n\n\n\n\n\n\n\n\n    \n\n\n\n\n\n\n\n\n\n\n\n\n\n\n\n\n\n    \n\n\n\n\n\n\n\n\n\n\n\n\n\n\n\n\n\n    \n\n\n\n\n\n\n\n\n\n\n\n\n\n\n\n\n\n    \n\n\n\n\n\n\n\n\n\n\n\n\n\n\n\n\n\n    \n\n\n\n\n\n\n\n\n\n\n\n\n\n\n\n\n\n    \n\n\n\n\n\n\n\n\n\n\n\n\n\n\n\n\n\n    \n\n\n\n\n\n\n\n\n\n\n\n\n\n\n\n\n\n    \n\n\n\n\n\n\n\n\n\n\n\n\n\n\n\n\n\n    \n\n\n\n\n\n\n\n\n\n\n\n\n\n\n\n\n\n    \n\n\n\n\n\n\n\n\n\n\n\n\n\n\n\n\n\n    \n\n\n\n\n\n\n\n\n\n\n\n\n\n\n\n\n\n    \n\n\n\n\n\n\n\n\n\n\n\n\n\n\n\n\n\n    \n\n\n\n\n\n\n\n\n\n\n\n\n\n\n\n\n\n    \n\n\n\n\n\n\n\n\n\n\n\n\n\n\n\n\n\n    \n\n\n\n\n\n\n\n\n\n\n\n\n\n\n\n\n\n    \n\n\n\n\n\n\n\n\n\n\n\n\n\n\n\n\n\n    \n\n\n\n\n\n\n\n\n\n\n\n\n\n\n\n\n\n    \n\n\n\n\n\n\n\n\n\n\n\n\n\n\n\n\n\n    \n\n\n\n\n\n\n\n\n\n\n\n\n\n\n\n\n\n    \n\n\n\n\n\n\n\n\n\n\n\n\n\n\n\n\n\n    \n\n\n\n\n\n\n\n\n\n\n\n\n\n\n\n\n\n    \n\n\n\n\n\n\n\n\n\n\n\n\n\n\n\n\n\n    \n\n\n\n\n\n\n\n\n\n\n\n\n\n\n\n\n\n    \n\n\n\n\n\n\n\n\n\n\n\n\n\n\n\n\n\n    \n\n\n\n\n\n\n\n\n\n\n\n\n\n\n\n\n\n    \n\n\n\n\n\n\n\n\n\n\n\n\n\n\n\n\n\n    \n\n\n\n\n\n\n\n\n\n\n\n\n\n\n\n\n\n    \n\n\n\n\n\n\n\n\n\n\n\n\n\n\n\n\n\n    \n\n\n\n\n\n\n\n\n\n\n\n\n\n\n\n\n\n    \n\n\n\n\n\n\n\n\n\n\n\n\n\n\n\n\n\n    \n\n\n\n\n\n\n\n\n\n\n\n\n\n\n\n\n\n    \n\n\n\n\n\n\n\n\n\n\n\n\n\n\n\n\n\n    \n\n\n\n\n\n\n\n\n\n\n\n\n\n\n\n\n\n    \n\n\n\n\n\n\n\n\n\n\n\n\n\n\n\n\n\n    \n\n\n\n\n\n\n\n\n\n\n\n\n\n\n\n\n\n    \n\n\n\n\n\n\n\n\n\n\n\n\n\n\n\n\n\n    \n\n\n\n\n\n\n\n\n\n\n\n\n\n\n\n\n\n    \n\n\n\n\n\n\n\n\n\n\n\n\n\n\n\n\n\n    \n\n\n\n\n\n\n\n\n\n\n\n\n\n\n\n\n\n    \n\n\n\n\n\n\n\n\n\n\n\n\n\n\n\n\n\n    \n\n\n\n\n\n\n\n\n\n\n\n\n\n\n\n\n\n    \n\n\n\n\n\n\n\n\n\n\n\n\n\n\n\n\n\n    \n\n\n\n\n\n\n\n\n\n\n\n\n\n\n\n\n\n    \n\n\n\n\n\n\n\n\n\n\n\n\n\n\n\n\n\n    \n\n\n\n\n\n\n\n\n\n\n\n\n\n\n\n\n\n    \n\n\n\n\n\n\n\n\n\n\n\n\n\n\n\n\n\n    \n\n\n\n\n\n\n\n\n\n\n\n\n\n\n\n\n\n    \n\n\n\n\n\n\n\n\n\n\n\n\n\n\n\n\n\n    \n\n\n\n\n\n\n\n\n\n\n\n\n\n\n\n\n\n    \n\n\n\n\n\n\n\n\n\n\n\n\n\n\n\n\n\n    \n\n\n\n\n\n\n\n\n\n\n\n\n\n\n\n\n\n    \n\n\n\n\n\n\n\n\n\n\n\n\n\n\n\n\n\n    \n\n\n\n\n\n\n\n\n\n\n\n\n\n\n\n\n\n    \n\n\n\n\n\n\n\n\n\n\n\n\n\n\n\n\n\n    \n\n\n\n\n\n\n\n\n\n\n\n\n\n\n\n\n\n    \n\n\n\n\n\n\n\n\n\n\n\n\n\n\n\n\n\n    \n\n\n\n\n\n\n\n\n\n\n\n\n\n\n\n\n\n    \n\n\n\n\n\n\n\n\n\n\n\n\n\n\n\n\n\n    \n\n\n\n\n\n\n\n\n\n\n\n\n\n\n\n\n\n    \n\n\n\n\n\n\n\n\n\n\n\n\n\n\n\n\n\n    \n\n\n\n\n\n\n\n\n\n\n\n\n\n\n\n\n\n    \n\n\n\n\n\n\n\n\n\n\n\n\n\n\n\n\n\n    \n\n\n\n\n\n\n\n\n\n\n\n\n\n\n\n\n\n    \n\n\n\n\n\n\n\n\n\n\n\n\n\n\n\n\n\n    ","refusal":null,"reasoning":null}}],"usage":{"prompt_tokens":1325,"completion_tokens":1024,"total_tokens":2349,"cost":0.0004827000000256,"is_byok":false,"prompt_tokens_details":{"cached_tokens":128,"cache_write_tokens":0,"audio_tokens":0,"video_tokens":0},"cost_details":{"upstream_inference_cost":0.0004827000000256,"upstream_inference_prompt_cost":0.0000731000000256,"upstream_inference_completions_cost":0.0004096},"completion_tokens_details":{"reasoning_tokens":0,"image_tokens":0,"audio_tokens":0}}}},"usage":{"inputTokens":1325,"inputTokenDetails":{"cacheReadTokens":128},"outputTokens":1024,"outputTokenDetails":{"reasoningTokens":0},"totalTokens":2349,"reasoningTokens":0,"cachedInputTokens":128},"finishReason":"length","message":"No object generated: could not parse the response.","stack":"AI_NoObjectGeneratedError: No object generated: could not parse the response.\n    at parseAndValidateObjectResult (/app/node_modules/.pnpm/ai@6.0.86_zod@4.1.12/node_modules/ai/dist/index.js:9484:11)\n    at process.processTicksAndRejections (node:internal/process/task_queues:103:5)\n    at async parseAndValidateObjectResultWithRepair (/app/node_modules/.pnpm/ai@6.0.86_zod@4.1.12/node_modules/ai/dist/index.js:9525:14)\n    at async fn (/app/node_modules/.pnpm/ai@6.0.86_zod@4.1.12/node_modules/ai/dist/index.js:9859:25)\n    at async /app/node_modules/.pnpm/ai@6.0.86_zod@4.1.12/node_modules/ai/dist/index.js:2340:24\n    at async generateObject (/app/node_modules/.pnpm/ai@6.0.86_zod@4.1.12/node_modules/ai/dist/index.js:9712:12)\n    at async generateCompletions (/app/dist/src/scraper/scrapeURL/transformers/llmExtract.js:718:22)\n    at async extractData (/app/dist/src/scraper/scrapeURL/lib/extractSmartScrape.js:259:60)\n    at async performLLMExtract (/app/dist/src/scraper/scrapeURL/transformers/llmExtract.js:939:78)\n    at async executeTransformers (/app/dist/src/scraper/scrapeURL/transformers/index.js:393:20)"}}
api-1  | api            2026-03-30 19:01:16 error [ScrapeURL:performLLMExtract/generateCompletions]: LLM extraction failed {"module":"ScrapeURL","scrapeId":"019d401e-6618-71ef-8600-8021b9ef8675","scrapeURL":"https://www.cian.ru/sale/flat/327389755/","zeroDataRetention":false,"teamId":"bypass","team_id":"bypass","method":"performLLMExtract/generateCompletions","error":{"name":"AI_NoObjectGeneratedError","cause":{"name":"AI_JSONParseError","cause":{"name":"SyntaxError","message":"Bad control character in string literal in JSON at position 1082 (line 37 column 231)","stack":"SyntaxError: Bad control character in string literal in JSON at position 1082 (line 37 column 231)"},"text":"{\n  \"extractedData\": {\n    \"cian_id\": \"327389755\",\n    \"price\": 20000000,\n    \"price_per_m2\": 249688,\n    \"title\": \"3-комн. квартира, 80,1 м²\",\n    \"description\": \"Продается 3-комн. квартира, 80,1 м²\",\n    \"address\": {\n      \"full\": \"Москва, Пятницкое ш., 12к1\",\n      \"district\": \"Пятницкое шоссе\",\n      \"metro_station\": \"Волоколамская\",\n      \"okrug\": \"Москва\"\n    },\n    \"area\": 80.1,\n    \"rooms\": 3,\n    \"housing_type\": \"квартира\",\n    \"floor_info\": {\n      \"current\": 21,\n      \"all\": 22\n    },\n    \"construction_year\": 0,\n    \"renovation\": \"\",\n    \"metro_walk_time\": 10,\n    \"total_views\": 1751,\n    \"unique_views\": 83,\n    \"is_active\": false,\n    \"price_history\": [\n      {\n        \"date\": \"2023-10-01\",\n        \"price\": 20000000,\n        \"change_amount\": 0,\n        \"change_type\": \"initial\"\n      }\n    ]\n  },\n  \"shouldUseSmartscrape\": false,\n  \"smartscrape_reasoning\": \"The provided text is a raw HTML snippet or a copy-paste of a Cian.ru listing page. It contains the core data points (price, area, address, views) but lacks the structured HTML tags (like <div class=\\\"\\\"\n\"\n}","message":"JSON parsing failed: Text: {\n  \"extractedData\": {\n    \"cian_id\": \"327389755\",\n    \"price\": 20000000,\n    \"price_per_m2\": 249688,\n    \"title\": \"3-комн. квартира, 80,1 м²\",\n    \"description\": \"Продается 3-комн. квартира, 80,1 м²\",\n    \"address\": {\n      \"full\": \"Москва, Пятницкое ш., 12к1\",\n      \"district\": \"Пятницкое шоссе\",\n      \"metro_station\": \"Волоколамская\",\n      \"okrug\": \"Москва\"\n    },\n    \"area\": 80.1,\n    \"rooms\": 3,\n    \"housing_type\": \"квартира\",\n    \"floor_info\": {\n      \"current\": 21,\n      \"all\": 22\n    },\n    \"construction_year\": 0,\n    \"renovation\": \"\",\n    \"metro_walk_time\": 10,\n    \"total_views\": 1751,\n    \"unique_views\": 83,\n    \"is_active\": false,\n    \"price_history\": [\n      {\n        \"date\": \"2023-10-01\",\n        \"price\": 20000000,\n        \"change_amount\": 0,\n        \"change_type\": \"initial\"\n      }\n    ]\n  },\n  \"shouldUseSmartscrape\": false,\n  \"smartscrape_reasoning\": \"The provided text is a raw HTML snippet or a copy-paste of a Cian.ru listing page. It contains the core data points (price, area, address, views) but lacks the structured HTML tags (like <div class=\\\"\\\"\n\"\n}.\nError message: Bad control character in string literal in JSON at position 1082 (line 37 column 231)","stack":"AI_JSONParseError: JSON parsing failed: Text: {\n  \"extractedData\": {\n    \"cian_id\": \"327389755\",\n    \"price\": 20000000,\n    \"price_per_m2\": 249688,\n    \"title\": \"3-комн. квартира, 80,1 м²\",\n    \"description\": \"Продается 3-комн. квартира, 80,1 м²\",\n    \"address\": {\n      \"full\": \"Москва, Пятницкое ш., 12к1\",\n      \"district\": \"Пятницкое шоссе\",\n      \"metro_station\": \"Волоколамская\",\n      \"okrug\": \"Москва\"\n    },\n    \"area\": 80.1,\n    \"rooms\": 3,\n    \"housing_type\": \"квартира\",\n    \"floor_info\": {\n      \"current\": 21,\n      \"all\": 22\n    },\n    \"construction_year\": 0,\n    \"renovation\": \"\",\n    \"metro_walk_time\": 10,\n    \"total_views\": 1751,\n    \"unique_views\": 83,\n    \"is_active\": false,\n    \"price_history\": [\n      {\n        \"date\": \"2023-10-01\",\n        \"price\": 20000000,\n        \"change_amount\": 0,\n        \"change_type\": \"initial\"\n      }\n    ]\n  },\n  \"shouldUseSmartscrape\": false,\n  \"smartscrape_reasoning\": \"The provided text is a raw HTML snippet or a copy-paste of a Cian.ru listing page. It contains the core data points (price, area, address, views) but lacks the structured HTML tags (like <div class=\\\"\\\"\n\"\n}.\nError message: Bad control character in string literal in JSON at position 1082 (line 37 column 231)\n    at safeParseJSON (/app/node_modules/.pnpm/@ai-sdk+provider-utils@4.0.15_zod@4.1.12/node_modules/@ai-sdk/provider-utils/dist/index.js:2247:74)\n    at parseAndValidateObjectResult (/app/node_modules/.pnpm/ai@6.0.86_zod@4.1.12/node_modules/ai/dist/index.js:9482:71)\n    at parseAndValidateObjectResultWithRepair (/app/node_modules/.pnpm/ai@6.0.86_zod@4.1.12/node_modules/ai/dist/index.js:9525:20)\n    at process.processTicksAndRejections (node:internal/process/task_queues:103:5)\n    at async fn (/app/node_modules/.pnpm/ai@6.0.86_zod@4.1.12/node_modules/ai/dist/index.js:9859:25)\n    at async /app/node_modules/.pnpm/ai@6.0.86_zod@4.1.12/node_modules/ai/dist/index.js:2340:24\n    at async generateObject (/app/node_modules/.pnpm/ai@6.0.86_zod@4.1.12/node_modules/ai/dist/index.js:9712:12)\n    at async generateCompletions (/app/dist/src/scraper/scrapeURL/transformers/llmExtract.js:718:22)\n    at async extractData (/app/dist/src/scraper/scrapeURL/lib/extractSmartScrape.js:259:60)\n    at async performLLMExtract (/app/dist/src/scraper/scrapeURL/transformers/llmExtract.js:939:78)"},"text":"{\n  \"extractedData\": {\n    \"cian_id\": \"327389755\",\n    \"price\": 20000000,\n    \"price_per_m2\": 249688,\n    \"title\": \"3-комн. квартира, 80,1 м²\",\n    \"description\": \"Продается 3-комн. квартира, 80,1 м²\",\n    \"address\": {\n      \"full\": \"Москва, Пятницкое ш., 12к1\",\n      \"district\": \"Пятницкое шоссе\",\n      \"metro_station\": \"Волоколамская\",\n      \"okrug\": \"Москва\"\n    },\n    \"area\": 80.1,\n    \"rooms\": 3,\n    \"housing_type\": \"квартира\",\n    \"floor_info\": {\n      \"current\": 21,\n      \"all\": 22\n    },\n    \"construction_year\": 0,\n    \"renovation\": \"\",\n    \"metro_walk_time\": 10,\n    \"total_views\": 1751,\n    \"unique_views\": 83,\n    \"is_active\": false,\n    \"price_history\": [\n      {\n        \"date\": \"2023-10-01\",\n        \"price\": 20000000,\n        \"change_amount\": 0,\n        \"change_type\": \"initial\"\n      }\n    ]\n  },\n  \"shouldUseSmartscrape\": false,\n  \"smartscrape_reasoning\": \"The provided text is a raw HTML snippet or a copy-paste of a Cian.ru listing page. It contains the core data points (price, area, address, views) but lacks the structured HTML tags (like <div class=\\\"\\\"\n\"\n}","response":{"id":"gen-1774897229-bEYV6i2EcG23HInAb2Da","timestamp":"2026-03-30T19:00:29.000Z","modelId":"z-ai/glm-4.7-flash-20260119","headers":{"access-control-allow-origin":"*","cf-ray":"9e495b870b448c4c-FRA","connection":"keep-alive","content-encoding":"gzip","content-type":"application/json","date":"Mon, 30 Mar 2026 19:00:30 GMT","permissions-policy":"payment=(self \"https://checkout.stripe.com\" \"https://connect-js.stripe.com\" \"https://js.stripe.com\" \"https://*.js.stripe.com\" \"https://hooks.stripe.com\")","referrer-policy":"no-referrer, strict-origin-when-cross-origin","server":"cloudflare","transfer-encoding":"chunked","x-content-type-options":"nosniff"},"body":{"id":"gen-1774897229-bEYV6i2EcG23HInAb2Da","object":"chat.completion","created":1774897229,"model":"z-ai/glm-4.7-flash-20260119","provider":"DeepInfra","system_fingerprint":null,"choices":[{"index":0,"logprobs":null,"finish_reason":"length","native_finish_reason":"length","message":{"role":"assistant","content":"{\n  \"extractedData\": {\n    \"cian_id\": \"327389755\",\n    \"price\": 20000000,\n    \"price_per_m2\": 249688,\n    \"title\": \"3-комн. квартира, 80,1 м²\",\n    \"description\": \"Продается 3-комн. квартира, 80,1 м²\",\n    \"address\": {\n      \"full\": \"Москва, Пятницкое ш., 12к1\",\n      \"district\": \"Пятницкое шоссе\",\n      \"metro_station\": \"Волоколамская\",\n      \"okrug\": \"Москва\"\n    },\n    \"area\": 80.1,\n    \"rooms\": 3,\n    \"housing_type\": \"квартира\",\n    \"floor_info\": {\n      \"current\": 21,\n      \"all\": 22\n    },\n    \"construction_year\": 0,\n    \"renovation\": \"\",\n    \"metro_walk_time\": 10,\n    \"total_views\": 1751,\n    \"unique_views\": 83,\n    \"is_active\": false,\n    \"price_history\": [\n      {\n        \"date\": \"2023-10-01\",\n        \"price\": 20000000,\n        \"change_amount\": 0,\n        \"change_type\": \"initial\"\n      }\n    ]\n  }\n  \n  , \"shouldUseSmartscrape\": false\n  , \"smartscrape_reasoning\": \"The provided text is a raw HTML snippet or a copy-paste of a Cian.ru listing page. It contains the core data points (price, area, address, views) but lacks the structured HTML tags (like <div class=\"    \n\n\n\n\n\n\n\n\n\n\n\n\n\n\n\n\n\n    \n\n\n\n\n\n\n\n\n\n\n\n\n\n\n\n\n\n    \n\n\n\n\n\n\n\n\n\n\n\n\n\n\n\n\n\n    \n\n\n\n\n\n\n\n\n\n\n\n\n\n\n\n\n\n    \n\n\n\n\n\n\n\n\n\n\n\n\n\n\n\n\n\n    \n\n\n\n\n\n\n\n\n\n\n\n\n\n\n\n\n\n    \n\n\n\n\n\n\n\n\n\n\n\n\n\n\n\n\n\n    \n\n\n\n\n\n\n\n\n\n\n\n\n\n\n\n\n\n    \n\n\n\n\n\n\n\n\n\n\n\n\n\n\n\n\n\n    \n\n\n\n\n\n\n\n\n\n\n\n\n\n\n\n\n\n    \n\n\n\n\n\n\n\n\n\n\n\n\n\n\n\n\n\n    \n\n\n\n\n\n\n\n\n\n\n\n\n\n\n\n\n\n    \n\n\n\n\n\n\n\n\n\n\n\n\n\n\n\n\n\n    \n\n\n\n\n\n\n\n\n\n\n\n\n\n\n\n\n\n    \n\n\n\n\n\n\n\n\n\n\n\n\n\n\n\n\n\n    \n\n\n\n\n\n\n\n\n\n\n\n\n\n\n\n\n\n    \n\n\n\n\n\n\n\n\n\n\n\n\n\n\n\n\n\n    \n\n\n\n\n\n\n\n\n\n\n\n\n\n\n\n\n\n    \n\n\n\n\n\n\n\n\n\n\n\n\n\n\n\n\n\n    \n\n\n\n\n\n\n\n\n\n\n\n\n\n\n\n\n\n    \n\n\n\n\n\n\n\n\n\n\n\n\n\n\n\n\n\n    \n\n\n\n\n\n\n\n\n\n\n\n\n\n\n\n\n\n    \n\n\n\n\n\n\n\n\n\n\n\n\n\n\n\n\n\n    \n\n\n\n\n\n\n\n\n\n\n\n\n\n\n\n\n\n    \n\n\n\n\n\n\n\n\n\n\n\n\n\n\n\n\n\n    \n\n\n\n\n\n\n\n\n\n\n\n\n\n\n\n\n\n    \n\n\n\n\n\n\n\n\n\n\n\n\n\n\n\n\n\n    \n\n\n\n\n\n\n\n\n\n\n\n\n\n\n\n\n\n    \n\n\n\n\n\n\n\n\n\n\n\n\n\n\n\n\n\n    \n\n\n\n\n\n\n\n\n\n\n\n\n\n\n\n\n\n    \n\n\n\n\n\n\n\n\n\n\n\n\n\n\n\n\n\n    \n\n\n\n\n\n\n\n\n\n\n\n\n\n\n\n\n\n    \n\n\n\n\n\n\n\n\n\n\n\n\n\n\n\n\n\n    \n\n\n\n\n\n\n\n\n\n\n\n\n\n\n\n\n\n    \n\n\n\n\n\n\n\n\n\n\n\n\n\n\n\n\n\n    \n\n\n\n\n\n\n\n\n\n\n\n\n\n\n\n\n\n    \n\n\n\n\n\n\n\n\n\n\n\n\n\n\n\n\n\n    \n\n\n\n\n\n\n\n\n\n\n\n\n\n\n\n\n\n    \n\n\n\n\n\n\n\n\n\n\n\n\n\n\n\n\n\n    \n\n\n\n\n\n\n\n\n\n\n\n\n\n\n\n\n\n    \n\n\n\n\n\n\n\n\n\n\n\n\n\n\n\n\n\n    \n\n\n\n\n\n\n\n\n\n\n\n\n\n\n\n\n\n    \n\n\n\n\n\n\n\n\n\n\n\n\n\n\n\n\n\n    \n\n\n\n\n\n\n\n\n\n\n\n\n\n\n\n\n\n    \n\n\n\n\n\n\n\n\n\n\n\n\n\n\n\n\n\n    \n\n\n\n\n\n\n\n\n\n\n\n\n\n\n\n\n\n    \n\n\n\n\n\n\n\n\n\n\n\n\n\n\n\n\n\n    \n\n\n\n\n\n\n\n\n\n\n\n\n\n\n\n\n\n    \n\n\n\n\n\n\n\n\n\n\n\n\n\n\n\n\n\n    \n\n\n\n\n\n\n\n\n\n\n\n\n\n\n\n\n\n    \n\n\n\n\n\n\n\n\n\n\n\n\n\n\n\n\n\n    \n\n\n\n\n\n\n\n\n\n\n\n\n\n\n\n\n\n    \n\n\n\n\n\n\n\n\n\n\n\n\n\n\n\n\n\n    \n\n\n\n\n\n\n\n\n\n\n\n\n\n\n\n\n\n    \n\n\n\n\n\n\n\n\n\n\n\n\n\n\n\n\n\n    \n\n\n\n\n\n\n\n\n\n\n\n\n\n\n\n\n\n    \n\n\n\n\n\n\n\n\n\n\n\n\n\n\n\n\n\n    \n\n\n\n\n\n\n\n\n\n\n\n\n\n\n\n\n\n    \n\n\n\n\n\n\n\n\n\n\n\n\n\n\n\n\n\n    \n\n\n\n\n\n\n\n\n\n\n\n\n\n\n\n\n\n    \n\n\n\n\n\n\n\n\n\n\n\n\n\n\n\n\n\n    \n\n\n\n\n\n\n\n\n\n\n\n\n\n\n\n\n\n    \n\n\n\n\n\n\n\n\n\n\n\n\n\n\n\n\n\n    \n\n\n\n\n\n\n\n\n\n\n\n\n\n\n\n\n\n    \n\n\n\n\n\n\n\n\n\n\n\n\n\n\n\n\n\n    \n\n\n\n\n\n\n\n\n\n\n\n\n\n\n\n\n\n    \n\n\n\n\n\n\n\n\n\n\n\n\n\n\n\n\n\n    \n\n\n\n\n\n\n\n\n\n\n\n\n\n\n\n\n\n    \n\n\n\n\n\n\n\n\n\n\n\n\n\n\n\n\n\n    \n\n\n\n\n\n\n\n\n\n\n\n\n\n\n\n\n\n    \n\n\n\n\n\n\n\n\n\n\n\n\n\n\n\n\n\n    \n\n\n\n\n\n\n\n\n\n\n\n\n\n\n\n\n\n    \n\n\n\n\n\n\n\n\n\n\n\n\n\n\n\n\n\n    \n\n\n\n\n\n\n\n\n\n\n\n\n\n\n\n\n\n    \n\n\n\n\n\n\n\n\n\n\n\n\n\n\n\n\n\n    \n\n\n\n\n\n\n\n\n\n\n\n\n\n\n\n\n\n    \n\n\n\n\n\n\n\n\n\n\n\n\n\n\n\n\n\n    \n\n\n\n\n\n\n\n\n\n\n\n\n\n\n\n\n\n    \n\n\n\n\n\n\n\n\n\n\n\n\n\n\n\n\n\n    \n\n\n\n\n\n\n\n\n\n\n\n\n\n\n\n\n\n    \n\n\n\n\n\n\n\n\n\n\n\n\n\n\n\n\n\n    \n\n\n\n\n\n\n\n\n\n\n\n\n\n\n\n\n\n    \n\n\n\n\n\n\n\n\n\n\n\n\n\n\n\n\n\n    \n\n\n\n\n\n\n\n\n\n\n\n\n\n\n\n\n\n    \n\n\n\n\n\n\n\n\n\n\n\n\n\n\n\n\n\n    \n\n\n\n\n\n\n\n\n\n\n\n\n\n\n\n\n\n    \n\n\n\n\n\n\n\n\n\n\n\n\n\n\n\n\n\n    \n\n\n\n\n\n\n\n\n\n\n\n\n\n\n\n\n\n    \n\n\n\n\n\n\n\n\n\n\n\n\n\n\n\n\n\n    \n\n\n\n\n\n\n\n\n\n\n\n\n\n\n\n\n\n    \n\n\n\n\n\n\n\n\n\n\n\n\n\n\n\n\n\n    \n\n\n\n\n\n\n\n\n\n\n\n\n\n\n\n\n\n    \n\n\n\n\n\n\n\n\n\n\n\n\n\n\n\n\n\n    \n\n\n\n\n\n\n\n\n\n\n\n\n\n\n\n\n\n    \n\n\n\n\n\n\n\n\n\n\n\n\n\n\n\n\n\n    \n\n\n\n\n\n\n\n\n\n\n\n\n\n\n\n\n\n    \n\n\n\n\n\n\n\n\n\n\n\n\n\n\n\n\n\n    \n\n\n\n\n\n\n\n\n\n\n\n\n\n\n\n\n\n    \n\n\n\n\n\n\n\n\n\n\n\n\n\n\n\n\n\n    \n\n\n\n\n\n\n\n\n\n\n\n\n\n\n\n\n\n    \n\n\n\n\n\n\n\n\n\n\n\n\n\n\n\n\n\n    \n\n\n\n\n\n\n\n\n\n\n\n\n\n\n\n\n\n    \n\n\n\n\n\n\n\n\n\n\n\n\n\n\n\n\n\n    \n\n\n\n\n\n\n\n\n\n\n\n\n\n\n\n\n\n    \n\n\n\n\n\n\n\n\n\n\n\n\n\n\n\n\n\n    \n\n\n\n\n\n\n\n\n\n\n\n\n\n\n\n\n\n    \n\n\n\n\n\n\n\n\n\n\n\n\n\n\n\n\n\n    \n\n\n\n\n\n\n\n\n\n\n\n\n\n\n\n\n\n    \n\n\n\n\n\n\n\n\n\n\n\n\n\n\n\n\n\n    \n\n\n\n\n\n\n\n\n\n\n\n\n\n\n\n\n\n    \n\n\n\n\n\n\n\n\n\n\n\n\n\n\n\n\n\n    \n\n\n\n\n\n\n\n\n\n\n\n\n\n\n\n\n\n    \n\n\n\n\n\n\n\n\n\n\n\n\n\n\n\n\n\n    \n\n\n\n\n\n\n\n\n\n\n\n\n\n\n\n\n\n    \n\n\n\n\n\n\n\n\n\n\n\n\n\n\n\n\n\n    \n\n\n\n\n\n\n\n\n\n\n\n\n\n\n\n\n\n    \n\n\n\n\n\n\n\n\n\n\n\n\n\n\n\n\n\n    \n\n\n\n\n\n\n\n\n\n\n\n\n\n\n\n\n\n    \n\n\n\n\n\n\n\n\n\n\n\n\n\n\n\n\n\n    \n\n\n\n\n\n\n\n\n\n\n\n\n\n\n\n\n\n    \n\n\n\n\n\n\n\n\n\n\n\n\n\n\n\n\n\n    \n\n\n\n\n\n\n\n\n\n\n\n\n\n\n\n\n\n    \n\n\n\n\n\n\n\n\n\n\n\n\n\n\n\n\n\n    \n\n\n\n\n\n\n\n\n\n\n\n\n\n\n\n\n\n    \n\n\n\n\n\n\n\n\n\n\n\n\n\n\n\n\n\n    \n\n\n\n\n\n\n\n\n\n\n\n\n\n\n\n\n\n    \n\n\n\n\n\n\n\n\n\n\n\n\n\n\n\n\n\n    \n\n\n\n\n\n\n\n\n\n\n\n\n\n\n\n\n\n    \n\n\n\n\n\n\n\n\n\n\n\n\n\n\n\n\n\n    \n\n\n\n\n\n\n\n\n\n\n\n\n\n\n\n\n\n    \n\n\n\n\n\n\n\n\n\n\n\n\n\n\n\n\n\n    \n\n\n\n\n\n\n\n\n\n\n\n\n\n\n\n\n\n    \n\n\n\n\n\n\n\n\n\n\n\n\n\n\n\n\n\n    \n\n\n\n\n\n\n\n\n\n\n\n\n\n\n\n\n\n    \n\n\n\n\n\n\n\n\n\n\n\n\n\n\n\n\n\n    \n\n\n\n\n\n\n\n\n\n\n\n\n\n\n\n\n\n    \n\n\n\n\n\n\n\n\n\n\n\n\n\n\n\n\n\n    \n\n\n\n\n\n\n\n\n\n\n\n\n\n\n\n\n\n    \n\n\n\n\n\n\n\n\n\n\n\n\n\n\n\n\n\n    \n\n\n\n\n\n\n\n\n\n\n\n\n\n\n\n\n\n    \n\n\n\n\n\n\n\n\n\n\n\n\n\n\n\n\n\n    \n\n\n\n\n\n\n\n\n\n\n\n\n\n\n\n\n\n    \n\n\n\n\n\n\n\n\n\n\n\n\n\n\n\n\n\n    \n\n\n\n\n\n\n\n\n\n\n\n\n\n\n\n\n\n    \n\n\n\n\n\n\n\n\n\n\n\n\n\n\n\n\n\n    \n\n\n\n\n\n\n\n\n\n\n\n\n\n\n\n\n\n    \n\n\n\n\n\n\n\n\n\n\n\n\n\n\n\n\n\n    \n\n\n\n\n\n\n\n\n\n\n\n\n\n\n\n\n\n    \n\n\n\n\n\n\n\n\n\n\n\n\n\n\n\n\n\n    \n\n\n\n\n\n\n\n\n\n\n\n\n\n\n\n\n\n    \n\n\n\n\n\n\n\n\n\n\n\n\n\n\n\n\n\n    \n\n\n\n\n\n\n\n\n\n\n\n\n\n\n\n\n\n    \n\n\n\n\n\n\n\n\n\n\n\n\n\n\n\n\n\n    \n\n\n\n\n\n\n\n\n\n\n\n\n\n\n\n\n\n    \n\n\n\n\n\n\n\n\n\n\n\n\n\n\n\n\n\n    \n\n\n\n\n\n\n\n\n\n\n\n\n\n\n\n\n\n    \n\n\n\n\n\n\n\n\n\n\n\n\n\n\n\n\n\n    \n\n\n\n\n\n\n\n\n\n\n\n\n\n\n\n\n\n    \n\n\n\n\n\n\n\n\n\n\n\n\n\n\n\n\n\n    \n\n\n\n\n\n\n\n\n\n\n\n\n\n\n\n\n\n    \n\n\n\n\n\n\n\n\n\n\n\n\n\n\n\n\n\n    \n\n\n\n\n\n\n\n\n\n\n\n\n\n\n\n\n\n    \n\n\n\n\n\n\n\n\n\n\n\n\n\n\n\n\n\n    ","refusal":null,"reasoning":null}}],"usage":{"prompt_tokens":1325,"completion_tokens":1024,"total_tokens":2349,"cost":0.0004827000000256,"is_byok":false,"prompt_tokens_details":{"cached_tokens":128,"cache_write_tokens":0,"audio_tokens":0,"video_tokens":0},"cost_details":{"upstream_inference_cost":0.0004827000000256,"upstream_inference_prompt_cost":0.0000731000000256,"upstream_inference_completions_cost":0.0004096},"completion_tokens_details":{"reasoning_tokens":0,"image_tokens":0,"audio_tokens":0}}}},"usage":{"inputTokens":1325,"inputTokenDetails":{"cacheReadTokens":128},"outputTokens":1024,"outputTokenDetails":{"reasoningTokens":0},"totalTokens":2349,"reasoningTokens":0,"cachedInputTokens":128},"finishReason":"length","message":"No object generated: could not parse the response.","stack":"AI_NoObjectGeneratedError: No object generated: could not parse the response.\n    at parseAndValidateObjectResult (/app/node_modules/.pnpm/ai@6.0.86_zod@4.1.12/node_modules/ai/dist/index.js:9484:11)\n    at process.processTicksAndRejections (node:internal/process/task_queues:103:5)\n    at async parseAndValidateObjectResultWithRepair (/app/node_modules/.pnpm/ai@6.0.86_zod@4.1.12/node_modules/ai/dist/index.js:9525:14)\n    at async fn (/app/node_modules/.pnpm/ai@6.0.86_zod@4.1.12/node_modules/ai/dist/index.js:9859:25)\n    at async /app/node_modules/.pnpm/ai@6.0.86_zod@4.1.12/node_modules/ai/dist/index.js:2340:24\n    at async generateObject (/app/node_modules/.pnpm/ai@6.0.86_zod@4.1.12/node_modules/ai/dist/index.js:9712:12)\n    at async generateCompletions (/app/dist/src/scraper/scrapeURL/transformers/llmExtract.js:718:22)\n    at async extractData (/app/dist/src/scraper/scrapeURL/lib/extractSmartScrape.js:259:60)\n    at async performLLMExtract (/app/dist/src/scraper/scrapeURL/transformers/llmExtract.js:939:78)\n    at async executeTransformers (/app/dist/src/scraper/scrapeURL/transformers/index.js:393:20)"},"model":"z-ai/glm-4.7-flash","mode":"object"}
api-1  | api            2026-03-30 19:01:16 error [ScrapeURL:performLLMExtract/generateCompletions]: failed during extractSmartScrape.ts:generateCompletions {"module":"ScrapeURL","scrapeId":"019d401e-6618-71ef-8600-8021b9ef8675","scrapeURL":"https://www.cian.ru/sale/flat/327389755/","zeroDataRetention":false,"teamId":"bypass","team_id":"bypass","method":"performLLMExtract/generateCompletions","error":{"name":"AI_NoObjectGeneratedError","cause":{"name":"AI_JSONParseError","cause":{"name":"SyntaxError","message":"Bad control character in string literal in JSON at position 1082 (line 37 column 231)","stack":"SyntaxError: Bad control character in string literal in JSON at position 1082 (line 37 column 231)"},"text":"{\n  \"extractedData\": {\n    \"cian_id\": \"327389755\",\n    \"price\": 20000000,\n    \"price_per_m2\": 249688,\n    \"title\": \"3-комн. квартира, 80,1 м²\",\n    \"description\": \"Продается 3-комн. квартира, 80,1 м²\",\n    \"address\": {\n      \"full\": \"Москва, Пятницкое ш., 12к1\",\n      \"district\": \"Пятницкое шоссе\",\n      \"metro_station\": \"Волоколамская\",\n      \"okrug\": \"Москва\"\n    },\n    \"area\": 80.1,\n    \"rooms\": 3,\n    \"housing_type\": \"квартира\",\n    \"floor_info\": {\n      \"current\": 21,\n      \"all\": 22\n    },\n    \"construction_year\": 0,\n    \"renovation\": \"\",\n    \"metro_walk_time\": 10,\n    \"total_views\": 1751,\n    \"unique_views\": 83,\n    \"is_active\": false,\n    \"price_history\": [\n      {\n        \"date\": \"2023-10-01\",\n        \"price\": 20000000,\n        \"change_amount\": 0,\n        \"change_type\": \"initial\"\n      }\n    ]\n  },\n  \"shouldUseSmartscrape\": false,\n  \"smartscrape_reasoning\": \"The provided text is a raw HTML snippet or a copy-paste of a Cian.ru listing page. It contains the core data points (price, area, address, views) but lacks the structured HTML tags (like <div class=\\\"\\\"\n\"\n}","message":"JSON parsing failed: Text: {\n  \"extractedData\": {\n    \"cian_id\": \"327389755\",\n    \"price\": 20000000,\n    \"price_per_m2\": 249688,\n    \"title\": \"3-комн. квартира, 80,1 м²\",\n    \"description\": \"Продается 3-комн. квартира, 80,1 м²\",\n    \"address\": {\n      \"full\": \"Москва, Пятницкое ш., 12к1\",\n      \"district\": \"Пятницкое шоссе\",\n      \"metro_station\": \"Волоколамская\",\n      \"okrug\": \"Москва\"\n    },\n    \"area\": 80.1,\n    \"rooms\": 3,\n    \"housing_type\": \"квартира\",\n    \"floor_info\": {\n      \"current\": 21,\n      \"all\": 22\n    },\n    \"construction_year\": 0,\n    \"renovation\": \"\",\n    \"metro_walk_time\": 10,\n    \"total_views\": 1751,\n    \"unique_views\": 83,\n    \"is_active\": false,\n    \"price_history\": [\n      {\n        \"date\": \"2023-10-01\",\n        \"price\": 20000000,\n        \"change_amount\": 0,\n        \"change_type\": \"initial\"\n      }\n    ]\n  },\n  \"shouldUseSmartscrape\": false,\n  \"smartscrape_reasoning\": \"The provided text is a raw HTML snippet or a copy-paste of a Cian.ru listing page. It contains the core data points (price, area, address, views) but lacks the structured HTML tags (like <div class=\\\"\\\"\n\"\n}.\nError message: Bad control character in string literal in JSON at position 1082 (line 37 column 231)","stack":"AI_JSONParseError: JSON parsing failed: Text: {\n  \"extractedData\": {\n    \"cian_id\": \"327389755\",\n    \"price\": 20000000,\n    \"price_per_m2\": 249688,\n    \"title\": \"3-комн. квартира, 80,1 м²\",\n    \"description\": \"Продается 3-комн. квартира, 80,1 м²\",\n    \"address\": {\n      \"full\": \"Москва, Пятницкое ш., 12к1\",\n      \"district\": \"Пятницкое шоссе\",\n      \"metro_station\": \"Волоколамская\",\n      \"okrug\": \"Москва\"\n    },\n    \"area\": 80.1,\n    \"rooms\": 3,\n    \"housing_type\": \"квартира\",\n    \"floor_info\": {\n      \"current\": 21,\n      \"all\": 22\n    },\n    \"construction_year\": 0,\n    \"renovation\": \"\",\n    \"metro_walk_time\": 10,\n    \"total_views\": 1751,\n    \"unique_views\": 83,\n    \"is_active\": false,\n    \"price_history\": [\n      {\n        \"date\": \"2023-10-01\",\n        \"price\": 20000000,\n        \"change_amount\": 0,\n        \"change_type\": \"initial\"\n      }\n    ]\n  },\n  \"shouldUseSmartscrape\": false,\n  \"smartscrape_reasoning\": \"The provided text is a raw HTML snippet or a copy-paste of a Cian.ru listing page. It contains the core data points (price, area, address, views) but lacks the structured HTML tags (like <div class=\\\"\\\"\n\"\n}.\nError message: Bad control character in string literal in JSON at position 1082 (line 37 column 231)\n    at safeParseJSON (/app/node_modules/.pnpm/@ai-sdk+provider-utils@4.0.15_zod@4.1.12/node_modules/@ai-sdk/provider-utils/dist/index.js:2247:74)\n    at parseAndValidateObjectResult (/app/node_modules/.pnpm/ai@6.0.86_zod@4.1.12/node_modules/ai/dist/index.js:9482:71)\n    at parseAndValidateObjectResultWithRepair (/app/node_modules/.pnpm/ai@6.0.86_zod@4.1.12/node_modules/ai/dist/index.js:9525:20)\n    at process.processTicksAndRejections (node:internal/process/task_queues:103:5)\n    at async fn (/app/node_modules/.pnpm/ai@6.0.86_zod@4.1.12/node_modules/ai/dist/index.js:9859:25)\n    at async /app/node_modules/.pnpm/ai@6.0.86_zod@4.1.12/node_modules/ai/dist/index.js:2340:24\n    at async generateObject (/app/node_modules/.pnpm/ai@6.0.86_zod@4.1.12/node_modules/ai/dist/index.js:9712:12)\n    at async generateCompletions (/app/dist/src/scraper/scrapeURL/transformers/llmExtract.js:718:22)\n    at async extractData (/app/dist/src/scraper/scrapeURL/lib/extractSmartScrape.js:259:60)\n    at async performLLMExtract (/app/dist/src/scraper/scrapeURL/transformers/llmExtract.js:939:78)"},"text":"{\n  \"extractedData\": {\n    \"cian_id\": \"327389755\",\n    \"price\": 20000000,\n    \"price_per_m2\": 249688,\n    \"title\": \"3-комн. квартира, 80,1 м²\",\n    \"description\": \"Продается 3-комн. квартира, 80,1 м²\",\n    \"address\": {\n      \"full\": \"Москва, Пятницкое ш., 12к1\",\n      \"district\": \"Пятницкое шоссе\",\n      \"metro_station\": \"Волоколамская\",\n      \"okrug\": \"Москва\"\n    },\n    \"area\": 80.1,\n    \"rooms\": 3,\n    \"housing_type\": \"квартира\",\n    \"floor_info\": {\n      \"current\": 21,\n      \"all\": 22\n    },\n    \"construction_year\": 0,\n    \"renovation\": \"\",\n    \"metro_walk_time\": 10,\n    \"total_views\": 1751,\n    \"unique_views\": 83,\n    \"is_active\": false,\n    \"price_history\": [\n      {\n        \"date\": \"2023-10-01\",\n        \"price\": 20000000,\n        \"change_amount\": 0,\n        \"change_type\": \"initial\"\n      }\n    ]\n  },\n  \"shouldUseSmartscrape\": false,\n  \"smartscrape_reasoning\": \"The provided text is a raw HTML snippet or a copy-paste of a Cian.ru listing page. It contains the core data points (price, area, address, views) but lacks the structured HTML tags (like <div class=\\\"\\\"\n\"\n}","response":{"id":"gen-1774897229-bEYV6i2EcG23HInAb2Da","timestamp":"2026-03-30T19:00:29.000Z","modelId":"z-ai/glm-4.7-flash-20260119","headers":{"access-control-allow-origin":"*","cf-ray":"9e495b870b448c4c-FRA","connection":"keep-alive","content-encoding":"gzip","content-type":"application/json","date":"Mon, 30 Mar 2026 19:00:30 GMT","permissions-policy":"payment=(self \"https://checkout.stripe.com\" \"https://connect-js.stripe.com\" \"https://js.stripe.com\" \"https://*.js.stripe.com\" \"https://hooks.stripe.com\")","referrer-policy":"no-referrer, strict-origin-when-cross-origin","server":"cloudflare","transfer-encoding":"chunked","x-content-type-options":"nosniff"},"body":{"id":"gen-1774897229-bEYV6i2EcG23HInAb2Da","object":"chat.completion","created":1774897229,"model":"z-ai/glm-4.7-flash-20260119","provider":"DeepInfra","system_fingerprint":null,"choices":[{"index":0,"logprobs":null,"finish_reason":"length","native_finish_reason":"length","message":{"role":"assistant","content":"{\n  \"extractedData\": {\n    \"cian_id\": \"327389755\",\n    \"price\": 20000000,\n    \"price_per_m2\": 249688,\n    \"title\": \"3-комн. квартира, 80,1 м²\",\n    \"description\": \"Продается 3-комн. квартира, 80,1 м²\",\n    \"address\": {\n      \"full\": \"Москва, Пятницкое ш., 12к1\",\n      \"district\": \"Пятницкое шоссе\",\n      \"metro_station\": \"Волоколамская\",\n      \"okrug\": \"Москва\"\n    },\n    \"area\": 80.1,\n    \"rooms\": 3,\n    \"housing_type\": \"квартира\",\n    \"floor_info\": {\n      \"current\": 21,\n      \"all\": 22\n    },\n    \"construction_year\": 0,\n    \"renovation\": \"\",\n    \"metro_walk_time\": 10,\n    \"total_views\": 1751,\n    \"unique_views\": 83,\n    \"is_active\": false,\n    \"price_history\": [\n      {\n        \"date\": \"2023-10-01\",\n        \"price\": 20000000,\n        \"change_amount\": 0,\n        \"change_type\": \"initial\"\n      }\n    ]\n  }\n  \n  , \"shouldUseSmartscrape\": false\n  , \"smartscrape_reasoning\": \"The provided text is a raw HTML snippet or a copy-paste of a Cian.ru listing page. It contains the core data points (price, area, address, views) but lacks the structured HTML tags (like <div class=\"    \n\n\n\n\n\n\n\n\n\n\n\n\n\n\n\n\n\n    \n\n\n\n\n\n\n\n\n\n\n\n\n\n\n\n\n\n    \n\n\n\n\n\n\n\n\n\n\n\n\n\n\n\n\n\n    \n\n\n\n\n\n\n\n\n\n\n\n\n\n\n\n\n\n    \n\n\n\n\n\n\n\n\n\n\n\n\n\n\n\n\n\n    \n\n\n\n\n\n\n\n\n\n\n\n\n\n\n\n\n\n    \n\n\n\n\n\n\n\n\n\n\n\n\n\n\n\n\n\n    \n\n\n\n\n\n\n\n\n\n\n\n\n\n\n\n\n\n    \n\n\n\n\n\n\n\n\n\n\n\n\n\n\n\n\n\n    \n\n\n\n\n\n\n\n\n\n\n\n\n\n\n\n\n\n    \n\n\n\n\n\n\n\n\n\n\n\n\n\n\n\n\n\n    \n\n\n\n\n\n\n\n\n\n\n\n\n\n\n\n\n\n    \n\n\n\n\n\n\n\n\n\n\n\n\n\n\n\n\n\n    \n\n\n\n\n\n\n\n\n\n\n\n\n\n\n\n\n\n    \n\n\n\n\n\n\n\n\n\n\n\n\n\n\n\n\n\n    \n\n\n\n\n\n\n\n\n\n\n\n\n\n\n\n\n\n    \n\n\n\n\n\n\n\n\n\n\n\n\n\n\n\n\n\n    \n\n\n\n\n\n\n\n\n\n\n\n\n\n\n\n\n\n    \n\n\n\n\n\n\n\n\n\n\n\n\n\n\n\n\n\n    \n\n\n\n\n\n\n\n\n\n\n\n\n\n\n\n\n\n    \n\n\n\n\n\n\n\n\n\n\n\n\n\n\n\n\n\n    \n\n\n\n\n\n\n\n\n\n\n\n\n\n\n\n\n\n    \n\n\n\n\n\n\n\n\n\n\n\n\n\n\n\n\n\n    \n\n\n\n\n\n\n\n\n\n\n\n\n\n\n\n\n\n    \n\n\n\n\n\n\n\n\n\n\n\n\n\n\n\n\n\n    \n\n\n\n\n\n\n\n\n\n\n\n\n\n\n\n\n\n    \n\n\n\n\n\n\n\n\n\n\n\n\n\n\n\n\n\n    \n\n\n\n\n\n\n\n\n\n\n\n\n\n\n\n\n\n    \n\n\n\n\n\n\n\n\n\n\n\n\n\n\n\n\n\n    \n\n\n\n\n\n\n\n\n\n\n\n\n\n\n\n\n\n    \n\n\n\n\n\n\n\n\n\n\n\n\n\n\n\n\n\n    \n\n\n\n\n\n\n\n\n\n\n\n\n\n\n\n\n\n    \n\n\n\n\n\n\n\n\n\n\n\n\n\n\n\n\n\n    \n\n\n\n\n\n\n\n\n\n\n\n\n\n\n\n\n\n    \n\n\n\n\n\n\n\n\n\n\n\n\n\n\n\n\n\n    \n\n\n\n\n\n\n\n\n\n\n\n\n\n\n\n\n\n    \n\n\n\n\n\n\n\n\n\n\n\n\n\n\n\n\n\n    \n\n\n\n\n\n\n\n\n\n\n\n\n\n\n\n\n\n    \n\n\n\n\n\n\n\n\n\n\n\n\n\n\n\n\n\n    \n\n\n\n\n\n\n\n\n\n\n\n\n\n\n\n\n\n    \n\n\n\n\n\n\n\n\n\n\n\n\n\n\n\n\n\n    \n\n\n\n\n\n\n\n\n\n\n\n\n\n\n\n\n\n    \n\n\n\n\n\n\n\n\n\n\n\n\n\n\n\n\n\n    \n\n\n\n\n\n\n\n\n\n\n\n\n\n\n\n\n\n    \n\n\n\n\n\n\n\n\n\n\n\n\n\n\n\n\n\n    \n\n\n\n\n\n\n\n\n\n\n\n\n\n\n\n\n\n    \n\n\n\n\n\n\n\n\n\n\n\n\n\n\n\n\n\n    \n\n\n\n\n\n\n\n\n\n\n\n\n\n\n\n\n\n    \n\n\n\n\n\n\n\n\n\n\n\n\n\n\n\n\n\n    \n\n\n\n\n\n\n\n\n\n\n\n\n\n\n\n\n\n    \n\n\n\n\n\n\n\n\n\n\n\n\n\n\n\n\n\n    \n\n\n\n\n\n\n\n\n\n\n\n\n\n\n\n\n\n    \n\n\n\n\n\n\n\n\n\n\n\n\n\n\n\n\n\n    \n\n\n\n\n\n\n\n\n\n\n\n\n\n\n\n\n\n    \n\n\n\n\n\n\n\n\n\n\n\n\n\n\n\n\n\n    \n\n\n\n\n\n\n\n\n\n\n\n\n\n\n\n\n\n    \n\n\n\n\n\n\n\n\n\n\n\n\n\n\n\n\n\n    \n\n\n\n\n\n\n\n\n\n\n\n\n\n\n\n\n\n    \n\n\n\n\n\n\n\n\n\n\n\n\n\n\n\n\n\n    \n\n\n\n\n\n\n\n\n\n\n\n\n\n\n\n\n\n    \n\n\n\n\n\n\n\n\n\n\n\n\n\n\n\n\n\n    \n\n\n\n\n\n\n\n\n\n\n\n\n\n\n\n\n\n    \n\n\n\n\n\n\n\n\n\n\n\n\n\n\n\n\n\n    \n\n\n\n\n\n\n\n\n\n\n\n\n\n\n\n\n\n    \n\n\n\n\n\n\n\n\n\n\n\n\n\n\n\n\n\n    \n\n\n\n\n\n\n\n\n\n\n\n\n\n\n\n\n\n    \n\n\n\n\n\n\n\n\n\n\n\n\n\n\n\n\n\n    \n\n\n\n\n\n\n\n\n\n\n\n\n\n\n\n\n\n    \n\n\n\n\n\n\n\n\n\n\n\n\n\n\n\n\n\n    \n\n\n\n\n\n\n\n\n\n\n\n\n\n\n\n\n\n    \n\n\n\n\n\n\n\n\n\n\n\n\n\n\n\n\n\n    \n\n\n\n\n\n\n\n\n\n\n\n\n\n\n\n\n\n    \n\n\n\n\n\n\n\n\n\n\n\n\n\n\n\n\n\n    \n\n\n\n\n\n\n\n\n\n\n\n\n\n\n\n\n\n    \n\n\n\n\n\n\n\n\n\n\n\n\n\n\n\n\n\n    \n\n\n\n\n\n\n\n\n\n\n\n\n\n\n\n\n\n    \n\n\n\n\n\n\n\n\n\n\n\n\n\n\n\n\n\n    \n\n\n\n\n\n\n\n\n\n\n\n\n\n\n\n\n\n    \n\n\n\n\n\n\n\n\n\n\n\n\n\n\n\n\n\n    \n\n\n\n\n\n\n\n\n\n\n\n\n\n\n\n\n\n    \n\n\n\n\n\n\n\n\n\n\n\n\n\n\n\n\n\n    \n\n\n\n\n\n\n\n\n\n\n\n\n\n\n\n\n\n    \n\n\n\n\n\n\n\n\n\n\n\n\n\n\n\n\n\n    \n\n\n\n\n\n\n\n\n\n\n\n\n\n\n\n\n\n    \n\n\n\n\n\n\n\n\n\n\n\n\n\n\n\n\n\n    \n\n\n\n\n\n\n\n\n\n\n\n\n\n\n\n\n\n    \n\n\n\n\n\n\n\n\n\n\n\n\n\n\n\n\n\n    \n\n\n\n\n\n\n\n\n\n\n\n\n\n\n\n\n\n    \n\n\n\n\n\n\n\n\n\n\n\n\n\n\n\n\n\n    \n\n\n\n\n\n\n\n\n\n\n\n\n\n\n\n\n\n    \n\n\n\n\n\n\n\n\n\n\n\n\n\n\n\n\n\n    \n\n\n\n\n\n\n\n\n\n\n\n\n\n\n\n\n\n    \n\n\n\n\n\n\n\n\n\n\n\n\n\n\n\n\n\n    \n\n\n\n\n\n\n\n\n\n\n\n\n\n\n\n\n\n    \n\n\n\n\n\n\n\n\n\n\n\n\n\n\n\n\n\n    \n\n\n\n\n\n\n\n\n\n\n\n\n\n\n\n\n\n    \n\n\n\n\n\n\n\n\n\n\n\n\n\n\n\n\n\n    \n\n\n\n\n\n\n\n\n\n\n\n\n\n\n\n\n\n    \n\n\n\n\n\n\n\n\n\n\n\n\n\n\n\n\n\n    \n\n\n\n\n\n\n\n\n\n\n\n\n\n\n\n\n\n    \n\n\n\n\n\n\n\n\n\n\n\n\n\n\n\n\n\n    \n\n\n\n\n\n\n\n\n\n\n\n\n\n\n\n\n\n    \n\n\n\n\n\n\n\n\n\n\n\n\n\n\n\n\n\n    \n\n\n\n\n\n\n\n\n\n\n\n\n\n\n\n\n\n    \n\n\n\n\n\n\n\n\n\n\n\n\n\n\n\n\n\n    \n\n\n\n\n\n\n\n\n\n\n\n\n\n\n\n\n\n    \n\n\n\n\n\n\n\n\n\n\n\n\n\n\n\n\n\n    \n\n\n\n\n\n\n\n\n\n\n\n\n\n\n\n\n\n    \n\n\n\n\n\n\n\n\n\n\n\n\n\n\n\n\n\n    \n\n\n\n\n\n\n\n\n\n\n\n\n\n\n\n\n\n    \n\n\n\n\n\n\n\n\n\n\n\n\n\n\n\n\n\n    \n\n\n\n\n\n\n\n\n\n\n\n\n\n\n\n\n\n    \n\n\n\n\n\n\n\n\n\n\n\n\n\n\n\n\n\n    \n\n\n\n\n\n\n\n\n\n\n\n\n\n\n\n\n\n    \n\n\n\n\n\n\n\n\n\n\n\n\n\n\n\n\n\n    \n\n\n\n\n\n\n\n\n\n\n\n\n\n\n\n\n\n    \n\n\n\n\n\n\n\n\n\n\n\n\n\n\n\n\n\n    \n\n\n\n\n\n\n\n\n\n\n\n\n\n\n\n\n\n    \n\n\n\n\n\n\n\n\n\n\n\n\n\n\n\n\n\n    \n\n\n\n\n\n\n\n\n\n\n\n\n\n\n\n\n\n    \n\n\n\n\n\n\n\n\n\n\n\n\n\n\n\n\n\n    \n\n\n\n\n\n\n\n\n\n\n\n\n\n\n\n\n\n    \n\n\n\n\n\n\n\n\n\n\n\n\n\n\n\n\n\n    \n\n\n\n\n\n\n\n\n\n\n\n\n\n\n\n\n\n    \n\n\n\n\n\n\n\n\n\n\n\n\n\n\n\n\n\n    \n\n\n\n\n\n\n\n\n\n\n\n\n\n\n\n\n\n    \n\n\n\n\n\n\n\n\n\n\n\n\n\n\n\n\n\n    \n\n\n\n\n\n\n\n\n\n\n\n\n\n\n\n\n\n    \n\n\n\n\n\n\n\n\n\n\n\n\n\n\n\n\n\n    \n\n\n\n\n\n\n\n\n\n\n\n\n\n\n\n\n\n    \n\n\n\n\n\n\n\n\n\n\n\n\n\n\n\n\n\n    \n\n\n\n\n\n\n\n\n\n\n\n\n\n\n\n\n\n    \n\n\n\n\n\n\n\n\n\n\n\n\n\n\n\n\n\n    \n\n\n\n\n\n\n\n\n\n\n\n\n\n\n\n\n\n    \n\n\n\n\n\n\n\n\n\n\n\n\n\n\n\n\n\n    \n\n\n\n\n\n\n\n\n\n\n\n\n\n\n\n\n\n    \n\n\n\n\n\n\n\n\n\n\n\n\n\n\n\n\n\n    \n\n\n\n\n\n\n\n\n\n\n\n\n\n\n\n\n\n    \n\n\n\n\n\n\n\n\n\n\n\n\n\n\n\n\n\n    \n\n\n\n\n\n\n\n\n\n\n\n\n\n\n\n\n\n    \n\n\n\n\n\n\n\n\n\n\n\n\n\n\n\n\n\n    \n\n\n\n\n\n\n\n\n\n\n\n\n\n\n\n\n\n    \n\n\n\n\n\n\n\n\n\n\n\n\n\n\n\n\n\n    \n\n\n\n\n\n\n\n\n\n\n\n\n\n\n\n\n\n    \n\n\n\n\n\n\n\n\n\n\n\n\n\n\n\n\n\n    \n\n\n\n\n\n\n\n\n\n\n\n\n\n\n\n\n\n    \n\n\n\n\n\n\n\n\n\n\n\n\n\n\n\n\n\n    \n\n\n\n\n\n\n\n\n\n\n\n\n\n\n\n\n\n    \n\n\n\n\n\n\n\n\n\n\n\n\n\n\n\n\n\n    \n\n\n\n\n\n\n\n\n\n\n\n\n\n\n\n\n\n    \n\n\n\n\n\n\n\n\n\n\n\n\n\n\n\n\n\n    \n\n\n\n\n\n\n\n\n\n\n\n\n\n\n\n\n\n    \n\n\n\n\n\n\n\n\n\n\n\n\n\n\n\n\n\n    \n\n\n\n\n\n\n\n\n\n\n\n\n\n\n\n\n\n    \n\n\n\n\n\n\n\n\n\n\n\n\n\n\n\n\n\n    \n\n\n\n\n\n\n\n\n\n\n\n\n\n\n\n\n\n    \n\n\n\n\n\n\n\n\n\n\n\n\n\n\n\n\n\n    \n\n\n\n\n\n\n\n\n\n\n\n\n\n\n\n\n\n    \n\n\n\n\n\n\n\n\n\n\n\n\n\n\n\n\n\n    \n\n\n\n\n\n\n\n\n\n\n\n\n\n\n\n\n\n    \n\n\n\n\n\n\n\n\n\n\n\n\n\n\n\n\n\n    \n\n\n\n\n\n\n\n\n\n\n\n\n\n\n\n\n\n    \n\n\n\n\n\n\n\n\n\n\n\n\n\n\n\n\n\n    ","refusal":null,"reasoning":null}}],"usage":{"prompt_tokens":1325,"completion_tokens":1024,"total_tokens":2349,"cost":0.0004827000000256,"is_byok":false,"prompt_tokens_details":{"cached_tokens":128,"cache_write_tokens":0,"audio_tokens":0,"video_tokens":0},"cost_details":{"upstream_inference_cost":0.0004827000000256,"upstream_inference_prompt_cost":0.0000731000000256,"upstream_inference_completions_cost":0.0004096},"completion_tokens_details":{"reasoning_tokens":0,"image_tokens":0,"audio_tokens":0}}}},"usage":{"inputTokens":1325,"inputTokenDetails":{"cacheReadTokens":128},"outputTokens":1024,"outputTokenDetails":{"reasoningTokens":0},"totalTokens":2349,"reasoningTokens":0,"cachedInputTokens":128},"finishReason":"length","message":"No object generated: could not parse the response.","stack":"AI_NoObjectGeneratedError: No object generated: could not parse the response.\n    at parseAndValidateObjectResult (/app/node_modules/.pnpm/ai@6.0.86_zod@4.1.12/node_modules/ai/dist/index.js:9484:11)\n    at process.processTicksAndRejections (node:internal/process/task_queues:103:5)\n    at async parseAndValidateObjectResultWithRepair (/app/node_modules/.pnpm/ai@6.0.86_zod@4.1.12/node_modules/ai/dist/index.js:9525:14)\n    at async fn (/app/node_modules/.pnpm/ai@6.0.86_zod@4.1.12/node_modules/ai/dist/index.js:9859:25)\n    at async /app/node_modules/.pnpm/ai@6.0.86_zod@4.1.12/node_modules/ai/dist/index.js:2340:24\n    at async generateObject (/app/node_modules/.pnpm/ai@6.0.86_zod@4.1.12/node_modules/ai/dist/index.js:9712:12)\n    at async generateCompletions (/app/dist/src/scraper/scrapeURL/transformers/llmExtract.js:718:22)\n    at async extractData (/app/dist/src/scraper/scrapeURL/lib/extractSmartScrape.js:259:60)\n    at async performLLMExtract (/app/dist/src/scraper/scrapeURL/transformers/llmExtract.js:939:78)\n    at async executeTransformers (/app/dist/src/scraper/scrapeURL/transformers/index.js:393:20)"}}
api-1  | api            2026-03-30 19:01:16 info [ScrapeURL:performLLMExtract/generateCompletions]: Smart schema resolved
api-1  | api            2026-03-30 19:01:16 info [ScrapeURL:executeTransformers/performLLMExtract]: [scrape.pipeline] LLM JSON-extract завершён: страниц 1, данные нет, предупреждение нет
api-1  | api            2026-03-30 19:01:16 warn [ScrapeURL:executeTransformers/coerceFieldsToFormats]: Request had format json, but there was no json field in the result. {"module":"ScrapeURL","scrapeId":"019d401e-6618-71ef-8600-8021b9ef8675","scrapeURL":"https://www.cian.ru/sale/flat/327389755/","zeroDataRetention":false,"teamI

#==========================================================

- httpx - INFO - HTTP Request: GET https://api.cian.ru/offer-card/v1/get-offer-card-statistic/?offerCreationDate=2025-12-24&offerId=325368753 "HTTP/1.1 200 OK"
2026-03-30 22:27:11,402 - services.parser_cian.parser - INFO - ✅ Статистика: 96 дней, 1235 просмотров, 29 сегодня
2026-03-30 22:27:11,402 - services.parser_cian.parser - ERROR - Parse error for https://www.cian.ru/sale/flat/325368753/: 1 validation error for ParsedAdData
area
  Input should be a valid number [type=float_type, input_value={}, input_type=dict]
    For further information visit https://errors.pydantic.dev/2.6/v/float_type
2026-03-30 22:27:11,402 - services.parser_cian.queue_manager - ERROR - ❌ [Worker-17] Ошибка при обработке https://www.cian.ru/sale/flat/325368753/: ValidationError: 1 validation error for ParsedAdData
area
  Input should be a valid number [type=float_type, input_value={}, input_type=dict]
    For further information visit https://errors.pydantic.dev/2.6/v/float_type

#======================================================
-1  | api            2026-03-30 20:00:25 info [ScrapeURL:]: Selected engines
api-1  | api            2026-03-30 20:00:25 info [ScrapeURL:]: Scraping via fetch...
api-1  | api            2026-03-30 20:00:25 info [ScrapeURL:scrapeURLWithFetch]: [scrape.pipeline] Отправка HTTP GET через прокси → www.cian.ru (узел пула 63/100, ru.decodo.com:***)
api-1  | api            2026-03-30 20:00:25 warn [ScrapeURL:scrapeURLWithFetch]: Proxy: transport error, resetting connections {"module":"ScrapeURL","scrapeId":"019d4055-4d7a-730e-be58-4a6a727e3a8f","scrapeURL":"https://www.cian.ru/sale/flat/323985625/","zeroDataRetention":false,"teamId":"bypass","team_id":"bypass","method":"scrapeURLWithFetch","engine":"fetch","slot":0,"error":"fetch failed"}
api-1  | api            AI SDK Warning (openrouter.chat / z-ai/glm-4.7-flash): The feature "specificationVersion" is used in a compatibility mode. Using v2 specification compatibility mode. Some features may not be available.
api-1  | api            2026-03-30 20:00:26 warn [ScrapeURL:]: An unexpected error happened while scraping with fetch. {"module":"ScrapeURL","scrapeId":"019d4054-59a0-74d9-b380-ee52e8c62285","scrapeURL":"https://www.cian.ru/sale/flat/328330738/","zeroDataRetention":false,"teamId":"bypass","team_id":"bypass","error":{"name":"WrappedEngineError","engine":"fetch","error":{"name":"TypeError","message":"fetch failed","stack":"TypeError: fetch failed\n    at Object.processResponse (/app/node_modules/.pnpm/undici@7.24.1/node_modules/undici/lib/web/fetch/index.js:237:16)\n    at /app/node_modules/.pnpm/undici@7.24.1/node_modules/undici/lib/web/fetch/index.js:1081:19\n    at node:internal/process/task_queues:149:7\n    at AsyncResource.runInAsyncScope (node:async_hooks:214:14)\n    at AsyncResource.runMicrotask (node:internal/process/task_queues:146:8)\n    at process.processTicksAndRejections (node:internal/process/task_queues:103:5)\n    at /app/node_modules/.pnpm/undici@7.24.1/node_modules/undici/index.js:157:7\n    at process.processTicksAndRejections (node:internal/process/task_queues:103:5)\n    at async executeFetchWithProxyRotation (/app/dist/src/lib/proxyRotation.js:301:25)\n    at async scrapeURLWithFetch (/app/dist/src/scraper/scrapeURL/engines/fetch/index.js:96:27)\n    at async scrapeURLWithEngine (/app/dist/src/scraper/scrapeURL/engines/index.js:495:12)\n    at async scrapeURLLoopIter (/app/dist/src/scraper/scrapeURL/index.js:159:30)\n    at async /app/dist/src/scraper/scrapeURL/index.js:319:37\n    at async /app/dist/src/scraper/scrapeURL/index.js:330:30\n    at async /app/dist/src/lib/otel-tracer.js:91:28\n    at async /app/dist/src/scraper/scrapeURL/index.js:667:30","cause":{"name":"ConnectTimeoutError","code":"UND_ERR_CONNECT_TIMEOUT","message":"Connect Timeout Error (attempted address: www.cian.ru:443, timeout: 10000ms)","stack":"ConnectTimeoutError: Connect Timeout Error (attempted address: www.cian.ru:443, timeout: 10000ms)\n    at onConnectTimeout (/app/node_modules/.pnpm/undici@7.24.1/node_modules/undici/lib/core/util.js:871:19)\n    at Immediate._onImmediate (/app/node_modules/.pnpm/undici@7.24.1/node_modules/undici/lib/core/util.js:840:11)\n    at process.processImmediate (node:internal/timers:484:21)\n    at process.callbackTrampoline (node:internal/async_hooks:130:17)"}},"message":"WrappedEngineError","stack":"WrappedEngineError: WrappedEngineError\n    at /app/dist/src/scraper/scrapeURL/index.js:323:31\n    at process.processTicksAndRejections (node:internal/process/task_queues:103:5)\n    at async /app/dist/src/scraper/scrapeURL/index.js:330:30\n    at async /app/dist/src/lib/otel-tracer.js:91:28\n    at async /app/dist/src/scraper/scrapeURL/index.js:667:30\n    at async /app/dist/src/lib/otel-tracer.js:91:28\n    at async runWebScraper (/app/dist/src/main/runWebScraper.js:59:24)\n    at async startWebScraperPipeline (/app/dist/src/main/runWebScraper.js:9:12)\n    at async processJob (/app/dist/src/services/worker/scrape-worker.js:150:24)\n    at async processJobWithTracing (/app/dist/src/services/worker/scrape-worker.js:864:36)"}}
api-1  | api            2026-03-30 20:00:26 info [ScrapeURL:]: Waterfalling to next engine...
api-1  | api            2026-03-30 20:00:26 warn [ScrapeURL:]: scrapeURL: All scraping engines failed! {"module":"ScrapeURL","scrapeId":"019d4054-59a0-74d9-b380-ee52e8c62285","scrapeURL":"https://www.cian.ru/sale/flat/328330738/","zeroDataRetention":false,"teamId":"bypass","team_id":"bypass","error":{"code":"SCRAPE_ALL_ENGINES_FAILED","fallbackList":["fetch"],"name":"Error","message":"All scraping engines failed to retrieve content from this URL. Engines tried: [fetch]. This usually happens when: (1) The URL is invalid or the page doesn't exist (404), (2) The website is blocking automated access, (3) The website is down or unreachable, (4) The page requires authentication. Double check the URL is correct and accessible in a browser. Check your server logs for more detailed error information from each engine.","stack":"Error: All scraping engines failed to retrieve content from this URL. Engines tried: [fetch]. This usually happens when: (1) The URL is invalid or the page doesn't exist (404), (2) The website is blocking automated access, (3) The website is down or unreachable, (4) The page requires authentication. Double check the URL is correct and accessible in a browser. Check your server logs for more detailed error information from each engine.\n    at /app/dist/src/scraper/scrapeURL/index.js:467:19\n    at process.processTicksAndRejections (node:internal/process/task_queues:103:5)\n    at async /app/dist/src/lib/otel-tracer.js:91:28\n    at async /app/dist/src/scraper/scrapeURL/index.js:667:30\n    at async /app/dist/src/lib/otel-tracer.js:91:28\n    at async runWebScraper (/app/dist/src/main/runWebScraper.js:59:24)\n    at async startWebScraperPipeline (/app/dist/src/main/runWebScraper.js:9:12)\n    at async processJob (/app/dist/src/services/worker/scrape-worker.js:150:24)\n    at async processJobWithTracing (/app/dist/src/services/worker/scrape-worker.js:864:36)\n    at async /app/dist/src/controllers/v2/scrape.js:199:36"}}
api-1  | api            2026-03-30 20:00:26 error [queue-worker:processJob]: 🐂 Job errored 019d4054-59a0-74d9-b380-ee52e8c62285 - Error: All scraping engines failed to retrieve content from this URL. Engines tried: [fetch]. This usually happens when: (1) The URL is invalid or the page doesn't exist (404), (2) The website is blocking automated access, (3) The website is down or unreachable, (4) The page requires authentication. Double check the URL is correct and accessible in a browser. Check your server logs for more detailed error information from each engine. {"module":"queue-worker","method":"processJob","jobId":"019d4054-59a0-74d9-b380-ee52e8c62285","scrapeId":"019d4054-59a0-74d9-b380-ee52e8c62285","teamId":"bypass","zeroDataRetention":false,"error":{"code":"SCRAPE_ALL_ENGINES_FAILED","fallbackList":["fetch"],"name":"Error","message":"All scraping engines failed to retrieve content from this URL. Engines tried: [fetch]. This usually happens when: (1) The URL is invalid or the page doesn't exist (404), (2) The website is blocking automated access, (3) The website is down or unreachable, (4) The page requires authentication. Double check the URL is correct and accessible in a browser. Check your server logs for more detailed error information from each engine.","stack":"Error: All scraping engines failed to retrieve content from this URL. Engines tried: [fetch]. This usually happens when: (1) The URL is invalid or the page doesn't exist (404), (2) The website is blocking automated access, (3) The website is down or unreachable, (4) The page requires authentication. Double check the URL is correct and accessible in a browser. Check your server logs for more detailed error information from each engine.\n    at /app/dist/src/scraper/scrapeURL/index.js:467:19\n    at process.processTicksAndRejections (node:internal/process/task_queues:103:5)\n    at async /app/dist/src/lib/otel-tracer.js:91:28\n    at async /app/dist/src/scraper/scrapeURL/index.js:667:30\n    at async /app/dist/src/lib/otel-tracer.js:91:28\n    at async runWebScraper (/app/dist/src/main/runWebScraper.js:59:24)\n    at async startWebScraperPipeline (/app/dist/src/main/runWebScraper.js:9:12)\n    at async processJob (/app/dist/src/services/worker/scrape-worker.js:150:24)\n    at async processJobWithTracing (/app/dist/src/services/worker/scrape-worker.js:864:36)\n    at async /app/dist/src/controllers/v2/scrape.js:199:36"}}
api-1  | api            2026-03-30 20:00:26 error [queue-worker:processJob]: All scraping engines failed to retrieve content from this URL. Engines tried: [fetch]. This usually happens when: (1) The URL is invalid or the page doesn't exist (404), (2) The website is blocking automated access, (3) The website is down or unreachable, (4) The page requires authentication. Double check the URL is correct and accessible in a browser. Check your server logs for more detailed error information from each engine. {"module":"queue-worker","method":"processJob","jobId":"019d4054-59a0-74d9-b380-ee52e8c62285","scrapeId":"019d4054-59a0-74d9-b380-ee52e8c62285","teamId":"bypass","zeroDataRetention":false,"code":"SCRAPE_ALL_ENGINES_FAILED","fallbackList":["fetch"],"stack":"Error: All scraping engines failed to retrieve content from this URL. Engines tried: [fetch]. This usually happens when: (1) The URL is invalid or the page doesn't exist (404), (2) The website is blocking automated access, (3) The website is down or unreachable, (4) The page requires authentication. Double check the URL is correct and accessible in a browser. Check your server logs for more detailed error information from each engine.\n    at /app/dist/src/scraper/scrapeURL/index.js:467:19\n    at process.processTicksAndRejections (node:internal/process/task_queues:103:5)\n    at async /app/dist/src/lib/otel-tracer.js:91:28\n    at async /app/dist/src/scraper/scrapeURL/index.js:667:30\n    at async /app/dist/src/lib/otel-tracer.js:91:28\n    at async runWebScraper (/app/dist/src/main/runWebScraper.js:59:24)\n    at async startWebScraperPipeline (/app/dist/src/main/runWebScraper.js:9:12)\n    at async processJob (/app/dist/src/services/worker/scrape-worker.js:150:24)\n    at async processJobWithTracing (/app/dist/src/services/worker/scrape-worker.js:864:36)\n    at async /app/dist/src/controllers/v2/scrape.js:199:36"}
api-1  | api            2026-03-30 20:00:26 error [queue-worker:processJob]: Error: All scraping engines failed to retrieve content from this URL. Engines tried: [fetch]. This usually happens when: (1) The URL is invalid or the page doesn't exist (404), (2) The website is blocking automated access, (3) The website is down or unreachable, (4) The page requires authentication. Double check the URL is correct and accessible in a browser. Check your server logs for more detailed error information from each engine.
api-1  | api                at /app/dist/src/scraper/scrapeURL/index.js:467:19
api-1  | api                at process.processTicksAndRejections (node:internal/process/task_queues:103:5)
api-1  | api                at async /app/dist/src/lib/otel-tracer.js:91:28
api-1  | api                at async /app/dist/src/scraper/scrapeURL/index.js:667:30
api-1  | api                at async /app/dist/src/lib/otel-tracer.js:91:28
api-1  | api                at async runWebScraper (/app/dist/src/main/runWebScraper.js:59:24)
api-1  | api                at async startWebScraperPipeline (/app/dist/src/main/runWebScraper.js:9:12)
api-1  | api                at async processJob (/app/dist/src/services/worker/scrape-worker.js:150:24)
api-1  | api                at async processJobWithTracing (/app/dist/src/services/worker/scrape-worker.js:864:36)
api-1  | api                at async /app/dist/src/controllers/v2/scrape.js:199:36 {"module":"queue-worker","method":"processJob","jobId":"019d4054-59a0-74d9-b380-ee52e8c62285","scrapeId":"019d4054-59a0-74d9-b380-ee52e8c62285","teamId":"bypass","zeroDataRetention":false}
api-1  | api            2026-03-30 20:00:26 info [log_job:logScrape]: Skipping database insertion due to USE_DB_AUTHENTICATION being off
api-1  | api            2026-03-30 20:00:26 warn [queue-worker:processJobInternal]: Job failed {"module":"queue-worker","method":"processJobInternal","jobId":"019d4054-59a0-74d9-b380-ee52e8c62285","scrapeId":"019d4054-59a0-74d9-b380-ee52e8c62285","zeroDataRetention":false,"error":{"code":"SCRAPE_ALL_ENGINES_FAILED","fallbackList":["fetch"],"level":"error","name":"Error","message":"All scraping engines failed to retrieve content from this URL. Engines tried: [fetch]. This usually happens when: (1) The URL is invalid or the page doesn't exist (404), (2) The website is blocking automated access, (3) The website is down or unreachable, (4) The page requires authentication. Double check the URL is correct and accessible in a browser. Check your server logs for more detailed error information from each engine.","stack":"Error: All scraping engines failed to retrieve content from this URL. Engines tried: [fetch]. This usually happens when: (1) The URL is invalid or the page doesn't exist (404), (2) The website is blocking automated access, (3) The website is down or unreachable, (4) The page requires authentication. Double check the URL is correct and accessible in a browser. Check your server logs for more detailed error information from each engine.\n    at /app/dist/src/scraper/scrapeURL/index.js:467:19\n    at process.processTicksAndRejections (node:internal/process/task_queues:103:5)\n    at async /app/dist/src/lib/otel-tracer.js:91:28\n    at async /app/dist/src/scraper/scrapeURL/index.js:667:30\n    at async /app/dist/src/lib/otel-tracer.js:91:28\n    at async runWebScraper (/app/dist/src/main/runWebScraper.js:59:24)\n    at async startWebScraperPipeline (/app/dist/src/main/runWebScraper.js:9:12)\n    at async processJob (/app/dist/src/services/worker/scrape-worker.js:150:24)\n    at async processJobWithTracing (/app/dist/src/services/worker/scrape-worker.js:864:36)\n    at async /app/dist/src/controllers/v2/scrape.js:199:36"}}
api-1  | api            2026-03-30 20:00:26 error [:scrapeController]: Error in scrapeController {"method":"scrapeController","jobId":"019d4054-59a0-74d9-b380-ee52e8c62285","noq":true,"scrapeId":"019d4054-59a0-74d9-b380-ee52e8c62285","teamId":"bypass","team_id":"bypass","zeroDataRetention":false,"version":"v2","error":{"code":"SCRAPE_ALL_ENGINES_FAILED","fallbackList":["fetch"],"level":"error","name":"Error","message":"All scraping engines failed to retrieve content from this URL. Engines tried: [fetch]. This usually happens when: (1) The URL is invalid or the page doesn't exist (404), (2) The website is blocking automated access, (3) The website is down or unreachable, (4) The page requires authentication. Double check the URL is correct and accessible in a browser. Check your server logs for more detailed error information from each engine.","stack":"Error: All scraping engines failed to retrieve content from this URL. Engines tried: [fetch]. This usually happens when: (1) The URL is invalid or the page doesn't exist (404), (2) The website is blocking automated access, (3) The website is down or unreachable, (4) The page requires authentication. Double check the URL is correct and accessible in a browser. Check your server logs for more detailed error information from each engine.\n    at /app/dist/src/scraper/scrapeURL/index.js:467:19\n    at process.processTicksAndRejections (node:internal/process/task_queues:103:5)\n    at async /app/dist/src/lib/otel-tracer.js:91:28\n    at async /app/dist/src/scraper/scrapeURL/index.js:667:30\n    at async /app/dist/src/lib/otel-tracer.js:91:28\n    at async runWebScraper (/app/dist/src/main/runWebScraper.js:59:24)\n    at async startWebScraperPipeline (/app/dist/src/main/runWebScraper.js:9:12)\n    at async processJob (/app/dist/src/services/worker/scrape-worker.js:150:24)\n    at async processJobWithTracing (/app/dist/src/services/worker/scrape-worker.js:864:36)\n    at async /app/dist/src/controllers/v2/scrape.js:199:36"}}
api-1  | api            2026-03-30 20:00:27 warn [:]: IP address country data not found {"ip":"172.19.0.1"}
api-1  | api            2026-03-30 20:00:27 info [log_job:logRequest]: Skipping database insertion due to USE_DB_AUTHENTICATION being off


2026-03-30 23:00:26,590 - httpx - INFO - HTTP Request: POST http://host.docker.internal:3002/v2/scrape "HTTP/1.1 500 Internal Server Error"
2026-03-30 23:00:26,590 - services.parser_cian.parser - ERROR - Parse error for https://www.cian.ru/sale/flat/328330738/: Firecrawl API error: 500 - {"success":false,"code":"SCRAPE_ALL_ENGINES_FAILED","error":"All scraping engines failed to retrieve content from this URL. Engines tried: [fetch]. This usually happens when: (1) The URL is invalid or
2026-03-30 23:00:26,590 - services.parser_cian.queue_manager - ERROR - ❌ [Worker-0] Ошибка при обработке https://www.cian.ru/sale/flat/328330738/: ValueError: Firecrawl API error: 500 - {"success":false,"code":"SCRAPE_ALL_ENGINES_FAILED","error":"All scraping engines failed to retrieve content from this URL. Engines tried: [fetch]. This usually happens when: (1) The URL is invalid or


#==========================

rawHtml 612465 симв., markdown 5070 симв., HTTP 200)
api-1  | api            2026-03-30 20:16:33 info [log_job:logScrape]: Skipping database insertion due to USE_DB_AUTHENTICATION being off
api-1  | api            2026-03-30 20:16:33 info [queue-worker:processJob]: 🐂 Job done 019d4063-ddce-7158-97e4-561466bb2f8b
api-1  | api            2026-03-30 20:16:33 info [:scrapeController]: Request metrics
api-1  | api            2026-03-30 20:16:33 info [:POST]: v2 request completed
api-1  | api            2026-03-30 20:16:36 warn [ScrapeURL:performLLMExtract/generateCompletions]: No object generated {"module":"ScrapeURL","scrapeId":"019d4063-5d89-7708-be83-db7b84c87f7a","scrapeURL":"https://www.cian.ru/sale/flat/326384966/","zeroDataRetention":false,"teamId":"bypass","team_id":"bypass","method":"performLLMExtract/generateCompletions","error":{"name":"AI_NoObjectGeneratedError","cause":{"name":"AI_JSONParseError","cause":{"name":"SyntaxError","message":"Bad control character in string literal in JSON at position 2284 (line 7 column 2141)","stack":"SyntaxError: Bad control character in string literal in JSON at position 2284 (line 7 column 2141)"},"text":"{\n  \"extractedData\": {\n    \"cian_id\": \"326384966\",\n    \"price\": 28000000,\n    \"price_per_m2\": 481100,\n    \"title\": \"3-комн. квартира, 58,2 м²\",\n    \"description\": \"Продается 3-комн. квартира, 58,2 м²\\n===================================\\n\\n[Москва](https://www.cian.ru/kupit-3-komnatnuyu-kvartiru/)\\n, [ЦАО](https://www.cian.ru/kupit-3-komnatnuyu-kvartiru-moskva-cao-044/)\\n, [р-н Таганский](https://www.cian.ru/kupit-3-komnatnuyu-kvartiru-moskva-taganskiy-0419/)\\n, [ул. Земляной Вал](https://www.cian.ru/kupit-3-komnatnuyu-kvartiru-moskva-ulica-zemlyanoy-val-021074/)\\n, [41С1](https://www.cian.ru/cat.php?deal_type=sale&engine_version=2&house%5B0%5D=653919&offer_type=flat&room3=1)\\nНа карте\\n\\n*   [Чкаловская](https://www.cian.ru/kupit-3-komnatnuyu-kvartiru-moskva-metro-chkalovskaya-150/)\\n    \\n    4 мин.\\n*   [Курская](https://www.cian.ru/kupit-3-komnatnuyu-kvartiru-moskva-metro-kurskaya-61/)\\n    \\n    7 мин.\\n*   [Курская](https://www.cian.ru/kupit-3-komnatnuyu-kvartiru-moskva-metro-kurskaya-519/)\\n    \\n    9 мин.\\n*   ⁠Посмотреть ещё 2⁠\\n\\nСравнить\\n\\n[Скачать в PDF](https://www.cian.ru/export/pdf/sale/flat/326384966/)\\n[Скачать в .docx](https://www.cian.ru/export/docx/sale/flat/326384966/)\\n\\nПожаловаться\\n\\n*   Планировка\\n*   16 фото\\n\\n*   [](https://www.cian.ru/sale/flat/326384966/#)\\n    \\n*   [](https://www.cian.ru/sale/flat/326384966/#)\\n    \\n*   [](https://www.cian.ru/sale/flat/326384966/#)\\n    \\n*   [](https://www.cian.ru/sale/flat/326384966/#)\\n    \\n*   [](https://www.cian.ru/sale/flat/326384966/#)\\n    \\n*   [](https://www.cian.ru/sale/flat/326384966/#)\\n    \\n*   [](https://www.cian.ru/sale/flat/326384966/#)\\n    \\n*   [](https://www.cian.ru/sale/flat/326384966/#)\\n    \\n*   [](https://www.cian.ru/sale/flat/326384966/#)\\n    \\n*   [](https://www.cian.ru/sale/flat/326384966/#)\\n    \\n*   [](https://www.cian.ru/sale/flat/326384966/#)\\n    \\n*   [](https://www.cian.ru/sale/flat/326384966/#)\\n    \\n*   [](https://www.cian.ru/sale/flat/326384966/#)\\n    \\n*   [](https://www.cian.ru/sale/flat/326384966/#)\\n    \\n*   [](https://www.cian.ru/sale/flat/326384966/#)\\n    \\n*   [](https://www.cian.ru/sale/flat/326384966/#)\\n    \\n*   [](https://www.cian.ru/sale/flat/326384966/#)\\n    \\n*   [](https://www.cian.ru/sale/flat/326384966/#)\\n  }\n}","message":"JSON parsing failed: Text: {\n  \"extractedData\": {\n    \"cian_id\": \"326384966\",\n    \"price\": 28000000,\n    \"price_per_m2\": 481100,\n    \"title\": \"3-комн. квартира, 58,2 м²\",\n    \"description\": \"Продается 3-комн. квартира, 58,2 м²\\n===================================\\n\\n[Москва](https://www.cian.ru/kupit-3-komnatnuyu-kvartiru/)\\n, [ЦАО](https://www.cian.ru/kupit-3-komnatnuyu-kvartiru-moskva-cao-044/)\\n, [р-н Таганский](https://www.cian.ru/kupit-3-komnatnuyu-kvartiru-moskva-taganskiy-0419/)\\n, [ул. Земляной Вал](https://www.cian.ru/kupit-3-komnatnuyu-kvartiru-moskva-ulica-zemlyanoy-val-021074/)\\n, [41С1](https://www.cian.ru/cat.php?deal_type=sale&engine_version=2&house%5B0%5D=653919&offer_type=flat&room3=1)\\nНа карте\\n\\n*   [Чкаловская](https://www.cian.ru/kupit-3-komnatnuyu-kvartiru-moskva-metro-chkalovskaya-150/)\\n    \\n    4 мин.\\n*   [Курская](https://www.cian.ru/kupit-3-komnatnuyu-kvartiru-moskva-metro-kurskaya-61/)\\n    \\n    7 мин.\\n*   [Курская](https://www.cian.ru/kupit-3-komnatnuyu-kvartiru-moskva-metro-kurskaya-519/)\\n    \\n    9 мин.\\n*   ⁠Посмотреть ещё 2⁠\\n\\nСравнить\\n\\n[Скачать в PDF](https://www.cian.ru/export/pdf/sale/flat/326384966/)\\n[Скачать в .docx](https://www.cian.ru/export/docx/sale/flat/326384966/)\\n\\nПожаловаться\\n\\n*   Планировка\\n*   16 фото\\n\\n*   [](https://www.cian.ru/sale/flat/326384966/#)\\n    \\n*   [](https://www.cian.ru/sale/flat/326384966/#)\\n    \\n*   [](https://www.cian.ru/sale/flat/326384966/#)\\n    \\n*   [](https://www.cian.ru/sale/flat/326384966/#)\\n    \\n*   [](https://www.cian.ru/sale/flat/326384966/#)\\n    \\n*   [](https://www.cian.ru/sale/flat/326384966/#)\\n    \\n*   [](https://www.cian.ru/sale/flat/326384966/#)\\n    \\n*   [](https://www.cian.ru/sale/flat/326384966/#)\\n    \\n*   [](https://www.cian.ru/sale/flat/326384966/#)\\n    \\n*   [](https://www.cian.ru/sale/flat/326384966/#)\\n    \\n*   [](https://www.cian.ru/sale/flat/326384966/#)\\n    \\n*   [](https://www.cian.ru/sale/flat/326384966/#)\\n    \\n*   [](https://www.cian.ru/sale/flat/326384966/#)\\n    \\n*   [](https://www.cian.ru/sale/flat/326384966/#)\\n    \\n*   [](https://www.cian.ru/sale/flat/326384966/#)\\n    \\n*   [](https://www.cian.ru/sale/flat/326384966/#)\\n    \\n*   [](https://www.cian.ru/sale/flat/326384966/#)\\n    \\n*   [](https://www.cian.ru/sale/flat/326384966/#)\\n  }\n}.\nError message: Bad control character in string literal in JSON at position 2284 (line 7 column 2141)","stack":"AI_JSONParseError: JSON parsing failed: Text: {\n  \"extractedData\": {\n    \"cian_id\": \"326384966\",\n    \"price\": 28000000,\n    \"price_per_m2\": 481100,\n    \"title\": \"3-комн. квартира, 58,2 м²\",\n    \"description\": \"Продается 3-комн. квартира, 58,2 м²\\n===================================\\n\\n[Москва](https://www.cian.ru/kupit-3-komnatnuyu-kvartiru/)\\n, [ЦАО](https://www.cian.ru/kupit-3-komnatnuyu-kvartiru-moskva-cao-044/)\\n, [р-н Таганский](https://www.cian.ru/kupit-3-komnatnuyu-kvartiru-moskva-taganskiy-0419/)\\n, [ул. Земляной Вал](https://www.cian.ru/kupit-3-komnatnuyu-kvartiru-moskva-ulica-zemlyanoy-val-021074/)\\n, [41С1](https://www.cian.ru/cat.php?deal_type=sale&engine_version=2&house%5B0%5D=653919&offer_type=flat&room3=1)\\nНа карте\\n\\n*   [Чкаловская](https://www.cian.ru/kupit-3-komnatnuyu-kvartiru-moskva-metro-chkalovskaya-150/)\\n    \\n    4 мин.\\n*   [Курская](https://www.cian.ru/kupit-3-komnatnuyu-kvartiru-moskva-metro-kurskaya-61/)\\n    \\n    7 мин.\\n*   [Курская](https://www.cian.ru/kupit-3-komnatnuyu-kvartiru-moskva-metro-kurskaya-519/)\\n    \\n    9 мин.\\n*   ⁠Посмотреть ещё 2⁠\\n\\nСравнить\\n\\n[Скачать в PDF](https://www.cian.ru/export/pdf/sale/flat/326384966/)\\n[Скачать в .docx](https://www.cian.ru/export/docx/sale/flat/326384966/)\\n\\nПожаловаться\\n\\n*   Планировка\\n*   16 фото\\n\\n*   [](https://www.cian.ru/sale/flat/326384966/#)\\n    \\n*   [](https://www.cian.ru/sale/flat/326384966/#)\\n    \\n*   [](https://www.cian.ru/sale/flat/326384966/#)\\n    \\n*   [](https://www.cian.ru/sale/flat/326384966/#)\\n    \\n*   [](https://www.cian.ru/sale/flat/326384966/#)\\n    \\n*   [](https://www.cian.ru/sale/flat/326384966/#)\\n    \\n*   [](https://www.cian.ru/sale/flat/326384966/#)\\n    \\n*   [](https://www.cian.ru/sale/flat/326384966/#)\\n    \\n*   [](https://www.cian.ru/sale/flat/326384966/#)\\n    \\n*   [](https://www.cian.ru/sale/flat/326384966/#)\\n    \\n*   [](https://www.cian.ru/sale/flat/326384966/#)\\n    \\n*   [](https://www.cian.ru/sale/flat/326384966/#)\\n    \\n*   [](https://www.cian.ru/sale/flat/326384966/#)\\n    \\n*   [](https://www.cian.ru/sale/flat/326384966/#)\\n    \\n*   [](https://www.cian.ru/sale/flat/326384966/#)\\n    \\n*   [](https://www.cian.ru/sale/flat/326384966/#)\\n    \\n*   [](https://www.cian.ru/sale/flat/326384966/#)\\n    \\n*   [](https://www.cian.ru/sale/flat/326384966/#)\\n  }\n}.\nError message: Bad control character in string literal in JSON at position 2284 (line 7 column 2141)\n    at safeParseJSON (/app/node_modules/.pnpm/@ai-sdk+provider-utils@4.0.15_zod@4.1.12/node_modules/@ai-sdk/provider-utils/dist/index.js:2247:74)\n    at parseAndValidateObjectResult (/app/node_modules/.pnpm/ai@6.0.86_zod@4.1.12/node_modules/ai/dist/index.js:9482:71)\n    at parseAndValidateObjectResultWithRepair (/app/node_modules/.pnpm/ai@6.0.86_zod@4.1.12/node_modules/ai/dist/index.js:9525:20)\n    at process.processTicksAndRejections (node:internal/process/task_queues:103:5)\n    at async fn (/app/node_modules/.pnpm/ai@6.0.86_zod@4.1.12/node_modules/ai/dist/index.js:9859:25)\n    at async /app/node_modules/.pnpm/ai@6.0.86_zod@4.1.12/node_modules/ai/dist/index.js:2340:24\n    at async generateObject (/app/node_modules/.pnpm/ai@6.0.86_zod@4.1.12/node_modules/ai/dist/index.js:9712:12)\n    at async generateCompletions (/app/dist/src/scraper/scrapeURL/transformers/llmExtract.js:718:22)\n    at async extractData (/app/dist/src/scraper/scrapeURL/lib/extractSmartScrape.js:259:60)\n    at async performLLMExtract (/app/dist/src/scraper/scrapeURL/transformers/llmExtract.js:939:78)"},"text":"{\n  \"extractedData\": {\n    \"cian_id\": \"326384966\",\n    \"price\": 28000000,\n    \"price_per_m2\": 481100,\n    \"title\": \"3-комн. квартира, 58,2 м²\",\n    \"description\": \"Продается 3-комн. квартира, 58,2 м²\\n===================================\\n\\n[Москва](https://www.cian.ru/kupit-3-komnatnuyu-kvartiru/)\\n, [ЦАО](https://www.cian.ru/kupit-3-komnatnuyu-kvartiru-moskva-cao-044/)\\n, [р-н Таганский](https://www.cian.ru/kupit-3-komnatnuyu-kvartiru-moskva-taganskiy-0419/)\\n, [ул. Земляной Вал](https://www.cian.ru/kupit-3-komnatnuyu-kvartiru-moskva-ulica-zemlyanoy-val-021074/)\\n, [41С1](https://www.cian.ru/cat.php?deal_type=sale&engine_version=2&house%5B0%5D=653919&offer_type=flat&room3=1)\\nНа карте\\n\\n*   [Чкаловская](https://www.cian.ru/kupit-3-komnatnuyu-kvartiru-moskva-metro-chkalovskaya-150/)\\n    \\n    4 мин.\\n*   [Курская](https://www.cian.ru/kupit-3-komnatnuyu-kvartiru-moskva-metro-kurskaya-61/)\\n    \\n    7 мин.\\n*   [Курская](https://www.cian.ru/kupit-3-komnatnuyu-kvartiru-moskva-metro-kurskaya-519/)\\n    \\n    9 мин.\\n*   ⁠Посмотреть ещё 2⁠\\n\\nСравнить\\n\\n[Скачать в PDF](https://www.cian.ru/export/pdf/sale/flat/326384966/)\\n[Скачать в .docx](https://www.cian.ru/export/docx/sale/flat/326384966/)\\n\\nПожаловаться\\n\\n*   Планировка\\n*   16 фото\\n\\n*   [](https://www.cian.ru/sale/flat/326384966/#)\\n    \\n*   [](https://www.cian.ru/sale/flat/326384966/#)\\n    \\n*   [](https://www.cian.ru/sale/flat/326384966/#)\\n    \\n*   [](https://www.cian.ru/sale/flat/326384966/#)\\n    \\n*   [](https://www.cian.ru/sale/flat/326384966/#)\\n    \\n*   [](https://www.cian.ru/sale/flat/326384966/#)\\n    \\n*   [](https://www.cian.ru/sale/flat/326384966/#)\\n    \\n*   [](https://www.cian.ru/sale/flat/326384966/#)\\n    \\n*   [](https://www.cian.ru/sale/flat/326384966/#)\\n    \\n*   [](https://www.cian.ru/sale/flat/326384966/#)\\n    \\n*   [](https://www.cian.ru/sale/flat/326384966/#)\\n    \\n*   [](https://www.cian.ru/sale/flat/326384966/#)\\n    \\n*   [](https://www.cian.ru/sale/flat/326384966/#)\\n    \\n*   [](https://www.cian.ru/sale/flat/326384966/#)\\n    \\n*   [](https://www.cian.ru/sale/flat/326384966/#)\\n    \\n*   [](https://www.cian.ru/sale/flat/326384966/#)\\n    \\n*   [](https://www.cian.ru/sale/flat/326384966/#)\\n    \\n*   [](https://www.cian.ru/sale/flat/326384966/#)\\n  }\n}","response":{"id":"gen-1774901750-EeUXgGkEiZ309iuetZuD","timestamp":"2026-03-30T20:15:50.000Z","modelId":"z-ai/glm-4.7-flash-20260119","headers":{"access-control-allow-origin":"*","cf-ray":"9e49c9e29b7d381a-FRA","connection":"keep-alive","content-encoding":"gzip","content-type":"application/json","date":"Mon, 30 Mar 2026 20:15:50 GMT","permissions-policy":"payment=(self \"https://checkout.stripe.com\" \"https://connect-js.stripe.com\" \"https://js.stripe.com\" \"https://*.js.stripe.com\" \"https://hooks.stripe.com\")","referrer-policy":"no-referrer, strict-origin-when-cross-origin","server":"cloudflare","transfer-encoding":"chunked","x-content-type-options":"nosniff"},"body":{"id":"gen-1774901750-EeUXgGkEiZ309iuetZuD","object":"chat.completion","created":1774901750,"model":"z-ai/glm-4.7-flash-20260119","provider":"DeepInfra","system_fingerprint":null,"choices":[{"index":0,"logprobs":null,"finish_reason":"length","native_finish_reason":"length","message":{"role":"assistant","content":"{\n  \"extractedData\": {\n    \"cian_id\": \"326384966\",\n    \"price\": 28000000,\n    \"price_per_m2\": 481100,\n    \"title\": \"3-комн. квартира, 58,2 м²\",\n    \"description\": \"Продается 3-комн. квартира, 58,2 м²\\n===================================\\n\\n[Москва](https://www.cian.ru/kupit-3-komnatnuyu-kvartiru/)\\n, [ЦАО](https://www.cian.ru/kupit-3-komnatnuyu-kvartiru-moskva-cao-044/)\\n, [р-н Таганский](https://www.cian.ru/kupit-3-komnatnuyu-kvartiru-moskva-taganskiy-0419/)\\n, [ул. Земляной Вал](https://www.cian.ru/kupit-3-komnatnuyu-kvartiru-moskva-ulica-zemlyanoy-val-021074/)\\n, [41С1](https://www.cian.ru/cat.php?deal_type=sale&engine_version=2&house%5B0%5D=653919&offer_type=flat&room3=1)\\nНа карте\\n\\n*   [Чкаловская](https://www.cian.ru/kupit-3-komnatnuyu-kvartiru-moskva-metro-chkalovskaya-150/)\\n    \\n    4 мин.\\n*   [Курская](https://www.cian.ru/kupit-3-komnatnuyu-kvartiru-moskva-metro-kurskaya-61/)\\n    \\n    7 мин.\\n*   [Курская](https://www.cian.ru/kupit-3-komnatnuyu-kvartiru-moskva-metro-kurskaya-519/)\\n    \\n    9 мин.\\n*   ⁠Посмотреть ещё 2⁠\\n\\nСравнить\\n\\n[Скачать в PDF](https://www.cian.ru/export/pdf/sale/flat/326384966/)\\n[Скачать в .docx](https://www.cian.ru/export/docx/sale/flat/326384966/)\\n\\nПожаловаться\\n\\n*   Планировка\\n*   16 фото\\n\\n*   [](https://www.cian.ru/sale/flat/326384966/#)\\n    \\n*   [](https://www.cian.ru/sale/flat/326384966/#)\\n    \\n*   [](https://www.cian.ru/sale/flat/326384966/#)\\n    \\n*   [](https://www.cian.ru/sale/flat/326384966/#)\\n    \\n*   [](https://www.cian.ru/sale/flat/326384966/#)\\n    \\n*   [](https://www.cian.ru/sale/flat/326384966/#)\\n    \\n*   [](https://www.cian.ru/sale/flat/326384966/#)\\n    \\n*   [](https://www.cian.ru/sale/flat/326384966/#)\\n    \\n*   [](https://www.cian.ru/sale/flat/326384966/#)\\n    \\n*   [](https://www.cian.ru/sale/flat/326384966/#)\\n    \\n*   [](https://www.cian.ru/sale/flat/326384966/#)\\n    \\n*   [](https://www.cian.ru/sale/flat/326384966/#)\\n    \\n*   [](https://www.cian.ru/sale/flat/326384966/#)\\n    \\n*   [](https://www.cian.ru/sale/flat/326384966/#)\\n    \\n*   [](https://www.cian.ru/sale/flat/326384966/#)\\n    \\n*   [](https://www.cian.ru/sale/flat/326384966/#)\\n    \\n*   [](https://www.cian.ru/sale/flat/326384966/#)\\n    \\n*   [](https://www.cian.ru/sale/flat/326","refusal":null,"reasoning":null}}],"usage":{"prompt_tokens":2186,"completion_tokens":1024,"total_tokens":3210,"cost":0.0005343600000256,"is_byok":false,"prompt_tokens_details":{"cached_tokens":128,"cache_write_tokens":0,"audio_tokens":0,"video_tokens":0},"cost_details":{"upstream_inference_cost":0.0005343600000256,"upstream_inference_prompt_cost":0.0001247600000256,"upstream_inference_completions_cost":0.0004096},"completion_tokens_details":{"reasoning_tokens":0,"image_tokens":0,"audio_tokens":0}}}},"usage":{"inputTokens":2186,"inputTokenDetails":{"cacheReadTokens":128},"outputTokens":1024,"outputTokenDetails":{"reasoningTokens":0},"totalTokens":3210,"reasoningTokens":0,"cachedInputTokens":128},"finishReason":"length","message":"No object generated: could not parse the response.","stack":"AI_NoObjectGeneratedError: No object generated: could not parse the response.\n    at parseAndValidateObjectResult (/app/node_modules/.pnpm/ai@6.0.86_zod@4.1.12/node_modules/ai/dist/index.js:9484:11)\n    at process.processTicksAndRejections (node:internal/process/task_queues:103:5)\n    at async parseAndValidateObjectResultWithRepair (/app/node_modules/.pnpm/ai@6.0.86_zod@4.1.12/node_modules/ai/dist/index.js:9525:14)\n    at async fn (/app/node_modules/.pnpm/ai@6.0.86_zod@4.1.12/node_modules/ai/dist/index.js:9859:25)\n    at async /app/node_modules/.pnpm/ai@6.0.86_zod@4.1.12/node_modules/ai/dist/index.js:2340:24\n    at async generateObject (/app/node_modules/.pnpm/ai@6.0.86_zod@4.1.12/node_modules/ai/dist/index.js:9712:12)\n    at async generateCompletions (/app/dist/src/scraper/scrapeURL/transformers/llmExtract.js:718:22)\n    at async extractData (/app/dist/src/scraper/scrapeURL/lib/extractSmartScrape.js:259:60)\n    at async performLLMExtract (/app/dist/src/scraper/scrapeURL/transformers/llmExtract.js:939:78)\n    at async executeTransformers (/app/dist/src/scraper/scrapeURL/transformers/index.js:393:20)"}}
api-1  | api            2026-03-30 20:16:36 error [ScrapeURL:performLLMExtract/generateCompletions]: LLM extraction failed {"module":"ScrapeURL","scrapeId":"019d4063-5d89-7708-be83-db7b84c87f7a","scrapeURL":"https://www.cian.ru/sale/flat/326384966/","zeroDataRetention":false,"teamId":"bypass","team_id":"bypass","method":"performLLMExtract/generateCompletions","error":{"name":"AI_NoObjectGeneratedError","cause":{"name":"AI_JSONParseError","cause":{"name":"SyntaxError","message":"Bad control character in string literal in JSON at position 2284 (line 7 column 2141)","stack":"SyntaxError: Bad control character in string literal in JSON at position 2284 (line 7 column 2141)"},"text":"{\n  \"extractedData\": {\n    \"cian_id\": \"326384966\",\n    \"price\": 28000000,\n    \"price_per_m2\": 481100,\n    \"title\": \"3-комн. квартира, 58,2 м²\",\n    \"description\": \"Продается 3-комн. квартира, 58,2 м²\\n===================================\\n\\n[Москва](https://www.cian.ru/kupit-3-komnatnuyu-kvartiru/)\\n, [ЦАО](https://www.cian.ru/kupit-3-komnatnuyu-kvartiru-moskva-cao-044/)\\n, [р-н Таганский](https://www.cian.ru/kupit-3-komnatnuyu-kvartiru-moskva-taganskiy-0419/)\\n, [ул. Земляной Вал](https://www.cian.ru/kupit-3-komnatnuyu-kvartiru-moskva-ulica-zemlyanoy-val-021074/)\\n, [41С1](https://www.cian.ru/cat.php?deal_type=sale&engine_version=2&house%5B0%5D=653919&offer_type=flat&room3=1)\\nНа карте\\n\\n*   [Чкаловская](https://www.cian.ru/kupit-3-komnatnuyu-kvartiru-moskva-metro-chkalovskaya-150/)\\n    \\n    4 мин.\\n*   [Курская](https://www.cian.ru/kupit-3-komnatnuyu-kvartiru-moskva-metro-kurskaya-61/)\\n    \\n    7 мин.\\n*   [Курская](https://www.cian.ru/kupit-3-komnatnuyu-kvartiru-moskva-metro-kurskaya-519/)\\n    \\n    9 мин.\\n*   ⁠Посмотреть ещё 2⁠\\n\\nСравнить\\n\\n[Скачать в PDF](https://www.cian.ru/export/pdf/sale/flat/326384966/)\\n[Скачать в .docx](https://www.cian.ru/export/docx/sale/flat/326384966/)\\n\\nПожаловаться\\n\\n*   Планировка\\n*   16 фото\\n\\n*   [](https://www.cian.ru/sale/flat/326384966/#)\\n    \\n*   [](https://www.cian.ru/sale/flat/326384966/#)\\n    \\n*   [](https://www.cian.ru/sale/flat/326384966/#)\\n    \\n*   [](https://www.cian.ru/sale/flat/326384966/#)\\n    \\n*   [](https://www.cian.ru/sale/flat/326384966/#)\\n    \\n*   [](https://www.cian.ru/sale/flat/326384966/#)\\n    \\n*   [](https://www.cian.ru/sale/flat/326384966/#)\\n    \\n*   [](https://www.cian.ru/sale/flat/326384966/#)\\n    \\n*   [](https://www.cian.ru/sale/flat/326384966/#)\\n    \\n*   [](https://www.cian.ru/sale/flat/326384966/#)\\n    \\n*   [](https://www.cian.ru/sale/flat/326384966/#)\\n    \\n*   [](https://www.cian.ru/sale/flat/326384966/#)\\n    \\n*   [](https://www.cian.ru/sale/flat/326384966/#)\\n    \\n*   [](https://www.cian.ru/sale/flat/326384966/#)\\n    \\n*   [](https://www.cian.ru/sale/flat/326384966/#)\\n    \\n*   [](https://www.cian.ru/sale/flat/326384966/#)\\n    \\n*   [](https://www.cian.ru/sale/flat/326384966/#)\\n    \\n*   [](https://www.cian.ru/sale/flat/326384966/#)\\n  }\n}","message":"JSON parsing failed: Text: {\n  \"extractedData\": {\n    \"cian_id\": \"326384966\",\n    \"price\": 28000000,\n    \"price_per_m2\": 481100,\n    \"title\": \"3-комн. квартира, 58,2 м²\",\n    \"description\": \"Продается 3-комн. квартира, 58,2 м²\\n===================================\\n\\n[Москва](https://www.cian.ru/kupit-3-komnatnuyu-kvartiru/)\\n, [ЦАО](https://www.cian.ru/kupit-3-komnatnuyu-kvartiru-moskva-cao-044/)\\n, [р-н Таганский](https://www.cian.ru/kupit-3-komnatnuyu-kvartiru-moskva-taganskiy-0419/)\\n, [ул. Земляной Вал](https://www.cian.ru/kupit-3-komnatnuyu-kvartiru-moskva-ulica-zemlyanoy-val-021074/)\\n, [41С1](https://www.cian.ru/cat.php?deal_type=sale&engine_version=2&house%5B0%5D=653919&offer_type=flat&room3=1)\\nНа карте\\n\\n*   [Чкаловская](https://www.cian.ru/kupit-3-komnatnuyu-kvartiru-moskva-metro-chkalovskaya-150/)\\n    \\n    4 мин.\\n*   [Курская](https://www.cian.ru/kupit-3-komnatnuyu-kvartiru-moskva-metro-kurskaya-61/)\\n    \\n    7 мин.\\n*   [Курская](https://www.cian.ru/kupit-3-komnatnuyu-kvartiru-moskva-metro-kurskaya-519/)\\n    \\n    9 мин.\\n*   ⁠Посмотреть ещё 2⁠\\n\\nСравнить\\n\\n[Скачать в PDF](https://www.cian.ru/export/pdf/sale/flat/326384966/)\\n[Скачать в .docx](https://www.cian.ru/export/docx/sale/flat/326384966/)\\n\\nПожаловаться\\n\\n*   Планировка\\n*   16 фото\\n\\n*   [](https://www.cian.ru/sale/flat/326384966/#)\\n    \\n*   [](https://www.cian.ru/sale/flat/326384966/#)\\n    \\n*   [](https://www.cian.ru/sale/flat/326384966/#)\\n    \\n*   [](https://www.cian.ru/sale/flat/326384966/#)\\n    \\n*   [](https://www.cian.ru/sale/flat/326384966/#)\\n    \\n*   [](https://www.cian.ru/sale/flat/326384966/#)\\n    \\n*   [](https://www.cian.ru/sale/flat/326384966/#)\\n    \\n*   [](https://www.cian.ru/sale/flat/326384966/#)\\n    \\n*   [](https://www.cian.ru/sale/flat/326384966/#)\\n    \\n*   [](https://www.cian.ru/sale/flat/326384966/#)\\n    \\n*   [](https://www.cian.ru/sale/flat/326384966/#)\\n    \\n*   [](https://www.cian.ru/sale/flat/326384966/#)\\n    \\n*   [](https://www.cian.ru/sale/flat/326384966/#)\\n    \\n*   [](https://www.cian.ru/sale/flat/326384966/#)\\n    \\n*   [](https://www.cian.ru/sale/flat/326384966/#)\\n    \\n*   [](https://www.cian.ru/sale/flat/326384966/#)\\n    \\n*   [](https://www.cian.ru/sale/flat/326384966/#)\\n    \\n*   [](https://www.cian.ru/sale/flat/326384966/#)\\n  }\n}.\nError message: Bad control character in string literal in JSON at position 2284 (line 7 column 2141)","stack":"AI_JSONParseError: JSON parsing failed: Text: {\n  \"extractedData\": {\n    \"cian_id\": \"326384966\",\n    \"price\": 28000000,\n    \"price_per_m2\": 481100,\n    \"title\": \"3-комн. квартира, 58,2 м²\",\n    \"description\": \"Продается 3-комн. квартира, 58,2 м²\\n===================================\\n\\n[Москва](https://www.cian.ru/kupit-3-komnatnuyu-kvartiru/)\\n, [ЦАО](https://www.cian.ru/kupit-3-komnatnuyu-kvartiru-moskva-cao-044/)\\n, [р-н Таганский](https://www.cian.ru/kupit-3-komnatnuyu-kvartiru-moskva-taganskiy-0419/)\\n, [ул. Земляной Вал](https://www.cian.ru/kupit-3-komnatnuyu-kvartiru-moskva-ulica-zemlyanoy-val-021074/)\\n, [41С1](https://www.cian.ru/cat.php?deal_type=sale&engine_version=2&house%5B0%5D=653919&offer_type=flat&room3=1)\\nНа карте\\n\\n*   [Чкаловская](https://www.cian.ru/kupit-3-komnatnuyu-kvartiru-moskva-metro-chkalovskaya-150/)\\n    \\n    4 мин.\\n*   [Курская](https://www.cian.ru/kupit-3-komnatnuyu-kvartiru-moskva-metro-kurskaya-61/)\\n    \\n    7 мин.\\n*   [Курская](https://www.cian.ru/kupit-3-komnatnuyu-kvartiru-moskva-metro-kurskaya-519/)\\n    \\n    9 мин.\\n*   ⁠Посмотреть ещё 2⁠\\n\\nСравнить\\n\\n[Скачать в PDF](https://www.cian.ru/export/pdf/sale/flat/326384966/)\\n[Скачать в .docx](https://www.cian.ru/export/docx/sale/flat/326384966/)\\n\\nПожаловаться\\n\\n*   Планировка\\n*   16 фото\\n\\n*   [](https://www.cian.ru/sale/flat/326384966/#)\\n    \\n*   [](https://www.cian.ru/sale/flat/326384966/#)\\n    \\n*   [](https://www.cian.ru/sale/flat/326384966/#)\\n    \\n*   [](https://www.cian.ru/sale/flat/326384966/#)\\n    \\n*   [](https://www.cian.ru/sale/flat/326384966/#)\\n    \\n*   [](https://www.cian.ru/sale/flat/326384966/#)\\n    \\n*   [](https://www.cian.ru/sale/flat/326384966/#)\\n    \\n*   [](https://www.cian.ru/sale/flat/326384966/#)\\n    \\n*   [](https://www.cian.ru/sale/flat/326384966/#)\\n    \\n*   [](https://www.cian.ru/sale/flat/326384966/#)\\n    \\n*   [](https://www.cian.ru/sale/flat/326384966/#)\\n    \\n*   [](https://www.cian.ru/sale/flat/326384966/#)\\n    \\n*   [](https://www.cian.ru/sale/flat/326384966/#)\\n    \\n*   [](https://www.cian.ru/sale/flat/326384966/#)\\n    \\n*   [](https://www.cian.ru/sale/flat/326384966/#)\\n    \\n*   [](https://www.cian.ru/sale/flat/326384966/#)\\n    \\n*   [](https://www.cian.ru/sale/flat/326384966/#)\\n    \\n*   [](https://www.cian.ru/sale/flat/326384966/#)\\n  }\n}.\nError message: Bad control character in string literal in JSON at position 2284 (line 7 column 2141)\n    at safeParseJSON (/app/node_modules/.pnpm/@ai-sdk+provider-utils@4.0.15_zod@4.1.12/node_modules/@ai-sdk/provider-utils/dist/index.js:2247:74)\n    at parseAndValidateObjectResult (/app/node_modules/.pnpm/ai@6.0.86_zod@4.1.12/node_modules/ai/dist/index.js:9482:71)\n    at parseAndValidateObjectResultWithRepair (/app/node_modules/.pnpm/ai@6.0.86_zod@4.1.12/node_modules/ai/dist/index.js:9525:20)\n    at process.processTicksAndRejections (node:internal/process/task_queues:103:5)\n    at async fn (/app/node_modules/.pnpm/ai@6.0.86_zod@4.1.12/node_modules/ai/dist/index.js:9859:25)\n    at async /app/node_modules/.pnpm/ai@6.0.86_zod@4.1.12/node_modules/ai/dist/index.js:2340:24\n    at async generateObject (/app/node_modules/.pnpm/ai@6.0.86_zod@4.1.12/node_modules/ai/dist/index.js:9712:12)\n    at async generateCompletions (/app/dist/src/scraper/scrapeURL/transformers/llmExtract.js:718:22)\n    at async extractData (/app/dist/src/scraper/scrapeURL/lib/extractSmartScrape.js:259:60)\n    at async performLLMExtract (/app/dist/src/scraper/scrapeURL/transformers/llmExtract.js:939:78)"},"text":"{\n  \"extractedData\": {\n    \"cian_id\": \"326384966\",\n    \"price\": 28000000,\n    \"price_per_m2\": 481100,\n    \"title\": \"3-комн. квартира, 58,2 м²\",\n    \"description\": \"Продается 3-комн. квартира, 58,2 м²\\n===================================\\n\\n[Москва](https://www.cian.ru/kupit-3-komnatnuyu-kvartiru/)\\n, [ЦАО](https://www.cian.ru/kupit-3-komnatnuyu-kvartiru-moskva-cao-044/)\\n, [р-н Таганский](https://www.cian.ru/kupit-3-komnatnuyu-kvartiru-moskva-taganskiy-0419/)\\n, [ул. Земляной Вал](https://www.cian.ru/kupit-3-komnatnuyu-kvartiru-moskva-ulica-zemlyanoy-val-021074/)\\n, [41С1](https://www.cian.ru/cat.php?deal_type=sale&engine_version=2&house%5B0%5D=653919&offer_type=flat&room3=1)\\nНа карте\\n\\n*   [Чкаловская](https://www.cian.ru/kupit-3-komnatnuyu-kvartiru-moskva-metro-chkalovskaya-150/)\\n    \\n    4 мин.\\n*   [Курская](https://www.cian.ru/kupit-3-komnatnuyu-kvartiru-moskva-metro-kurskaya-61/)\\n    \\n    7 мин.\\n*   [Курская](https://www.cian.ru/kupit-3-komnatnuyu-kvartiru-moskva-metro-kurskaya-519/)\\n    \\n    9 мин.\\n*   ⁠Посмотреть ещё 2⁠\\n\\nСравнить\\n\\n[Скачать в PDF](https://www.cian.ru/export/pdf/sale/flat/326384966/)\\n[Скачать в .docx](https://www.cian.ru/export/docx/sale/flat/326384966/)\\n\\nПожаловаться\\n\\n*   Планировка\\n*   16 фото\\n\\n*   [](https://www.cian.ru/sale/flat/326384966/#)\\n    \\n*   [](https://www.cian.ru/sale/flat/326384966/#)\\n    \\n*   [](https://www.cian.ru/sale/flat/326384966/#)\\n    \\n*   [](https://www.cian.ru/sale/flat/326384966/#)\\n    \\n*   [](https://www.cian.ru/sale/flat/326384966/#)\\n    \\n*   [](https://www.cian.ru/sale/flat/326384966/#)\\n    \\n*   [](https://www.cian.ru/sale/flat/326384966/#)\\n    \\n*   [](https://www.cian.ru/sale/flat/326384966/#)\\n    \\n*   [](https://www.cian.ru/sale/flat/326384966/#)\\n    \\n*   [](https://www.cian.ru/sale/flat/326384966/#)\\n    \\n*   [](https://www.cian.ru/sale/flat/326384966/#)\\n    \\n*   [](https://www.cian.ru/sale/flat/326384966/#)\\n    \\n*   [](https://www.cian.ru/sale/flat/326384966/#)\\n    \\n*   [](https://www.cian.ru/sale/flat/326384966/#)\\n    \\n*   [](https://www.cian.ru/sale/flat/326384966/#)\\n    \\n*   [](https://www.cian.ru/sale/flat/326384966/#)\\n    \\n*   [](https://www.cian.ru/sale/flat/326384966/#)\\n    \\n*   [](https://www.cian.ru/sale/flat/326384966/#)\\n  }\n}","response":{"id":"gen-1774901750-EeUXgGkEiZ309iuetZuD","timestamp":"2026-03-30T20:15:50.000Z","modelId":"z-ai/glm-4.7-flash-20260119","headers":{"access-control-allow-origin":"*","cf-ray":"9e49c9e29b7d381a-FRA","connection":"keep-alive","content-encoding":"gzip","content-type":"application/json","date":"Mon, 30 Mar 2026 20:15:50 GMT","permissions-policy":"payment=(self \"https://checkout.stripe.com\" \"https://connect-js.stripe.com\" \"https://js.stripe.com\" \"https://*.js.stripe.com\" \"https://hooks.stripe.com\")","referrer-policy":"no-referrer, strict-origin-when-cross-origin","server":"cloudflare","transfer-encoding":"chunked","x-content-type-options":"nosniff"},"body":{"id":"gen-1774901750-EeUXgGkEiZ309iuetZuD","object":"chat.completion","created":1774901750,"model":"z-ai/glm-4.7-flash-20260119","provider":"DeepInfra","system_fingerprint":null,"choices":[{"index":0,"logprobs":null,"finish_reason":"length","native_finish_reason":"length","message":{"role":"assistant","content":"{\n  \"extractedData\": {\n    \"cian_id\": \"326384966\",\n    \"price\": 28000000,\n    \"price_per_m2\": 481100,\n    \"title\": \"3-комн. квартира, 58,2 м²\",\n    \"description\": \"Продается 3-комн. квартира, 58,2 м²\\n===================================\\n\\n[Москва](https://www.cian.ru/kupit-3-komnatnuyu-kvartiru/)\\n, [ЦАО](https://www.cian.ru/kupit-3-komnatnuyu-kvartiru-moskva-cao-044/)\\n, [р-н Таганский](https://www.cian.ru/kupit-3-komnatnuyu-kvartiru-moskva-taganskiy-0419/)\\n, [ул. Земляной Вал](https://www.cian.ru/kupit-3-komnatnuyu-kvartiru-moskva-ulica-zemlyanoy-val-021074/)\\n, [41С1](https://www.cian.ru/cat.php?deal_type=sale&engine_version=2&house%5B0%5D=653919&offer_type=flat&room3=1)\\nНа карте\\n\\n*   [Чкаловская](https://www.cian.ru/kupit-3-komnatnuyu-kvartiru-moskva-metro-chkalovskaya-150/)\\n    \\n    4 мин.\\n*   [Курская](https://www.cian.ru/kupit-3-komnatnuyu-kvartiru-moskva-metro-kurskaya-61/)\\n    \\n    7 мин.\\n*   [Курская](https://www.cian.ru/kupit-3-komnatnuyu-kvartiru-moskva-metro-kurskaya-519/)\\n    \\n    9 мин.\\n*   ⁠Посмотреть ещё 2⁠\\n\\nСравнить\\n\\n[Скачать в PDF](https://www.cian.ru/export/pdf/sale/flat/326384966/)\\n[Скачать в .docx](https://www.cian.ru/export/docx/sale/flat/326384966/)\\n\\nПожаловаться\\n\\n*   Планировка\\n*   16 фото\\n\\n*   [](https://www.cian.ru/sale/flat/326384966/#)\\n    \\n*   [](https://www.cian.ru/sale/flat/326384966/#)\\n    \\n*   [](https://www.cian.ru/sale/flat/326384966/#)\\n    \\n*   [](https://www.cian.ru/sale/flat/326384966/#)\\n    \\n*   [](https://www.cian.ru/sale/flat/326384966/#)\\n    \\n*   [](https://www.cian.ru/sale/flat/326384966/#)\\n    \\n*   [](https://www.cian.ru/sale/flat/326384966/#)\\n    \\n*   [](https://www.cian.ru/sale/flat/326384966/#)\\n    \\n*   [](https://www.cian.ru/sale/flat/326384966/#)\\n    \\n*   [](https://www.cian.ru/sale/flat/326384966/#)\\n    \\n*   [](https://www.cian.ru/sale/flat/326384966/#)\\n    \\n*   [](https://www.cian.ru/sale/flat/326384966/#)\\n    \\n*   [](https://www.cian.ru/sale/flat/326384966/#)\\n    \\n*   [](https://www.cian.ru/sale/flat/326384966/#)\\n    \\n*   [](https://www.cian.ru/sale/flat/326384966/#)\\n    \\n*   [](https://www.cian.ru/sale/flat/326384966/#)\\n    \\n*   [](https://www.cian.ru/sale/flat/326384966/#)\\n    \\n*   [](https://www.cian.ru/sale/flat/326","refusal":null,"reasoning":null}}],"usage":{"prompt_tokens":2186,"completion_tokens":1024,"total_tokens":3210,"cost":0.0005343600000256,"is_byok":false,"prompt_tokens_details":{"cached_tokens":128,"cache_write_tokens":0,"audio_tokens":0,"video_tokens":0},"cost_details":{"upstream_inference_cost":0.0005343600000256,"upstream_inference_prompt_cost":0.0001247600000256,"upstream_inference_completions_cost":0.0004096},"completion_tokens_details":{"reasoning_tokens":0,"image_tokens":0,"audio_tokens":0}}}},"usage":{"inputTokens":2186,"inputTokenDetails":{"cacheReadTokens":128},"outputTokens":1024,"outputTokenDetails":{"reasoningTokens":0},"totalTokens":3210,"reasoningTokens":0,"cachedInputTokens":128},"finishReason":"length","message":"No object generated: could not parse the response.","stack":"AI_NoObjectGeneratedError: No object generated: could not parse the response.\n    at parseAndValidateObjectResult (/app/node_modules/.pnpm/ai@6.0.86_zod@4.1.12/node_modules/ai/dist/index.js:9484:11)\n    at process.processTicksAndRejections (node:internal/process/task_queues:103:5)\n    at async parseAndValidateObjectResultWithRepair (/app/node_modules/.pnpm/ai@6.0.86_zod@4.1.12/node_modules/ai/dist/index.js:9525:14)\n    at async fn (/app/node_modules/.pnpm/ai@6.0.86_zod@4.1.12/node_modules/ai/dist/index.js:9859:25)\n    at async /app/node_modules/.pnpm/ai@6.0.86_zod@4.1.12/node_modules/ai/dist/index.js:2340:24\n    at async generateObject (/app/node_modules/.pnpm/ai@6.0.86_zod@4.1.12/node_modules/ai/dist/index.js:9712:12)\n    at async generateCompletions (/app/dist/src/scraper/scrapeURL/transformers/llmExtract.js:718:22)\n    at async extractData (/app/dist/src/scraper/scrapeURL/lib/extractSmartScrape.js:259:60)\n    at async performLLMExtract (/app/dist/src/scraper/scrapeURL/transformers/llmExtract.js:939:78)\n    at async executeTransformers (/app/dist/src/scraper/scrapeURL/transformers/index.js:393:20)"},"model":"z-ai/glm-4.7-flash","mode":"object"}
api-1  | api            2026-03-30 20:16:36 error [ScrapeURL:performLLMExtract/generateCompletions]: failed during extractSmartScrape.ts:generateCompletions {"module":"ScrapeURL","scrapeId":"019d4063-5d89-7708-be83-db7b84c87f7a","scrapeURL":"https://www.cian.ru/sale/flat/326384966/","zeroDataRetention":false,"teamId":"bypass","team_id":"bypass","method":"performLLMExtract/generateCompletions","error":{"name":"AI_NoObjectGeneratedError","cause":{"name":"AI_JSONParseError","cause":{"name":"SyntaxError","message":"Bad control character in string literal in JSON at position 2284 (line 7 column 2141)","stack":"SyntaxError: Bad control character in string literal in JSON at position 2284 (line 7 column 2141)"},"text":"{\n  \"extractedData\": {\n    \"cian_id\": \"326384966\",\n    \"price\": 28000000,\n    \"price_per_m2\": 481100,\n    \"title\": \"3-комн. квартира, 58,2 м²\",\n    \"description\": \"Продается 3-комн. квартира, 58,2 м²\\n===================================\\n\\n[Москва](https://www.cian.ru/kupit-3-komnatnuyu-kvartiru/)\\n, [ЦАО](https://www.cian.ru/kupit-3-komnatnuyu-kvartiru-moskva-cao-044/)\\n, [р-н Таганский](https://www.cian.ru/kupit-3-komnatnuyu-kvartiru-moskva-taganskiy-0419/)\\n, [ул. Земляной Вал](https://www.cian.ru/kupit-3-komnatnuyu-kvartiru-moskva-ulica-zemlyanoy-val-021074/)\\n, [41С1](https://www.cian.ru/cat.php?deal_type=sale&engine_version=2&house%5B0%5D=653919&offer_type=flat&room3=1)\\nНа карте\\n\\n*   [Чкаловская](https://www.cian.ru/kupit-3-komnatnuyu-kvartiru-moskva-metro-chkalovskaya-150/)\\n    \\n    4 мин.\\n*   [Курская](https://www.cian.ru/kupit-3-komnatnuyu-kvartiru-moskva-metro-kurskaya-61/)\\n    \\n    7 мин.\\n*   [Курская](https://www.cian.ru/kupit-3-komnatnuyu-kvartiru-moskva-metro-kurskaya-519/)\\n    \\n    9 мин.\\n*   ⁠Посмотреть ещё 2⁠\\n\\nСравнить\\n\\n[Скачать в PDF](https://www.cian.ru/export/pdf/sale/flat/326384966/)\\n[Скачать в .docx](https://www.cian.ru/export/docx/sale/flat/326384966/)\\n\\nПожаловаться\\n\\n*   Планировка\\n*   16 фото\\n\\n*   [](https://www.cian.ru/sale/flat/326384966/#)\\n    \\n*   [](https://www.cian.ru/sale/flat/326384966/#)\\n    \\n*   [](https://www.cian.ru/sale/flat/326384966/#)\\n    \\n*   [](https://www.cian.ru/sale/flat/326384966/#)\\n    \\n*   [](https://www.cian.ru/sale/flat/326384966/#)\\n    \\n*   [](https://www.cian.ru/sale/flat/326384966/#)\\n    \\n*   [](https://www.cian.ru/sale/flat/326384966/#)\\n    \\n*   [](https://www.cian.ru/sale/flat/326384966/#)\\n    \\n*   [](https://www.cian.ru/sale/flat/326384966/#)\\n    \\n*   [](https://www.cian.ru/sale/flat/326384966/#)\\n    \\n*   [](https://www.cian.ru/sale/flat/326384966/#)\\n    \\n*   [](https://www.cian.ru/sale/flat/326384966/#)\\n    \\n*   [](https://www.cian.ru/sale/flat/326384966/#)\\n    \\n*   [](https://www.cian.ru/sale/flat/326384966/#)\\n    \\n*   [](https://www.cian.ru/sale/flat/326384966/#)\\n    \\n*   [](https://www.cian.ru/sale/flat/326384966/#)\\n    \\n*   [](https://www.cian.ru/sale/flat/326384966/#)\\n    \\n*   [](https://www.cian.ru/sale/flat/326384966/#)\\n  }\n}","message":"JSON parsing failed: Text: {\n  \"extractedData\": {\n    \"cian_id\": \"326384966\",\n    \"price\": 28000000,\n    \"price_per_m2\": 481100,\n    \"title\": \"3-комн. квартира, 58,2 м²\",\n    \"description\": \"Продается 3-комн. квартира, 58,2 м²\\n===================================\\n\\n[Москва](https://www.cian.ru/kupit-3-komnatnuyu-kvartiru/)\\n, [ЦАО](https://www.cian.ru/kupit-3-komnatnuyu-kvartiru-moskva-cao-044/)\\n, [р-н Таганский](https://www.cian.ru/kupit-3-komnatnuyu-kvartiru-moskva-taganskiy-0419/)\\n, [ул. Земляной Вал](https://www.cian.ru/kupit-3-komnatnuyu-kvartiru-moskva-ulica-zemlyanoy-val-021074/)\\n, [41С1](https://www.cian.ru/cat.php?deal_type=sale&engine_version=2&house%5B0%5D=653919&offer_type=flat&room3=1)\\nНа карте\\n\\n*   [Чкаловская](https://www.cian.ru/kupit-3-komnatnuyu-kvartiru-moskva-metro-chkalovskaya-150/)\\n    \\n    4 мин.\\n*   [Курская](https://www.cian.ru/kupit-3-komnatnuyu-kvartiru-moskva-metro-kurskaya-61/)\\n    \\n    7 мин.\\n*   [Курская](https://www.cian.ru/kupit-3-komnatnuyu-kvartiru-moskva-metro-kurskaya-519/)\\n    \\n    9 мин.\\n*   ⁠Посмотреть ещё 2⁠\\n\\nСравнить\\n\\n[Скачать в PDF](https://www.cian.ru/export/pdf/sale/flat/326384966/)\\n[Скачать в .docx](https://www.cian.ru/export/docx/sale/flat/326384966/)\\n\\nПожаловаться\\n\\n*   Планировка\\n*   16 фото\\n\\n*   [](https://www.cian.ru/sale/flat/326384966/#)\\n    \\n*   [](https://www.cian.ru/sale/flat/326384966/#)\\n    \\n*   [](https://www.cian.ru/sale/flat/326384966/#)\\n    \\n*   [](https://www.cian.ru/sale/flat/326384966/#)\\n    \\n*   [](https://www.cian.ru/sale/flat/326384966/#)\\n    \\n*   [](https://www.cian.ru/sale/flat/326384966/#)\\n    \\n*   [](https://www.cian.ru/sale/flat/326384966/#)\\n    \\n*   [](https://www.cian.ru/sale/flat/326384966/#)\\n    \\n*   [](https://www.cian.ru/sale/flat/326384966/#)\\n    \\n*   [](https://www.cian.ru/sale/flat/326384966/#)\\n    \\n*   [](https://www.cian.ru/sale/flat/326384966/#)\\n    \\n*   [](https://www.cian.ru/sale/flat/326384966/#)\\n    \\n*   [](https://www.cian.ru/sale/flat/326384966/#)\\n    \\n*   [](https://www.cian.ru/sale/flat/326384966/#)\\n    \\n*   [](https://www.cian.ru/sale/flat/326384966/#)\\n    \\n*   [](https://www.cian.ru/sale/flat/326384966/#)\\n    \\n*   [](https://www.cian.ru/sale/flat/326384966/#)\\n    \\n*   [](https://www.cian.ru/sale/flat/326384966/#)\\n  }\n}.\nError message: Bad control character in string literal in JSON at position 2284 (line 7 column 2141)","stack":"AI_JSONParseError: JSON parsing failed: Text: {\n  \"extractedData\": {\n    \"cian_id\": \"326384966\",\n    \"price\": 28000000,\n    \"price_per_m2\": 481100,\n    \"title\": \"3-комн. квартира, 58,2 м²\",\n    \"description\": \"Продается 3-комн. квартира, 58,2 м²\\n===================================\\n\\n[Москва](https://www.cian.ru/kupit-3-komnatnuyu-kvartiru/)\\n, [ЦАО](https://www.cian.ru/kupit-3-komnatnuyu-kvartiru-moskva-cao-044/)\\n, [р-н Таганский](https://www.cian.ru/kupit-3-komnatnuyu-kvartiru-moskva-taganskiy-0419/)\\n, [ул. Земляной Вал](https://www.cian.ru/kupit-3-komnatnuyu-kvartiru-moskva-ulica-zemlyanoy-val-021074/)\\n, [41С1](https://www.cian.ru/cat.php?deal_type=sale&engine_version=2&house%5B0%5D=653919&offer_type=flat&room3=1)\\nНа карте\\n\\n*   [Чкаловская](https://www.cian.ru/kupit-3-komnatnuyu-kvartiru-moskva-metro-chkalovskaya-150/)\\n    \\n    4 мин.\\n*   [Курская](https://www.cian.ru/kupit-3-komnatnuyu-kvartiru-moskva-metro-kurskaya-61/)\\n    \\n    7 мин.\\n*   [Курская](https://www.cian.ru/kupit-3-komnatnuyu-kvartiru-moskva-metro-kurskaya-519/)\\n    \\n    9 мин.\\n*   ⁠Посмотреть ещё 2⁠\\n\\nСравнить\\n\\n[Скачать в PDF](https://www.cian.ru/export/pdf/sale/flat/326384966/)\\n[Скачать в .docx](https://www.cian.ru/export/docx/sale/flat/326384966/)\\n\\nПожаловаться\\n\\n*   Планировка\\n*   16 фото\\n\\n*   [](https://www.cian.ru/sale/flat/326384966/#)\\n    \\n*   [](https://www.cian.ru/sale/flat/326384966/#)\\n    \\n*   [](https://www.cian.ru/sale/flat/326384966/#)\\n    \\n*   [](https://www.cian.ru/sale/flat/326384966/#)\\n    \\n*   [](https://www.cian.ru/sale/flat/326384966/#)\\n    \\n*   [](https://www.cian.ru/sale/flat/326384966/#)\\n    \\n*   [](https://www.cian.ru/sale/flat/326384966/#)\\n    \\n*   [](https://www.cian.ru/sale/flat/326384966/#)\\n    \\n*   [](https://www.cian.ru/sale/flat/326384966/#)\\n    \\n*   [](https://www.cian.ru/sale/flat/326384966/#)\\n    \\n*   [](https://www.cian.ru/sale/flat/326384966/#)\\n    \\n*   [](https://www.cian.ru/sale/flat/326384966/#)\\n    \\n*   [](https://www.cian.ru/sale/flat/326384966/#)\\n    \\n*   [](https://www.cian.ru/sale/flat/326384966/#)\\n    \\n*   [](https://www.cian.ru/sale/flat/326384966/#)\\n    \\n*   [](https://www.cian.ru/sale/flat/326384966/#)\\n    \\n*   [](https://www.cian.ru/sale/flat/326384966/#)\\n    \\n*   [](https://www.cian.ru/sale/flat/326384966/#)\\n  }\n}.\nError message: Bad control character in string literal in JSON at position 2284 (line 7 column 2141)\n    at safeParseJSON (/app/node_modules/.pnpm/@ai-sdk+provider-utils@4.0.15_zod@4.1.12/node_modules/@ai-sdk/provider-utils/dist/index.js:2247:74)\n    at parseAndValidateObjectResult (/app/node_modules/.pnpm/ai@6.0.86_zod@4.1.12/node_modules/ai/dist/index.js:9482:71)\n    at parseAndValidateObjectResultWithRepair (/app/node_modules/.pnpm/ai@6.0.86_zod@4.1.12/node_modules/ai/dist/index.js:9525:20)\n    at process.processTicksAndRejections (node:internal/process/task_queues:103:5)\n    at async fn (/app/node_modules/.pnpm/ai@6.0.86_zod@4.1.12/node_modules/ai/dist/index.js:9859:25)\n    at async /app/node_modules/.pnpm/ai@6.0.86_zod@4.1.12/node_modules/ai/dist/index.js:2340:24\n    at async generateObject (/app/node_modules/.pnpm/ai@6.0.86_zod@4.1.12/node_modules/ai/dist/index.js:9712:12)\n    at async generateCompletions (/app/dist/src/scraper/scrapeURL/transformers/llmExtract.js:718:22)\n    at async extractData (/app/dist/src/scraper/scrapeURL/lib/extractSmartScrape.js:259:60)\n    at async performLLMExtract (/app/dist/src/scraper/scrapeURL/transformers/llmExtract.js:939:78)"},"text":"{\n  \"extractedData\": {\n    \"cian_id\": \"326384966\",\n    \"price\": 28000000,\n    \"price_per_m2\": 481100,\n    \"title\": \"3-комн. квартира, 58,2 м²\",\n    \"description\": \"Продается 3-комн. квартира, 58,2 м²\\n===================================\\n\\n[Москва](https://www.cian.ru/kupit-3-komnatnuyu-kvartiru/)\\n, [ЦАО](https://www.cian.ru/kupit-3-komnatnuyu-kvartiru-moskva-cao-044/)\\n, [р-н Таганский](https://www.cian.ru/kupit-3-komnatnuyu-kvartiru-moskva-taganskiy-0419/)\\n, [ул. Земляной Вал](https://www.cian.ru/kupit-3-komnatnuyu-kvartiru-moskva-ulica-zemlyanoy-val-021074/)\\n, [41С1](https://www.cian.ru/cat.php?deal_type=sale&engine_version=2&house%5B0%5D=653919&offer_type=flat&room3=1)\\nНа карте\\n\\n*   [Чкаловская](https://www.cian.ru/kupit-3-komnatnuyu-kvartiru-moskva-metro-chkalovskaya-150/)\\n    \\n    4 мин.\\n*   [Курская](https://www.cian.ru/kupit-3-komnatnuyu-kvartiru-moskva-metro-kurskaya-61/)\\n    \\n    7 мин.\\n*   [Курская](https://www.cian.ru/kupit-3-komnatnuyu-kvartiru-moskva-metro-kurskaya-519/)\\n    \\n    9 мин.\\n*   ⁠Посмотреть ещё 2⁠\\n\\nСравнить\\n\\n[Скачать в PDF](https://www.cian.ru/export/pdf/sale/flat/326384966/)\\n[Скачать в .docx](https://www.cian.ru/export/docx/sale/flat/326384966/)\\n\\nПожаловаться\\n\\n*   Планировка\\n*   16 фото\\n\\n*   [](https://www.cian.ru/sale/flat/326384966/#)\\n    \\n*   [](https://www.cian.ru/sale/flat/326384966/#)\\n    \\n*   [](https://www.cian.ru/sale/flat/326384966/#)\\n    \\n*   [](https://www.cian.ru/sale/flat/326384966/#)\\n    \\n*   [](https://www.cian.ru/sale/flat/326384966/#)\\n    \\n*   [](https://www.cian.ru/sale/flat/326384966/#)\\n    \\n*   [](https://www.cian.ru/sale/flat/326384966/#)\\n    \\n*   [](https://www.cian.ru/sale/flat/326384966/#)\\n    \\n*   [](https://www.cian.ru/sale/flat/326384966/#)\\n    \\n*   [](https://www.cian.ru/sale/flat/326384966/#)\\n    \\n*   [](https://www.cian.ru/sale/flat/326384966/#)\\n    \\n*   [](https://www.cian.ru/sale/flat/326384966/#)\\n    \\n*   [](https://www.cian.ru/sale/flat/326384966/#)\\n    \\n*   [](https://www.cian.ru/sale/flat/326384966/#)\\n    \\n*   [](https://www.cian.ru/sale/flat/326384966/#)\\n    \\n*   [](https://www.cian.ru/sale/flat/326384966/#)\\n    \\n*   [](https://www.cian.ru/sale/flat/326384966/#)\\n    \\n*   [](https://www.cian.ru/sale/flat/326384966/#)\\n  }\n}","response":{"id":"gen-1774901750-EeUXgGkEiZ309iuetZuD","timestamp":"2026-03-30T20:15:50.000Z","modelId":"z-ai/glm-4.7-flash-20260119","headers":{"access-control-allow-origin":"*","cf-ray":"9e49c9e29b7d381a-FRA","connection":"keep-alive","content-encoding":"gzip","content-type":"application/json","date":"Mon, 30 Mar 2026 20:15:50 GMT","permissions-policy":"payment=(self \"https://checkout.stripe.com\" \"https://connect-js.stripe.com\" \"https://js.stripe.com\" \"https://*.js.stripe.com\" \"https://hooks.stripe.com\")","referrer-policy":"no-referrer, strict-origin-when-cross-origin","server":"cloudflare","transfer-encoding":"chunked","x-content-type-options":"nosniff"},"body":{"id":"gen-1774901750-EeUXgGkEiZ309iuetZuD","object":"chat.completion","created":1774901750,"model":"z-ai/glm-4.7-flash-20260119","provider":"DeepInfra","system_fingerprint":null,"choices":[{"index":0,"logprobs":null,"finish_reason":"length","native_finish_reason":"length","message":{"role":"assistant","content":"{\n  \"extractedData\": {\n    \"cian_id\": \"326384966\",\n    \"price\": 28000000,\n    \"price_per_m2\": 481100,\n    \"title\": \"3-комн. квартира, 58,2 м²\",\n    \"description\": \"Продается 3-комн. квартира, 58,2 м²\\n===================================\\n\\n[Москва](https://www.cian.ru/kupit-3-komnatnuyu-kvartiru/)\\n, [ЦАО](https://www.cian.ru/kupit-3-komnatnuyu-kvartiru-moskva-cao-044/)\\n, [р-н Таганский](https://www.cian.ru/kupit-3-komnatnuyu-kvartiru-moskva-taganskiy-0419/)\\n, [ул. Земляной Вал](https://www.cian.ru/kupit-3-komnatnuyu-kvartiru-moskva-ulica-zemlyanoy-val-021074/)\\n, [41С1](https://www.cian.ru/cat.php?deal_type=sale&engine_version=2&house%5B0%5D=653919&offer_type=flat&room3=1)\\nНа карте\\n\\n*   [Чкаловская](https://www.cian.ru/kupit-3-komnatnuyu-kvartiru-moskva-metro-chkalovskaya-150/)\\n    \\n    4 мин.\\n*   [Курская](https://www.cian.ru/kupit-3-komnatnuyu-kvartiru-moskva-metro-kurskaya-61/)\\n    \\n    7 мин.\\n*   [Курская](https://www.cian.ru/kupit-3-komnatnuyu-kvartiru-moskva-metro-kurskaya-519/)\\n    \\n    9 мин.\\n*   ⁠Посмотреть ещё 2⁠\\n\\nСравнить\\n\\n[Скачать в PDF](https://www.cian.ru/export/pdf/sale/flat/326384966/)\\n[Скачать в .docx](https://www.cian.ru/export/docx/sale/flat/326384966/)\\n\\nПожаловаться\\n\\n*   Планировка\\n*   16 фото\\n\\n*   [](https://www.cian.ru/sale/flat/326384966/#)\\n    \\n*   [](https://www.cian.ru/sale/flat/326384966/#)\\n    \\n*   [](https://www.cian.ru/sale/flat/326384966/#)\\n    \\n*   [](https://www.cian.ru/sale/flat/326384966/#)\\n    \\n*   [](https://www.cian.ru/sale/flat/326384966/#)\\n    \\n*   [](https://www.cian.ru/sale/flat/326384966/#)\\n    \\n*   [](https://www.cian.ru/sale/flat/326384966/#)\\n    \\n*   [](https://www.cian.ru/sale/flat/326384966/#)\\n    \\n*   [](https://www.cian.ru/sale/flat/326384966/#)\\n    \\n*   [](https://www.cian.ru/sale/flat/326384966/#)\\n    \\n*   [](https://www.cian.ru/sale/flat/326384966/#)\\n    \\n*   [](https://www.cian.ru/sale/flat/326384966/#)\\n    \\n*   [](https://www.cian.ru/sale/flat/326384966/#)\\n    \\n*   [](https://www.cian.ru/sale/flat/326384966/#)\\n    \\n*   [](https://www.cian.ru/sale/flat/326384966/#)\\n    \\n*   [](https://www.cian.ru/sale/flat/326384966/#)\\n    \\n*   [](https://www.cian.ru/sale/flat/326384966/#)\\n    \\n*   [](https://www.cian.ru/sale/flat/326","refusal":null,"reasoning":null}}],"usage":{"prompt_tokens":2186,"completion_tokens":1024,"total_tokens":3210,"cost":0.0005343600000256,"is_byok":false,"prompt_tokens_details":{"cached_tokens":128,"cache_write_tokens":0,"audio_tokens":0,"video_tokens":0},"cost_details":{"upstream_inference_cost":0.0005343600000256,"upstream_inference_prompt_cost":0.0001247600000256,"upstream_inference_completions_cost":0.0004096},"completion_tokens_details":{"reasoning_tokens":0,"image_tokens":0,"audio_tokens":0}}}},"usage":{"inputTokens":2186,"inputTokenDetails":{"cacheReadTokens":128},"outputTokens":1024,"outputTokenDetails":{"reasoningTokens":0},"totalTokens":3210,"reasoningTokens":0,"cachedInputTokens":128},"finishReason":"length","message":"No object generated: could not parse the response.","stack":"AI_NoObjectGeneratedError: No object generated: could not parse the response.\n    at parseAndValidateObjectResult (/app/node_modules/.pnpm/ai@6.0.86_zod@4.1.12/node_modules/ai/dist/index.js:9484:11)\n    at process.processTicksAndRejections (node:internal/process/task_queues:103:5)\n    at async parseAndValidateObjectResultWithRepair (/app/node_modules/.pnpm/ai@6.0.86_zod@4.1.12/node_modules/ai/dist/index.js:9525:14)\n    at async fn (/app/node_modules/.pnpm/ai@6.0.86_zod@4.1.12/node_modules/ai/dist/index.js:9859:25)\n    at async /app/node_modules/.pnpm/ai@6.0.86_zod@4.1.12/node_modules/ai/dist/index.js:2340:24\n    at async generateObject (/app/node_modules/.pnpm/ai@6.0.86_zod@4.1.12/node_modules/ai/dist/index.js:9712:12)\n    at async generateCompletions (/app/dist/src/scraper/scrapeURL/transformers/llmExtract.js:718:22)\n    at async extractData (/app/dist/src/scraper/scrapeURL/lib/extractSmartScrape.js:259:60)\n    at async performLLMExtract (/app/dist/src/scraper/scrapeURL/transformers/llmExtract.js:939:78)\n    at async executeTransformers (/app/dist/src/scraper/scrapeURL/transformers/index.js:393:20)"}}
api-1  | api            2026-03-30 20:16:36 info [ScrapeURL:performLLMExtract/generateCompletions]: Smart schema resolved
api-1  | api            2026-03-30 20:16:36 info [ScrapeURL:executeTransformers/performLLMExtract]: [scrape.pipeline] LLM JSON-extract завершён: страниц 1, данные нет, предупреждение нет
api-1  | api            2026-03-30 20:16:36 warn [ScrapeURL:executeTransformers/coerceFieldsToFormats]: Request had format json, but there was no json field in the result. {"module":"ScrapeURL","scrapeId":"019d4063-5d89-7708-be83-db7b84c87f7a","scrapeURL":"https://www.cian.ru/sale/flat/326384966/","zeroDataRetention":false,"teamId":"bypass","team_id":"bypass","method":"executeTransformers/coerceFieldsToFormats"}
api-1  | api            2026-03-30 20:16:36 info [ScrapeURL:]: [scrape.pipeline] Трансформеры завершены, документ собран (движок fetch, rawHtml 610556 симв., markdown 5474 симв., HTTP 200)
api-1  | api            2026-03-30 20:16:36 info [log_job:logScrape]: Skipp

#============================
arser_cian.queue_manager - INFO - ✅ [Worker-5] Успешно обработано: https://www.cian.ru/sale/flat/325554534/ | ID: 325554534
2026-03-30 23:19:38,533 - services.parser_cian.queue_manager - INFO - 🔧 [Worker-5] Взял из очереди: https://www.cian.ru/sale/flat/324065104/
2026-03-30 23:19:38,533 - services.parser_cian.parser - INFO - 🔍 Начинаю парсинг: https://www.cian.ru/sale/flat/324065104/
2026-03-30 23:19:38,534 - googleapiclient.discovery - INFO - URL being requested: GET https://sheets.googleapis.com/v4/spreadsheets/1zD-p5YNUK64cBunenZtV_VIDgG23CIA03M6M8e8s3M8/values:batchGet?ranges=Offers_Parser%21A%3AZ&ranges=Signals_Parser%21A%3AZ&alt=json
2026-03-30 23:19:39,578 - httpx - INFO - HTTP Request: POST http://host.docker.internal:3002/v2/scrape "HTTP/1.1 200 OK"
2026-03-30 23:19:39,578 - services.parser_cian.parser - WARNING - ⚠️ creationDate не найден в HTML
2026-03-30 23:19:39,578 - services.parser_cian.parser - WARNING - ⚠️ creationDate не найден в HTML, пропускаем статистику
2026-03-30 23:19:39,578 - services.parser_cian.parser - INFO - ✅ Успешно: https://www.cian.ru/sale/flat/308405854/ | Цена: 0 руб | Площадь: 0.0 м²
2026-03-30 23:19:39,579 - services.parser_cian.queue_manager - INFO - 💾 [Worker-15] Объявление снято. Перемещаю в SOLD: https://www.cian.ru/sale/flat/308405854/
2026-03-30 23:19:39,622 - services.parser_cian.db.repository - INFO - Moved to sold: https://www.cian.ru/sale/flat/308405854/
2026-03-30 23:19:39,898 - packages.flipper_core.sheets - INFO - Found existing row for 327181472 at index 2978 in Offers_Parser. Updating...
2026-03-30 23:19:39,899 - googleapiclient.discovery - INFO - URL being requested: PUT https://sheets.googleapis.com/v4/spreadsheets/1zD-p5YNUK64cBunenZtV_VIDgG2



#====================

            2026-03-30 20:38:04 info [:POST]: v2 request completed
api-1  | nuq-reconciler 2026-03-30 20:38:05 info [:]: Concurrency queue reconciler run complete
api-1  | api            2026-03-30 20:38:11 warn [ScrapeURL:performLLMExtract/generateCompletions]: No object generated {"module":"ScrapeURL","scrapeId":"019d4077-3d0b-75d3-ac8b-392288b9ac2c","scrapeURL":"https://www.cian.ru/sale/flat/328323833/","zeroDataRetention":false,"teamId":"bypass","team_id":"bypass","method":"performLLMExtract/generateCompletions","error":{"name":"AI_NoObjectGeneratedError","cause":{"name":"AI_JSONParseError","cause":{"name":"SyntaxError","message":"Expected ':' after property name in JSON at position 3286 (line 13 column 5)","stack":"SyntaxError: Expected ':' after property name in JSON at position 3286 (line 13 column 5)"},"text":"{\n  \"extractedData\": {\n    \"cian_id\": \"328323833\",\n    \"price\": 19490000,\n    \"price_per_m2\": 362942,\n    \"title\": \"Продается 2-комн. квартира, 53,7 м²\",\n    \"description\": \"Уважаемые покупатели! Продается просторная и светлая двухкомнатная квартира общей площадью 53 кв.м + застекленная лоджия около 3 кв. м. Высокие потолки 2,7м создают ощущение свободы, две просторные комнаты всегда наполнены естественным светом (солнечная сторона), высокий этаж открывают приятный вид во двор. Продуманная планировка включает в себя: Функциональную кухню - 9 м, которая не просто большая, но и имеет квадратную форму, что дает хозяйке возможность создать кухню мечты Большую гостиную с застекленной лоджией; Изолированную спальню, тоже квадратной формы, легко поместить двухспальную кровать, большой шкаф и бьюти зону для девушек; раздельный санузел обеспечит комфорт для всех членов семьи. Большую прихожую, в которой легко помещается трехстворчатый шкаф-купе для сезонной одежды. Оснащение: Кухня по договоренности останется покупателю. Отделка: В квартире выполнен косметический ремонт, все чисто и аккуратно, заезжай - живи. На полу качественный ламинат, с/у в плитке Видеонаблюдение 24/7 (вход, лифты) и домофон обеспечивают безопасность. Закрытый тамбур на 4 квартиры позволяет \\\"парковать\\\" велосипеды/самокаты/коляски. Никогда нет проблем с парковкой - вокруг дома много мест Благоустройство: Вокруг дома новый асфальт, современные скверы с фонтанчиками и элементами ландшафтного дизайна, новые детские и спортивные площадки. Ежедневные покупки в соседних домах продукты, салон красоты, пункты Ozon, WB, ветклиника, фитнес и пр. Логистика: Идеальная локация. Остановка в 2 мин от дома. Транспорт: 15 минут пешком до ст. м. Каширская (вкл. БКЛ) и м. Кантемировская, МЦД Москворечье и развитая сеть автобусных маршрутов. Удобные развязки для авто -рядом выезды на центральные шоссе: Каширское, МСД/ЮВХ, Варшавское Природа: Всего 15 минут до одного из старейших парков столицы - музея - заповедника Коломенское с его дворцами, яблоневым садами и набережной Москвы -реки. Для отдыха и спорта на каждый день - парк Долина реки Чертановка со спорт зонами, велодорожками, зонами барбекю и уютными кафешками. Инфраструктура: В шаговой доступности Детские сады, 2 школы 1479 и 2000, частная гимназия Эллада, кадетский корпус, школа искусств им. Рихтера и огромный творческий центр Москворечье, где есть все развивающие направления для детей. Рядом два престижнейших Вуза столицы - МИФИ и МФЮА, чуть подальше РАНГХИС. Неподалеку строится современный Водный дворец спорта, любые развлечения и шопинг в торгово-развлекательных центрах по-близости на выбор: Москворечье, Гудзон, Каширская Плаза, Домодедовский. За покупками покрупней в Автодом \\\"Москва Тянья\\\" и Мебельный центр Хофф в 10 минутах на машине. Идеальная чистая и прозрачная история объекта. Без Долгов и обременений, альтернатива подобрана и уже внесен залог, быстрый выход на сделку! Свяжитесь с нами прямо сейчас, чтобы получить дополнительную информацию и организовать просмотр. Предложение ограничено по времени — спешите стать владельцем этой прекрасной квартиры!\",\n    \"address\": {\n      \"full\": \"Москва, ЮАО, р-н Москворечье-Сабурово, ул. Кошкина\",\n      \"district\": \"ЮАО\",\n      \"metro_station\": \"Кантемировская\",\n      \"ok.\"\n    }\n  }\n}","message":"JSON parsing failed: Text: {\n  \"extractedData\": {\n    \"cian_id\": \"328323833\",\n    \"price\": 19490000,\n    \"price_per_m2\": 362942,\n    \"title\": \"Продается 2-комн. квартира, 53,7 м²\",\n    \"description\": \"Уважаемые покупатели! Продается просторная и светлая двухкомнатная квартира общей площадью 53 кв.м + застекленная лоджия около 3 кв. м. Высокие потолки 2,7м создают ощущение свободы, две просторные комнаты всегда наполнены естественным светом (солнечная сторона), высокий этаж открывают приятный вид во двор. Продуманная планировка включает в себя: Функциональную кухню - 9 м, которая не просто большая, но и имеет квадратную форму, что дает хозяйке возможность создать кухню мечты Большую гостиную с застекленной лоджией; Изолированную спальню, тоже квадратной формы, легко поместить двухспальную кровать, большой шкаф и бьюти зону для девушек; раздельный санузел обеспечит комфорт для всех членов семьи. Большую прихожую, в которой легко помещается трехстворчатый шкаф-купе для сезонной одежды. Оснащение: Кухня по договоренности останется покупателю. Отделка: В квартире выполнен косметический ремонт, все чисто и аккуратно, заезжай - живи. На полу качественный ламинат, с/у в плитке Видеонаблюдение 24/7 (вход, лифты) и домофон обеспечивают безопасность. Закрытый тамбур на 4 квартиры позволяет \\\"парковать\\\" велосипеды/самокаты/коляски. Никогда нет проблем с парковкой - вокруг дома много мест Благоустройство: Вокруг дома новый асфальт, современные скверы с фонтанчиками и элементами ландшафтного дизайна, новые детские и спортивные площадки. Ежедневные покупки в соседних домах продукты, салон красоты, пункты Ozon, WB, ветклиника, фитнес и пр. Логистика: Идеальная локация. Остановка в 2 мин от дома. Транспорт: 15 минут пешком до ст. м. Каширская (вкл. БКЛ) и м. Кантемировская, МЦД Москворечье и развитая сеть автобусных маршрутов. Удобные развязки для авто -рядом выезды на центральные шоссе: Каширское, МСД/ЮВХ, Варшавское Природа: Всего 15 минут до одного из старейших парков столицы - музея - заповедника Коломенское с его дворцами, яблоневым садами и набережной Москвы -реки. Для отдыха и спорта на каждый день - парк Долина реки Чертановка со спорт зонами, велодорожками, зонами барбекю и уютными кафешками. Инфраструктура: В шаговой доступности Детские сады, 2 школы 1479 и 2000, частная гимназия Эллада, кадетский корпус, школа искусств им. Рихтера и огромный творческий центр Москворечье, где есть все развивающие направления для детей. Рядом два престижнейших Вуза столицы - МИФИ и МФЮА, чуть подальше РАНГХИС. Неподалеку строится современный Водный дворец спорта, любые развлечения и шопинг в торгово-развлекательных центрах по-близости на выбор: Москворечье, Гудзон, Каширская Плаза, Домодедовский. За покупками покрупней в Автодом \\\"Москва Тянья\\\" и Мебельный центр Хофф в 10 минутах на машине. Идеальная чистая и прозрачная история объекта. Без Долгов и обременений, альтернатива подобрана и уже внесен залог, быстрый выход на сделку! Свяжитесь с нами прямо сейчас, чтобы получить дополнительную информацию и организовать просмотр. Предложение ограничено по времени — спешите стать владельцем этой прекрасной квартиры!\",\n    \"address\": {\n      \"full\": \"Москва, ЮАО, р-н Москворечье-Сабурово, ул. Кошкина\",\n      \"district\": \"ЮАО\",\n      \"metro_station\": \"Кантемировская\",\n      \"ok.\"\n    }\n  }\n}.\nError message: Expected ':' after property name in JSON at position 3286 (line 13 column 5)","stack":"AI_JSONParseError: JSON parsing failed: Text: {\n  \"extractedData\": {\n    \"cian_id\": \"328323833\",\n    \"price\": 19490000,\n    \"price_per_m2\": 362942,\n    \"title\": \"Продается 2-комн. квартира, 53,7 м²\",\n    \"description\": \"Уважаемые покупатели! Продается просторная и светлая двухкомнатная квартира общей площадью 53 кв.м + застекленная лоджия около 3 кв. м. Высокие потолки 2,7м создают ощущение свободы, две просторные комнаты всегда наполнены естественным светом (солнечная сторона), высокий этаж открывают приятный вид во двор. Продуманная планировка включает в себя: Функциональную кухню - 9 м, которая не просто большая, но и имеет квадратную форму, что дает хозяйке возможность создать кухню мечты Большую гостиную с застекленной лоджией; Изолированную спальню, тоже квадратной формы, легко поместить двухспальную кровать, большой шкаф и бьюти зону для девушек; раздельный санузел обеспечит комфорт для всех членов семьи. Большую прихожую, в которой легко помещается трехстворчатый шкаф-купе для сезонной одежды. Оснащение: Кухня по договоренности останется покупателю. Отделка: В квартире выполнен косметический ремонт, все чисто и аккуратно, заезжай - живи. На полу качественный ламинат, с/у в плитке Видеонаблюдение 24/7 (вход, лифты) и домофон обеспечивают безопасность. Закрытый тамбур на 4 квартиры позволяет \\\"парковать\\\" велосипеды/самокаты/коляски. Никогда нет проблем с парковкой - вокруг дома много мест Благоустройство: Вокруг дома новый асфальт, современные скверы с фонтанчиками и элементами ландшафтного дизайна, новые детские и спортивные площадки. Ежедневные покупки в соседних домах продукты, салон красоты, пункты Ozon, WB, ветклиника, фитнес и пр. Логистика: Идеальная локация. Остановка в 2 мин от дома. Транспорт: 15 минут пешком до ст. м. Каширская (вкл. БКЛ) и м. Кантемировская, МЦД Москворечье и развитая сеть автобусных маршрутов. Удобные развязки для авто -рядом выезды на центральные шоссе: Каширское, МСД/ЮВХ, Варшавское Природа: Всего 15 минут до одного из старейших парков столицы - музея - заповедника Коломенское с его дворцами, яблоневым садами и набережной Москвы -реки. Для отдыха и спорта на каждый день - парк Долина реки Чертановка со спорт зонами, велодорожками, зонами барбекю и уютными кафешками. Инфраструктура: В шаговой доступности Детские сады, 2 школы 1479 и 2000, частная гимназия Эллада, кадетский корпус, школа искусств им. Рихтера и огромный творческий центр Москворечье, где есть все развивающие направления для детей. Рядом два престижнейших Вуза столицы - МИФИ и МФЮА, чуть подальше РАНГХИС. Неподалеку строится современный Водный дворец спорта, любые развлечения и шопинг в торгово-развлекательных центрах по-близости на выбор: Москворечье, Гудзон, Каширская Плаза, Домодедовский. За покупками покрупней в Автодом \\\"Москва Тянья\\\" и Мебельный центр Хофф в 10 минутах на машине. Идеальная чистая и прозрачная история объекта. Без Долгов и обременений, альтернатива подобрана и уже внесен залог, быстрый выход на сделку! Свяжитесь с нами прямо сейчас, чтобы получить дополнительную информацию и организовать просмотр. Предложение ограничено по времени — спешите стать владельцем этой прекрасной квартиры!\",\n    \"address\": {\n      \"full\": \"Москва, ЮАО, р-н Москворечье-Сабурово, ул. Кошкина\",\n      \"district\": \"ЮАО\",\n      \"metro_station\": \"Кантемировская\",\n      \"ok.\"\n    }\n  }\n}.\nError message: Expected ':' after property name in JSON at position 3286 (line 13 column 5)\n    at safeParseJSON (/app/node_modules/.pnpm/@ai-sdk+provider-utils@4.0.15_zod@4.1.12/node_modules/@ai-sdk/provider-utils/dist/index.js:2247:74)\n    at parseAndValidateObjectResult (/app/node_modules/.pnpm/ai@6.0.86_zod@4.1.12/node_modules/ai/dist/index.js:9482:71)\n    at parseAndValidateObjectResultWithRepair (/app/node_modules/.pnpm/ai@6.0.86_zod@4.1.12/node_modules/ai/dist/index.js:9525:20)\n    at process.processTicksAndRejections (node:internal/process/task_queues:103:5)\n    at async fn (/app/node_modules/.pnpm/ai@6.0.86_zod@4.1.12/node_modules/ai/dist/index.js:9859:25)\n    at async /app/node_modules/.pnpm/ai@6.0.86_zod@4.1.12/node_modules/ai/dist/index.js:2340:24\n    at async generateObject (/app/node_modules/.pnpm/ai@6.0.86_zod@4.1.12/node_modules/ai/dist/index.js:9712:12)\n    at async generateCompletions (/app/dist/src/scraper/scrapeURL/transformers/llmExtract.js:718:22)\n    at async extractData (/app/dist/src/scraper/scrapeURL/lib/extractSmartScrape.js:259:60)\n    at async performLLMExtract (/app/dist/src/scraper/scrapeURL/transformers/llmExtract.js:939:78)"},"text":"{\n  \"extractedData\": {\n    \"cian_id\": \"328323833\",\n    \"price\": 19490000,\n    \"price_per_m2\": 362942,\n    \"title\": \"Продается 2-комн. квартира, 53,7 м²\",\n    \"description\": \"Уважаемые покупатели! Продается просторная и светлая двухкомнатная квартира общей площадью 53 кв.м + застекленная лоджия около 3 кв. м. Высокие потолки 2,7м создают ощущение свободы, две просторные комнаты всегда наполнены естественным светом (солнечная сторона), высокий этаж открывают приятный вид во двор. Продуманная планировка включает в себя: Функциональную кухню - 9 м, которая не просто большая, но и имеет квадратную форму, что дает хозяйке возможность создать кухню мечты Большую гостиную с застекленной лоджией; Изолированную спальню, тоже квадратной формы, легко поместить двухспальную кровать, большой шкаф и бьюти зону для девушек; раздельный санузел обеспечит комфорт для всех членов семьи. Большую прихожую, в которой легко помещается трехстворчатый шкаф-купе для сезонной одежды. Оснащение: Кухня по договоренности останется покупателю. Отделка: В квартире выполнен косметический ремонт, все чисто и аккуратно, заезжай - живи. На полу качественный ламинат, с/у в плитке Видеонаблюдение 24/7 (вход, лифты) и домофон обеспечивают безопасность. Закрытый тамбур на 4 квартиры позволяет \\\"парковать\\\" велосипеды/самокаты/коляски. Никогда нет проблем с парковкой - вокруг дома много мест Благоустройство: Вокруг дома новый асфальт, современные скверы с фонтанчиками и элементами ландшафтного дизайна, новые детские и спортивные площадки. Ежедневные покупки в соседних домах продукты, салон красоты, пункты Ozon, WB, ветклиника, фитнес и пр. Логистика: Идеальная локация. Остановка в 2 мин от дома. Транспорт: 15 минут пешком до ст. м. Каширская (вкл. БКЛ) и м. Кантемировская, МЦД Москворечье и развитая сеть автобусных маршрутов. Удобные развязки для авто -рядом выезды на центральные шоссе: Каширское, МСД/ЮВХ, Варшавское Природа: Всего 15 минут до одного из старейших парков столицы - музея - заповедника Коломенское с его дворцами, яблоневым садами и набережной Москвы -реки. Для отдыха и спорта на каждый день - парк Долина реки Чертановка со спорт зонами, велодорожками, зонами барбекю и уютными кафешками. Инфраструктура: В шаговой доступности Детские сады, 2 школы 1479 и 2000, частная гимназия Эллада, кадетский корпус, школа искусств им. Рихтера и огромный творческий центр Москворечье, где есть все развивающие направления для детей. Рядом два престижнейших Вуза столицы - МИФИ и МФЮА, чуть подальше РАНГХИС. Неподалеку строится современный Водный дворец спорта, любые развлечения и шопинг в торгово-развлекательных центрах по-близости на выбор: Москворечье, Гудзон, Каширская Плаза, Домодедовский. За покупками покрупней в Автодом \\\"Москва Тянья\\\" и Мебельный центр Хофф в 10 минутах на машине. Идеальная чистая и прозрачная история объекта. Без Долгов и обременений, альтернатива подобрана и уже внесен залог, быстрый выход на сделку! Свяжитесь с нами прямо сейчас, чтобы получить дополнительную информацию и организовать просмотр. Предложение ограничено по времени — спешите стать владельцем этой прекрасной квартиры!\",\n    \"address\": {\n      \"full\": \"Москва, ЮАО, р-н Москворечье-Сабурово, ул. Кошкина\",\n      \"district\": \"ЮАО\",\n      \"metro_station\": \"Кантемировская\",\n      \"ok.\"\n    }\n  }\n}","response":{"id":"gen-1774903052-XxAea5IDMAaClhW1Vh1n","timestamp":"2026-03-30T20:37:32.000Z","modelId":"z-ai/glm-4.7-flash-20260119","headers":{"access-control-allow-origin":"*","cf-ray":"9e49e9ab5b671f99-FRA","connection":"keep-alive","content-encoding":"gzip","content-type":"application/json","date":"Mon, 30 Mar 2026 20:37:32 GMT","permissions-policy":"payment=(self \"https://checkout.stripe.com\" \"https://connect-js.stripe.com\" \"https://js.stripe.com\" \"https://*.js.stripe.com\" \"https://hooks.stripe.com\")","referrer-policy":"no-referrer, strict-origin-when-cross-origin","server":"cloudflare","transfer-encoding":"chunked","x-content-type-options":"nosniff"},"body":{"id":"gen-1774903052-XxAea5IDMAaClhW1Vh1n","object":"chat.completion","created":1774903052,"model":"z-ai/glm-4.7-flash-20260119","provider":"DeepInfra","system_fingerprint":null,"choices":[{"index":0,"logprobs":null,"finish_reason":"length","native_finish_reason":"length","message":{"role":"assistant","content":"{\n  \"extractedData\": {\n    \"cian_id\": \"328323833\",\n    \"price\": 19490000,\n    \"price_per_m2\": 362942,\n    \"title\": \"Продается 2-комн. квартира, 53,7 м²\",\n    \"description\": \"Уважаемые покупатели! Продается просторная и светлая двухкомнатная квартира общей площадью 53 кв.м + застекленная лоджия около 3 кв. м. Высокие потолки 2,7м создают ощущение свободы, две просторные комнаты всегда наполнены естественным светом (солнечная сторона), высокий этаж открывают приятный вид во двор. Продуманная планировка включает в себя: Функциональную кухню - 9 м, которая не просто большая, но и имеет квадратную форму, что дает хозяйке возможность создать кухню мечты Большую гостиную с застекленной лоджией; Изолированную спальню, тоже квадратной формы, легко поместить двухспальную кровать, большой шкаф и бьюти зону для девушек; раздельный санузел обеспечит комфорт для всех членов семьи. Большую прихожую, в которой легко помещается трехстворчатый шкаф-купе для сезонной одежды. Оснащение: Кухня по договоренности останется покупателю. Отделка: В квартире выполнен косметический ремонт, все чисто и аккуратно, заезжай - живи. На полу качественный ламинат, с/у в плитке Видеонаблюдение 24/7 (вход, лифты) и домофон обеспечивают безопасность. Закрытый тамбур на 4 квартиры позволяет \\\"парковать\\\" велосипеды/самокаты/коляски. Никогда нет проблем с парковкой - вокруг дома много мест Благоустройство: Вокруг дома новый асфальт, современные скверы с фонтанчиками и элементами ландшафтного дизайна, новые детские и спортивные площадки. Ежедневные покупки в соседних домах продукты, салон красоты, пункты Ozon, WB, ветклиника, фитнес и пр. Логистика: Идеальная локация. Остановка в 2 мин от дома. Транспорт: 15 минут пешком до ст. м. Каширская (вкл. БКЛ) и м. Кантемировская, МЦД Москворечье и развитая сеть автобусных маршрутов. Удобные развязки для авто -рядом выезды на центральные шоссе: Каширское, МСД/ЮВХ, Варшавское Природа: Всего 15 минут до одного из старейших парков столицы - музея - заповедника Коломенское с его дворцами, яблоневым садами и набережной Москвы -реки. Для отдыха и спорта на каждый день - парк Долина реки Чертановка со спорт зонами, велодорожками, зонами барбекю и уютными кафешками. Инфраструктура: В шаговой доступности Детские сады, 2 школы 1479 и 2000, частная гимназия Эллада, кадетский корпус, школа искусств им. Рихтера и огромный творческий центр Москворечье, где есть все развивающие направления для детей. Рядом два престижнейших Вуза столицы - МИФИ и МФЮА, чуть подальше РАНГХИС. Неподалеку строится современный Водный дворец спорта, любые развлечения и шопинг в торгово-развлекательных центрах по-близости на выбор: Москворечье, Гудзон, Каширская Плаза, Домодедовский. За покупками покрупней в Автодом \\\"Москва Тянья\\\" и Мебельный центр Хофф в 10 минутах на машине. Идеальная чистая и прозрачная история объекта. Без Долгов и обременений, альтернатива подобрана и уже внесен залог, быстрый выход на сделку! Свяжитесь с нами прямо сейчас, чтобы получить дополнительную информацию и организовать просмотр. Предложение ограничено по времени — спешите стать владельцем этой прекрасной квартиры! Пр\",\n    \"address\": {\n      \"full\": \"Москва, ЮАО, р-н Москворечье-Сабурово, ул. Кошкина\",\n      \"district\": \"ЮАО\",\n      \"metro_station\": \"Кантемировская\",\n      \"ok","refusal":null,"reasoning":null}}],"usage":{"prompt_tokens":2524,"completion_tokens":1024,"total_tokens":3548,"cost":0.0005546400000256,"is_byok":false,"prompt_tokens_details":{"cached_tokens":128,"cache_write_tokens":0,"audio_tokens":0,"video_tokens":0},"cost_details":{"upstream_inference_cost":0.0005546400000256,"upstream_inference_prompt_cost":0.0001450400000256,"upstream_inference_completions_cost":0.0004096},"completion_tokens_details":{"reasoning_tokens":0,"image_tokens":0,"audio_tokens":0}}}},"usage":{"inputTokens":2524,"inputTokenDetails":{"cacheReadTokens":128},"outputTokens":1024,"outputTokenDetails":{"reasoningTokens":0},"totalTokens":3548,"reasoningTokens":0,"cachedInputTokens":128},"finishReason":"length","message":"No object generated: could not parse the response.","stack":"AI_NoObjectGeneratedError: No object generated: could not parse the response.\n    at parseAndValidateObjectResult (/app/node_modules/.pnpm/ai@6.0.86_zod@4.1.12/node_modules/ai/dist/index.js:9484:11)\n    at process.processTicksAndRejections (node:internal/process/task_queues:103:5)\n    at async parseAndValidateObjectResultWithRepair (/app/node_modules/.pnpm/ai@6.0.86_zod@4.1.12/node_modules/ai/dist/index.js:9525:14)\n    at async fn (/app/node_modules/.pnpm/ai@6.0.86_zod@4.1.12/node_modules/ai/dist/index.js:9859:25)\n    at async /app/node_modules/.pnpm/ai@6.0.86_zod@4.1.12/node_modules/ai/dist/index.js:2340:24\n    at async generateObject (/app/node_modules/.pnpm/ai@6.0.86_zod@4.1.12/node_modules/ai/dist/index.js:9712:12)\n    at async generateCompletions (/app/dist/src/scraper/scrapeURL/transformers/llmExtract.js:718:22)\n    at async extractData (/app/dist/src/scraper/scrapeURL/lib/extractSmartScrape.js:259:60)\n    at async performLLMExtract (/app/dist/src/scraper/scrapeURL/transformers/llmExtract.js:939:78)\n    at async executeTransformers (/app/dist/src/scraper/scrapeURL/transformers/index.js:393:20)"}}
api-1  | api            2026-03-30 20:38:11 error [ScrapeURL:performLLMExtract/generateCompletions]: LLM extraction failed {"module":"ScrapeURL","scrapeId":"019d4077-3d0b-75d3-ac8b-392288b9ac2c","scrapeURL":"https://www.cian.ru/sale/flat/328323833/","zeroDataRetention":false,"teamId":"bypass","team_id":"bypass","method":"performLLMExtract/generateCompletions","error":{"name":"AI_NoObjectGeneratedError","cause":{"name":"AI_JSONParseError","cause":{"name":"SyntaxError","message":"Expected ':' after property name in JSON at position 3286 (line 13 column 5)","stack":"SyntaxError: Expected ':' after property name in JSON at position 3286 (line 13 column 5)"},"text":"{\n  \"extractedData\": {\n    \"cian_id\": \"328323833\",\n    \"price\": 19490000,\n    \"price_per_m2\": 362942,\n    \"title\": \"Продается 2-комн. квартира, 53,7 м²\",\n    \"description\": \"Уважаемые покупатели! Продается просторная и светлая двухкомнатная квартира общей площадью 53 кв.м + застекленная лоджия около 3 кв. м. Высокие потолки 2,7м создают ощущение свободы, две просторные комнаты всегда наполнены естественным светом (солнечная сторона), высокий этаж открывают приятный вид во двор. Продуманная планировка включает в себя: Функциональную кухню - 9 м, которая не просто большая, но и имеет квадратную форму, что дает хозяйке возможность создать кухню мечты Большую гостиную с застекленной лоджией; Изолированную спальню, тоже квадратной формы, легко поместить двухспальную кровать, большой шкаф и бьюти зону для девушек; раздельный санузел обеспечит комфорт для всех членов семьи. Большую прихожую, в которой легко помещается трехстворчатый шкаф-купе для сезонной одежды. Оснащение: Кухня по договоренности останется покупателю. Отделка: В квартире выполнен косметический ремонт, все чисто и аккуратно, заезжай - живи. На полу качественный ламинат, с/у в плитке Видеонаблюдение 24/7 (вход, лифты) и домофон обеспечивают безопасность. Закрытый тамбур на 4 квартиры позволяет \\\"парковать\\\" велосипеды/самокаты/коляски. Никогда нет проблем с парковкой - вокруг дома много мест Благоустройство: Вокруг дома новый асфальт, современные скверы с фонтанчиками и элементами ландшафтного дизайна, новые детские и спортивные площадки. Ежедневные покупки в соседних домах продукты, салон красоты, пункты Ozon, WB, ветклиника, фитнес и пр. Логистика: Идеальная локация. Остановка в 2 мин от дома. Транспорт: 15 минут пешком до ст. м. Каширская (вкл. БКЛ) и м. Кантемировская, МЦД Москворечье и развитая сеть автобусных маршрутов. Удобные развязки для авто -рядом выезды на центральные шоссе: Каширское, МСД/ЮВХ, Варшавское Природа: Всего 15 минут до одного из старейших парков столицы - музея - заповедника Коломенское с его дворцами, яблоневым садами и набережной Москвы -реки. Для отдыха и спорта на каждый день - парк Долина реки Чертановка со спорт зонами, велодорожками, зонами барбекю и уютными кафешками. Инфраструктура: В шаговой доступности Детские сады, 2 школы 1479 и 2000, частная гимназия Эллада, кадетский корпус, школа искусств им. Рихтера и огромный творческий центр Москворечье, где есть все развивающие направления для детей. Рядом два престижнейших Вуза столицы - МИФИ и МФЮА, чуть подальше РАНГХИС. Неподалеку строится современный Водный дворец спорта, любые развлечения и шопинг в торгово-развлекательных центрах по-близости на выбор: Москворечье, Гудзон, Каширская Плаза, Домодедовский. За покупками покрупней в Автодом \\\"Москва Тянья\\\" и Мебельный центр Хофф в 10 минутах на машине. Идеальная чистая и прозрачная история объекта. Без Долгов и обременений, альтернатива подобрана и уже внесен залог, быстрый выход на сделку! Свяжитесь с нами прямо сейчас, чтобы получить дополнительную информацию и организовать просмотр. Предложение ограничено по времени — спешите стать владельцем этой прекрасной квартиры!\",\n    \"address\": {\n      \"full\": \"Москва, ЮАО, р-н Москворечье-Сабурово, ул. Кошкина\",\n      \"district\": \"ЮАО\",\n      \"metro_station\": \"Кантемировская\",\n      \"ok.\"\n    }\n  }\n}","message":"JSON parsing failed: Text: {\n  \"extractedData\": {\n    \"cian_id\": \"328323833\",\n    \"price\": 19490000,\n    \"price_per_m2\": 362942,\n    \"title\": \"Продается 2-комн. квартира, 53,7 м²\",\n    \"description\": \"Уважаемые покупатели! Продается просторная и светлая двухкомнатная квартира общей площадью 53 кв.м + застекленная лоджия около 3 кв. м. Высокие потолки 2,7м создают ощущение свободы, две просторные комнаты всегда наполнены естественным светом (солнечная сторона), высокий этаж открывают приятный вид во двор. Продуманная планировка включает в себя: Функциональную кухню - 9 м, которая не просто большая, но и имеет квадратную форму, что дает хозяйке возможность создать кухню мечты Большую гостиную с застекленной лоджией; Изолированную спальню, тоже квадратной формы, легко поместить двухспальную кровать, большой шкаф и бьюти зону для девушек; раздельный санузел обеспечит комфорт для всех членов семьи. Большую прихожую, в которой легко помещается трехстворчатый шкаф-купе для сезонной одежды. Оснащение: Кухня по договоренности останется покупателю. Отделка: В квартире выполнен косметический ремонт, все чисто и аккуратно, заезжай - живи. На полу качественный ламинат, с/у в плитке Видеонаблюдение 24/7 (вход, лифты) и домофон обеспечивают безопасность. Закрытый тамбур на 4 квартиры позволяет \\\"парковать\\\" велосипеды/самокаты/коляски. Никогда нет проблем с парковкой - вокруг дома много мест Благоустройство: Вокруг дома новый асфальт, современные скверы с фонтанчиками и элементами ландшафтного дизайна, новые детские и спортивные площадки. Ежедневные покупки в соседних домах продукты, салон красоты, пункты Ozon, WB, ветклиника, фитнес и пр. Логистика: Идеальная локация. Остановка в 2 мин от дома. Транспорт: 15 минут пешком до ст. м. Каширская (вкл. БКЛ) и м. Кантемировская, МЦД Москворечье и развитая сеть автобусных маршрутов. Удобные развязки для авто -рядом выезды на центральные шоссе: Каширское, МСД/ЮВХ, Варшавское Природа: Всего 15 минут до одного из старейших парков столицы - музея - заповедника Коломенское с его дворцами, яблоневым садами и набережной Москвы -реки. Для отдыха и спорта на каждый день - парк Долина реки Чертановка со спорт зонами, велодорожками, зонами барбекю и уютными кафешками. Инфраструктура: В шаговой доступности Детские сады, 2 школы 1479 и 2000, частная гимназия Эллада, кадетский корпус, школа искусств им. Рихтера и огромный творческий центр Москворечье, где есть все развивающие направления для детей. Рядом два престижнейших Вуза столицы - МИФИ и МФЮА, чуть подальше РАНГХИС. Неподалеку строится современный Водный дворец спорта, любые развлечения и шопинг в торгово-развлекательных центрах по-близости на выбор: Москворечье, Гудзон, Каширская Плаза, Домодедовский. За покупками покрупней в Автодом \\\"Москва Тянья\\\" и Мебельный центр Хофф в 10 минутах на машине. Идеальная чистая и прозрачная история объекта. Без Долгов и обременений, альтернатива подобрана и уже внесен залог, быстрый выход на сделку! Свяжитесь с нами прямо сейчас, чтобы получить дополнительную информацию и организовать просмотр. Предложение ограничено по времени — спешите стать владельцем этой прекрасной квартиры!\",\n    \"address\": {\n      \"full\": \"Москва, ЮАО, р-н Москворечье-Сабурово, ул. Кошкина\",\n      \"district\": \"ЮАО\",\n      \"metro_station\": \"Кантемировская\",\n      \"ok.\"\n    }\n  }\n}.\nError message: Expected ':' after property name in JSON at position 3286 (line 13 column 5)","stack":"AI_JSONParseError: JSON parsing failed: Text: {\n  \"extractedData\": {\n    \"cian_id\": \"328323833\",\n    \"price\": 19490000,\n    \"price_per_m2\": 362942,\n    \"title\": \"Продается 2-комн. квартира, 53,7 м²\",\n    \"description\": \"Уважаемые покупатели! Продается просторная и светлая двухкомнатная квартира общей площадью 53 кв.м + застекленная лоджия около 3 кв. м. Высокие потолки 2,7м создают ощущение свободы, две просторные комнаты всегда наполнены естественным светом (солнечная сторона), высокий этаж открывают приятный вид во двор. Продуманная планировка включает в себя: Функциональную кухню - 9 м, которая не просто большая, но и имеет квадратную форму, что дает хозяйке возможность создать кухню мечты Большую гостиную с застекленной лоджией; Изолированную спальню, тоже квадратной формы, легко поместить двухспальную кровать, большой шкаф и бьюти зону для девушек; раздельный санузел обеспечит комфорт для всех членов семьи. Большую прихожую, в которой легко помещается трехстворчатый шкаф-купе для сезонной одежды. Оснащение: Кухня по договоренности останется покупателю. Отделка: В квартире выполнен косметический ремонт, все чисто и аккуратно, заезжай - живи. На полу качественный ламинат, с/у в плитке Видеонаблюдение 24/7 (вход, лифты) и домофон обеспечивают безопасность. Закрытый тамбур на 4 квартиры позволяет \\\"парковать\\\" велосипеды/самокаты/коляски. Никогда нет проблем с парковкой - вокруг дома много мест Благоустройство: Вокруг дома новый асфальт, современные скверы с фонтанчиками и элементами ландшафтного дизайна, новые детские и спортивные площадки. Ежедневные покупки в соседних домах продукты, салон красоты, пункты Ozon, WB, ветклиника, фитнес и пр. Логистика: Идеальная локация. Остановка в 2 мин от дома. Транспорт: 15 минут пешком до ст. м. Каширская (вкл. БКЛ) и м. Кантемировская, МЦД Москворечье и развитая сеть автобусных маршрутов. Удобные развязки для авто -рядом выезды на центральные шоссе: Каширское, МСД/ЮВХ, Варшавское Природа: Всего 15 минут до одного из старейших парков столицы - музея - заповедника Коломенское с его дворцами, яблоневым садами и набережной Москвы -реки. Для отдыха и спорта на каждый день - парк Долина реки Чертановка со спорт зонами, велодорожками, зонами барбекю и уютн��ми кафешками. Инфраструктура: В шаговой доступности Детские сады, 2 школы 1479 и 2000, частная гимназия Эллада, кадетский корпус, школа искусств им. Рихтера и огромный творческий центр Москворечье, где есть все развивающие направления для детей. Рядом два престижнейших Вуза столицы - МИФИ и МФЮА, чуть подальше РАНГХИС. Неподалеку строится современный Водный дворец спорта, любые развлечения и шопинг в торгово-развлекательных центрах по-близости на выбор: Москворечье, Гудзон, Каширская Плаза, Домодедовский. За покупками покрупней в Автодом \\\"Москва Тянья\\\" и Мебельный центр Хофф в 10 минутах на машине. Идеальная чистая и прозрачная история объекта. Без Долгов и обременений, альтернатива подобрана и уже внесен залог, быстрый выход на сделку! Свяжитесь с нами прямо сейчас, чтобы получить дополнительную информацию и организовать просмотр. Предложение ограничено по времени — спешите стать владельцем этой прекрасной квартиры!\",\n    \"address\": {\n      \"full\": \"Москва, ЮАО, р-н Москворечье-Сабурово, ул. Кошкина\",\n      \"district\": \"ЮАО\",\n      \"metro_station\": \"Кантемировская\",\n      \"ok.\"\n    }\n  }\n}.\nError message: Expected ':' after property name in JSON at position 3286 (line 13 column 5)\n    at safeParseJSON (/app/node_modules/.pnpm/@ai-sdk+provider-utils@4.0.15_zod@4.1.12/node_modules/@ai-sdk/provider-utils/dist/index.js:2247:74)\n    at parseAndValidateObjectResult (/app/node_modules/.pnpm/ai@6.0.86_zod@4.1.12/node_modules/ai/dist/index.js:9482:71)\n    at parseAndValidateObjectResultWithRepair (/app/node_modules/.pnpm/ai@6.0.86_zod@4.1.12/node_modules/ai/dist/index.js:9525:20)\n    at process.processTicksAndRejections (node:internal/process/task_queues:103:5)\n    at async fn (/app/node_modules/.pnpm/ai@6.0.86_zod@4.1.12/node_modules/ai/dist/index.js:9859:25)\n    at async /app/node_modules/.pnpm/ai@6.0.86_zod@4.1.12/node_modules/ai/dist/index.js:2340:24\n    at async generateObject (/app/node_modules/.pnpm/ai@6.0.86_zod@4.1.12/node_modules/ai/dist/index.js:9712:12)\n    at async generateCompletions (/app/dist/src/scraper/scrapeURL/transformers/llmExtract.js:718:22)\n    at async extractData (/app/dist/src/scraper/scrapeURL/lib/extractSmartScrape.js:259:60)\n    at async performLLMExtract (/app/dist/src/scraper/scrapeURL/transformers/llmExtract.js:939:78)"},"text":"{\n  \"extractedData\": {\n    \"cian_id\": \"328323833\",\n    \"price\": 19490000,\n    \"price_per_m2\": 362942,\n    \"title\": \"Продается 2-комн. квартира, 53,7 м²\",\n    \"description\": \"Уважаемые покупатели! Продается просторная и светлая двухкомнатная квартира общей площадью 53 кв.м + застекленная лоджия около 3 кв. м. Высокие потолки 2,7м создают ощущение свободы, две просторные комнаты всегда наполнены естественным светом (солнечная сторона), высокий этаж открывают приятный вид во двор. Продуманная планировка включает в себя: Функциональную кухню - 9 м, которая не просто большая, но и имеет квадратную форму, что дает хозяйке возможность создать кухню мечты Большую гостиную с застекленной лоджией; Изолированную спальню, тоже квадратной формы, легко поместить двухспальную кровать, большой шкаф и бьюти зону для девушек; раздельный санузел обеспечит комфорт для всех членов семьи. Большую прихожую, в которой легко помещается трехстворчатый шкаф-купе для сезонной одежды. Оснащение: Кухня по договоренности останется покупателю. Отделка: В квартире выполнен косметический ремонт, все чисто и аккуратно, заезжай - живи. На полу качественный ламинат, с/у в плитке Видеонаблюдение 24/7 (вход, лифты) и домофон обеспечивают безопасность. Закрытый тамбур на 4 квартиры позволяет \\\"парковать\\\" велосипеды/самокаты/коляски. Никогда нет проблем с парковкой - вокруг дома много мест Благоустройство: Вокруг дома новый асфальт, современные скверы с фонтанчиками и элементами ландшафтного дизайна, новые детские и спортивные площадки. Ежедневные покупки в соседних домах продукты, салон красоты, пункты Ozon, WB, ветклиника, фитнес и пр. Логистика: Идеальная локация. Остановка в 2 мин от дома. Транспорт: 15 минут пешком до ст. м. Каширская (вкл. БКЛ) и м. Кантемировская, МЦД Москворечье и развитая сеть автобусных маршрутов. Удобные развязки для авто -рядом выезды на центральные шоссе: Каширское, МСД/ЮВХ, Варшавское Природа: Всего 15 минут до одного из старейших парков столицы - музея - заповедника Коломенское с его дворцами, яблоневым садами и набережной Москвы -реки. Для отдыха и спорта на каждый день - парк Долина реки Чертановка со спорт зонами, велодорожками, зонами барбекю и уютными кафешками. Инфраструктура: В шаговой доступности Детские сады, 2 школы 1479 и 2000, частная гимназия Эллада, кадетский корпус, школа искусств им. Рихтера и огромный творческий центр Москворечье, где есть все развивающие направления для детей. Рядом два престижнейших Вуза столицы - МИФИ и МФЮА, чуть подальше РАНГХИС. Неподалеку строится современный Водный дворец спорта, любые развлечения и шопинг в торгово-развлекательных центрах по-близости на выбор: Москворечье, Гудзон, Каширская Плаза, Домодедовский. За покупками покрупней в Автодом \\\"Москва Тянья\\\" и Мебельный центр Хофф в 10 минутах на машине. Идеальная чистая и прозрачная история объекта. Без Долгов и обременений, альтернатива подобрана и уже внесен залог, быстрый выход на сделку! Свяжитесь с нами прямо сейчас, чтобы получить дополнительную информацию и организовать просмотр. Предложение ограничено по времени — спешите стать владельцем этой прекрасной квартиры!\",\n    \"address\": {\n      \"full\": \"Москва, ЮАО, р-н Москворечье-Сабурово, ул. Кошкина\",\n      \"district\": \"ЮАО\",\n      \"metro_station\": \"Кантемировская\",\n      \"ok.\"\n    }\n  }\n}","response":{"id":"gen-1774903052-XxAea5IDMAaClhW1Vh1n","timestamp":"2026-03-30T20:37:32.000Z","modelId":"z-ai/glm-4.7-flash-20260119","headers":{"access-control-allow-origin":"*","cf-ray":"9e49e9ab5b671f99-FRA","connection":"keep-alive","content-encoding":"gzip","content-type":"application/json","date":"Mon, 30 Mar 2026 20:37:32 GMT","permissions-policy":"payment=(self \"https://checkout.stripe.com\" \"https://connect-js.stripe.com\" \"https://js.stripe.com\" \"https://*.js.stripe.com\" \"https://hooks.stripe.com\")","referrer-policy":"no-referrer, strict-origin-when-cross-origin","server":"cloudflare","transfer-encoding":"chunked","x-content-type-options":"nosniff"},"body":{"id":"gen-1774903052-XxAea5IDMAaClhW1Vh1n","object":"chat.completion","created":1774903052,"model":"z-ai/glm-4.7-flash-20260119","provider":"DeepInfra","system_fingerprint":null,"choices":[{"index":0,"logprobs":null,"finish_reason":"length","native_finish_reason":"length","message":{"role":"assistant","content":"{\n  \"extractedData\": {\n    \"cian_id\": \"328323833\",\n    \"price\": 19490000,\n    \"price_per_m2\": 362942,\n    \"title\": \"Продается 2-комн. квартира, 53,7 м²\",\n    \"description\": \"Уважаемые покупатели! Продается просторная и светлая двухкомнатная квартира общей площадью 53 кв.м + застекленная лоджия около 3 кв. м. Высокие потолки 2,7м создают ощущение свободы, две просторные комнаты всегда наполнены естественным светом (солнечная сторона), высокий этаж открывают приятный вид во двор. Продуманная планировка включает в себя: Функциональную кухню - 9 м, которая не просто большая, но и имеет квадратную форму, что дает хозяйке возможность создать кухню мечты Большую гостиную с застекленной лоджией; Изолированную спальню, тоже квадратной формы, легко поместить двухспальную кровать, большой шкаф и бьюти зону для девушек; раздельный санузел обеспечит комфорт для всех членов семьи. Большую прихожую, в которой легко помещается трехстворчатый шкаф-купе для сезонной одежды. Оснащение: Кухня по договоренности останется покупателю. Отделка: В квартире выполнен косметический ремонт, все чисто и аккуратно, заезжай - живи. На полу качественный ламинат, с/у в плитке Видеонаблюдение 24/7 (вход, лифты) и домофон обеспечивают безопасность. Закрытый тамбур на 4 квартиры позволяет \\\"парковать\\\" велосипеды/самокаты/коляски. Никогда нет проблем с парковкой - вокруг дома много мест Благоустройство: Вокруг дома новый асфальт, современные скверы с фонтанчиками и элементами ландшафтного дизайна, новые детские и спортивные площадки. Ежедневные покупки в соседних домах продукты, салон красоты, пункты Ozon, WB, ветклиника, фитнес и пр. Логистика: Идеальная локация. Остановка в 2 мин от дома. Транспорт: 15 минут пешком до ст. м. Каширская (вкл. БКЛ) и м. Кантемировская, МЦД Москворечье и развитая сеть автобусных маршрутов. Удобные развязки для авто -рядом выезды на центральные шоссе: Каширское, МСД/ЮВХ, Варшавское Природа: Всего 15 минут до одного из старейших парков столицы - музея - заповедника Коломенское с его дворцами, яблоневым садами и набережной Москвы -реки. Для отдыха и спорта на каждый день - парк Долина реки Чертановка со спорт зонами, велодорожками, зонами барбекю и уютными кафешками. Инфраструктура: В шаговой доступности Детские сады, 2 школы 1479 и 2000, частная гимназия Эллада, кадетский корпус, школа искусств им. Рихтера и огромный творческий центр Москворечье, где есть все развивающие направления для детей. Рядом два престижнейших Вуза столицы - МИФИ и МФЮА, чуть подальше РАНГХИС. Неподалеку строится современный Водный дворец спорта, любые развлечения и шопинг в торгово-развлекательных центрах по-близости на выбор: Москворечье, Гудзон, Каширская Плаза, Домодедовский. За покупками покрупней в Автодом \\\"Москва Тянья\\\" и Мебельный центр Хофф в 10 минутах на машине. Идеальная чистая и прозрачная история объекта. Без Долгов и обременений, альтернатива подобрана и уже внесен залог, быстрый выход на сделку! Свяжитесь с нами прямо сейчас, чтобы получить дополнительную информацию и организовать просмотр. Предложение ограничено по времени — спешите стать владельцем этой прекрасной квартиры! Пр\",\n    \"address\": {\n      \"full\": \"Москва, ЮАО, р-н Москворечье-Сабурово, ул. Кошкина\",\n      \"district\": \"ЮАО\",\n      \"metro_station\": \"Кантемировская\",\n      \"ok","refusal":null,"reasoning":null}}],"usage":{"prompt_tokens":2524,"completion_tokens":1024,"total_tokens":3548,"cost":0.0005546400000256,"is_byok":false,"prompt_tokens_details":{"cached_tokens":128,"cache_write_tokens":0,"audio_tokens":0,"video_tokens":0},"cost_details":{"upstream_inference_cost":0.0005546400000256,"upstream_inference_prompt_cost":0.0001450400000256,"upstream_inference_completions_cost":0.0004096},"completion_tokens_details":{"reasoning_tokens":0,"image_tokens":0,"audio_tokens":0}}}},"usage":{"inputTokens":2524,"inputTokenDetails":{"cacheReadTokens":128},"outputTokens":1024,"outputTokenDetails":{"reasoningTokens":0},"totalTokens":3548,"reasoningTokens":0,"cachedInputTokens":128},"finishReason":"length","message":"No object generated: could not parse the response.","stack":"AI_NoObjectGeneratedError: No object generated: could not parse the response.\n    at parseAndValidateObjectResult (/app/node_modules/.pnpm/ai@6.0.86_zod@4.1.12/node_modules/ai/dist/index.js:9484:11)\n    at process.processTicksAndRejections (node:internal/process/task_queues:103:5)\n    at async parseAndValidateObjectResultWithRepair (/app/node_modules/.pnpm/ai@6.0.86_zod@4.1.12/node_modules/ai/dist/index.js:9525:14)\n    at async fn (/app/node_modules/.pnpm/ai@6.0.86_zod@4.1.12/node_modules/ai/dist/index.js:9859:25)\n    at async /app/node_modules/.pnpm/ai@6.0.86_zod@4.1.12/node_modules/ai/dist/index.js:2340:24\n    at async generateObject (/app/node_modules/.pnpm/ai@6.0.86_zod@4.1.12/node_modules/ai/dist/index.js:9712:12)\n    at async generateCompletions (/app/dist/src/scraper/scrapeURL/transformers/llmExtract.js:718:22)\n    at async extractData (/app/dist/src/scraper/scrapeURL/lib/extractSmartScrape.js:259:60)\n    at async performLLMExtract (/app/dist/src/scraper/scrapeURL/transformers/llmExtract.js:939:78)\n    at async executeTransformers (/app/dist/src/scraper/scrapeURL/transformers/index.js:393:20)"},"model":"z-ai/glm-4.7-flash","mode":"object"}
api-1  | api            2026-03-30 20:38:11 error [ScrapeURL:performLLMExtract/generateCompletions]: failed during extractSmartScrape.ts:generateCompletions {"module":"ScrapeURL","scrapeId":"019d4077-3d0b-75d3-ac8b-392288b9ac2c","scrapeURL":"https://www.cian.ru/sale/flat/328323833/","zeroDataRetention":false,"teamId":"bypass","team_id":"bypass","method":"performLLMExtract/generateCompletions","error":{"name":"AI_NoObjectGeneratedError","cause":{"name":"AI_JSONParseError","cause":{"name":"SyntaxError","message":"Expected ':' after property name in JSON at position 3286 (line 13 column 5)","stack":"SyntaxError: Expected ':' after property name in JSON at position 3286 (line 13 column 5)"},"text":"{\n  \"extractedData\": {\n    \"cian_id\": \"328323833\",\n    \"price\": 19490000,\n    \"price_per_m2\": 362942,\n    \"title\": \"Продается 2-комн. квартира, 53,7 м²\",\n    \"description\": \"Уважаемые покупатели! Продается просторная и светлая двухкомнатная квартира общей площадью 53 кв.м + застекленная лоджия около 3 кв. м. Высокие потолки 2,7м создают ощущение свободы, две просторные комнаты всегда наполнены естественным светом (солнечная сторона), высокий этаж открывают приятный вид во двор. Продуманная планировка включает в себя: Функциональную кухню - 9 м, которая не просто большая, но и имеет квадратную форму, что дает хозяйке возможность создать кухню мечты Большую гостиную с застекленной лоджией; Изолированную спальню, тоже квадратной формы, легко поместить двухспальную кровать, большой шкаф и бьюти зону для девушек; раздельный санузел обеспечит комфорт для всех членов семьи. Большую прихожую, в которой легко помещается трехстворчатый шкаф-купе для сезонной одежды. Оснащение: Кухня по договоренности останется покупателю. Отделка: В квартире выполнен косметический ремонт, все чисто и аккуратно, заезжай - живи. На полу качественный ламинат, с/у в плитке Видеонаблюдение 24/7 (вход, лифты) и домофон обеспечивают безопасность. Закрытый тамбур на 4 квартиры позволяет \\\"парковать\\\" велосипеды/самокаты/коляски. Никогда нет проблем с парковкой - вокруг дома много мест Благоустройство: Вокруг дома новый асфальт, современные скверы с фонтанчиками и элементами ландшафтного дизайна, новые детские и спортивные площадки. Ежедневные покупки в соседних домах продукты, салон красоты, пункты Ozon, WB, ветклиника, фитнес и пр. Логистика: Идеальная локация. Остановка в 2 мин от дома. Транспорт: 15 минут пешком до ст. м. Каширская (вкл. БКЛ) и м. Кантемировская, МЦД Москворечье и развитая сеть автобусных маршрутов. Удобные развязки для авто -рядом выезды на центральные шоссе: Каширское, МСД/ЮВХ, Варшавское Природа: Всего 15 минут до одного из старейших парков столицы - музея - заповедника Коломенское с его дворцами, яблоневым садами и набережной Москвы -реки. Для отдыха и спорта на каждый день - парк Долина реки Чертановка со спорт зонами, велодорожками, зонами барбекю и уютными кафешками. Инфраструктура: В шаговой доступности Детские сады, 2 школы 1479 и 2000, частная гимназия Эллада, кадетский корпус, школа искусств им. Рихтера и огромный творческий центр Москворечье, где есть все развивающие направления для детей. Рядом два престижнейших Вуза столицы - МИФИ и МФЮА, чуть подальше РАНГХИС. Неподалеку строится современный Водный дворец спорта, любые развлечения и шопинг в торгово-развлекательных центрах по-близости на выбор: Москворечье, Гудзон, Каширская Плаза, Домодедовский. За покупками покрупней в Автодом \\\"Москва Тянья\\\" и Мебельный центр Хофф в 10 минутах на машине. Идеальная чистая и прозрачная история объекта. Без Долгов и обременений, альтернатива подобрана и уже внесен залог, быстрый выход на сделку! Свяжитесь с нами прямо сейчас, чтобы получить дополнительную информацию и организовать просмотр. Предложение ограничено по времени — спешите стать владельцем этой прекрасной квартиры!\",\n    \"address\": {\n      \"full\": \"Москва, ЮАО, р-н Москворечье-Сабурово, ул. Кошкина\",\n      \"district\": \"ЮАО\",\n      \"metro_station\": \"Кантемировская\",\n      \"ok.\"\n    }\n  }\n}","message":"JSON parsing failed: Text: {\n  \"extractedData\": {\n    \"cian_id\": \"328323833\",\n    \"price\": 19490000,\n    \"price_per_m2\": 362942,\n    \"title\": \"Продается 2-комн. квартира, 53,7 м²\",\n    \"description\": \"Уважаемые покупатели! Продается просторная и светлая двухкомнатная квартира общей площадью 53 кв.м + застекленная лоджия около 3 кв. м. Высокие потолки 2,7м создают ощущение свободы, две просторные комнаты всегда наполнены естественным светом (солнечная сторона), высокий этаж открывают приятный вид во двор. Продуманная планировка включает в себя: Функциональную кухню - 9 м, которая не просто большая, но и имеет квадратную форму, что дает хозяйке возможность создать кухню мечты Большую гостиную с застекленной лоджией; Изолированную спальню, тоже квадратной формы, легко поместить двухспальную кровать, большой шкаф и бьюти зону для девушек; раздельный санузел обеспечит комфорт для всех членов семьи. Большую прихожую, в которой легко помещается трехстворчатый шкаф-купе для сезонной одежды. Оснащение: Кухня по договоренности останется покупателю. Отделка: В квартире выполнен косметический ремонт, все чисто и аккуратно, заезжай - живи. На полу качественный ламинат, с/у в плитке Видеонаблюдение 24/7 (вход, лифты) и домофон обеспечивают безопасность. Закрытый тамбур на 4 квартиры позволяет \\\"парковать\\\" велосипеды/самокаты/коляски. Никогда нет проблем с парковкой - вокруг дома много мест Благоустройство: Вокруг дома новый асфальт, современные скверы с фонтанчиками и элементами ландшафтного дизайна, новые детские и спортивные площадки. Ежедневные покупки в соседних домах продукты, салон красоты, пункты Ozon, WB, ветклиника, фитнес и пр. Логистика: Идеальная локация. Остановка в 2 мин от дома. Транспорт: 15 минут пешком до ст. м. Каширская (вкл. БКЛ) и м. Кантемировская, МЦД Москворечье и развитая сеть автобусных маршрутов. Удобные развязки для авто -рядом выезды на центральные шоссе: Каширское, МСД/ЮВХ, Варшавское Природа: Всего 15 минут до одного из старейших парков столицы - музея - заповедника Коломенское с его дворцами, яблоневым садами и набережной Москвы -реки. Для отдыха и спорта на каждый день - парк Долина реки Чертановка со спорт зонами, велодорожками, зонами барбекю и уютными кафешками. Инфраструктура: В шаговой доступности Детские сады, 2 школы 1479 и 2000, частная гимназия Эллада, кадетский корпус, школа искусств им. Рихтера и огромный творческий центр Москворечье, где есть все развивающие направления для детей. Рядом два престижнейших Вуза столицы - МИФИ и МФЮА, чуть подальше РАНГХИС. Неподалеку строится современный Водный дворец спорта, любые развлечения и шопинг в торгово-развлекательных центрах по-близости на выбор: Москворечье, Гудзон, Каширская Плаза, Домодедовский. За покупками покрупней в Автодом \\\"Москва Тянья\\\" и Мебельный центр Хофф в 10 минутах на машине. Идеальная чистая и прозрачная история объекта. Без Долгов и обременений, альтернатива подобрана и уже внесен залог, быстрый выход на сделку! Свяжитесь с нами прямо сейчас, чтобы получить дополнительную информацию и организовать просмотр. Предложение ограничено по времени — спешите стать владельцем этой прекрасной квартиры!\",\n    \"address\": {\n      \"full\": \"Москва, ЮАО, р-н Москворечье-Сабурово, ул. Кошкина\",\n      \"district\": \"ЮАО\",\n      \"metro_station\": \"Кантемировская\",\n      \"ok.\"\n    }\n  }\n}.\nError message: Expected ':' after property name in JSON at position 3286 (line 13 column 5)","stack":"AI_JSONParseError: JSON parsing failed: Text: {\n  \"extractedData\": {\n    \"cian_id\": \"328323833\",\n    \"price\": 19490000,\n    \"price_per_m2\": 362942,\n    \"title\": \"Продается 2-комн. квартира, 53,7 м²\",\n    \"description\": \"Уважаемые покупатели! Продается просторная и светлая двухкомнатная квартира общей площадью 53 кв.м + застекленная лоджия около 3 кв. м. Высокие потолки 2,7м создают ощущение свободы, две просторные комнаты всегда наполнены естественным светом (солнечная сторона), высокий этаж открывают приятный вид во двор. Продуманная планировка включает в себя: Функциональную кухню - 9 м, которая не просто большая, но и имеет квадратную форму, что дает хозяйке возможность создать кухню мечты Большую гостиную с застекленной лоджией; Изолированную спальню, тоже квадратной формы, легко поместить двухспальную кровать, большой шкаф и бьюти зону для девушек; раздельный санузел обеспечит комфорт для всех членов семьи. Большую прихожую, в которой легко помещается трехстворчатый шкаф-купе для сезонной одежды. Оснащение: Кухня по договоренности останется покупателю. Отделка: В квартире выполнен косметический ремонт, все чисто и аккуратно, заезжай - живи. На полу качественный ламинат, с/у в плитке Видеонаблюдение 24/7 (вход, лифты) и домофон обеспечивают безопасность. Закрытый тамбур на 4 квартиры позволяет \\\"парковать\\\" велосипеды/самокаты/коляски. Никогда нет проблем с парковкой - вокруг дома много мест Благоустройство: Вокруг дома новый асфальт, современные скверы с фонтанчиками и элементами ландшафтного дизайна, новые детские и спортивные площадки. Ежедневные покупки в соседних домах продукты, салон красоты, пункты Ozon, WB, ветклиника, фитнес и пр. Логистика: Идеальная локация. Остановка в 2 мин от дома. Транспорт: 15 минут пешком до ст. м. Каширская (вкл. БКЛ) и м. Кантемировская, МЦД Москворечье и развитая сеть автобусных маршрутов. Удобные развязки для авто -рядом выезды на центральные шоссе: Каширское, МСД/ЮВХ, Варшавское Природа: Всего 15 минут до одного из старейших парков столицы - музея - заповедника Коломенское с его дворцами, яблоневым садами и набережной Москвы -реки. Для отдыха и спорта на каждый день - парк Долина реки Чертановка со спорт зонами, велодорожками, зонами барбекю и уютными кафешками. Инфраструктура: В шаговой доступности Детские сады, 2 школы 1479 и 2000, частная гимназия Эллада, кадетский корпус, школа искусств им. Рихтера и огромный творческий центр Москворечье, где есть все развивающие направления для детей. Рядом два престижнейших Вуза столицы - МИФИ и МФЮА, чуть подальше РАНГХИС. Неподалеку строится современный Водный дворец спорта, любые развлечения и шопинг в торгово-развлекательных центрах по-близости на выбор: Москворечье, Гудзон, Каширская Плаза, Домодедовский. За покупками покрупней в Автодом \\\"Москва Тянья\\\" и Мебельный центр Хофф в 10 минутах на машине. Идеальная чистая и прозрачная история объекта. Без Долгов и обременений, альтернатива подобрана и уже внесен залог, быстрый выход на сделку! Свяжитесь с нами прямо сейчас, чтобы получить дополнительную информацию и организовать просмотр. Предложение ограничено по времени — спешите стать владельцем этой прекрасной квартиры!\",\n    \"address\": {\n      \"full\": \"Москва, ЮАО, р-н Москворечье-Сабурово, ул. Кошкина\",\n      \"district\": \"ЮАО\",\n      \"metro_station\": \"Кантемировская\",\n      \"ok.\"\n    }\n  }\n}.\nError message: Expected ':' after property name in JSON at position 3286 (line 13 column 5)\n    at safeParseJSON (/app/node_modules/.pnpm/@ai-sdk+provider-utils@4.0.15_zod@4.1.12/node_modules/@ai-sdk/provider-utils/dist/index.js:2247:74)\n    at parseAndValidateObjectResult (/app/node_modules/.pnpm/ai@6.0.86_zod@4.1.12/node_modules/ai/dist/index.js:9482:71)\n    at parseAndValidateObjectResultWithRepair (/app/node_modules/.pnpm/ai@6.0.86_zod@4.1.12/node_modules/ai/dist/index.js:9525:20)\n    at process.processTicksAndRejections (node:internal/process/task_queues:103:5)\n    at async fn (/app/node_modules/.pnpm/ai@6.0.86_zod@4.1.12/node_modules/ai/dist/index.js:9859:25)\n    at async /app/node_modules/.pnpm/ai@6.0.86_zod@4.1.12/node_modules/ai/dist/index.js:2340:24\n    at async generateObject (/app/node_modules/.pnpm/ai@6.0.86_zod@4.1.12/node_modules/ai/dist/index.js:9712:12)\n    at async generateCompletions (/app/dist/src/scraper/scrapeURL/transformers/llmExtract.js:718:22)\n    at async extractData (/app/dist/src/scraper/scrapeURL/lib/extractSmartScrape.js:259:60)\n    at async performLLMExtract (/app/dist/src/scraper/scrapeURL/transformers/llmExtract.js:939:78)"},"text":"{\n  \"extractedData\": {\n    \"cian_id\": \"328323833\",\n    \"price\": 19490000,\n    \"price_per_m2\": 362942,\n    \"title\": \"Продается 2-комн. квартира, 53,7 м²\",\n    \"description\": \"Уважаемые покупатели! Продается просторная и светлая двухкомнатная квартира общей площадью 53 кв.м + застекленная лоджия около 3 кв. м. Высокие потолки 2,7м создают ощущение свободы, две просторные комнаты всегда наполнены естественным светом (солнечная сторона), высокий этаж открывают приятный вид во двор. Продуманная планировка включает в себя: Функциональную кухню - 9 м, которая не просто большая, но и имеет квадратную форму, что дает хозяйке возможность создать кухню мечты Большую гостиную с застекленной лоджией; Изолированную спальню, тоже квадратной формы, легко поместить двухспальную кровать, большой шкаф и бьюти зону для девушек; раздельный санузел обеспечит комфорт для всех членов семьи. Большую прихожую, в которой легко помещается трехстворчатый шкаф-купе для сезонной одежды. Оснащение: Кухня по договоренности останется покупателю. Отделка: В квартире выполнен косметический ремонт, все чисто и аккуратно, заезжай - живи. На полу качественный ламинат, с/у в плитке Видеонаблюдение 24/7 (вход, лифты) и домофон обеспечивают безопасность. Закрытый тамбур на 4 квартиры позволяет \\\"парковать\\\" велосипеды/самокаты/коляски. Никогда нет проблем с парковкой - вокруг дома много мест Благоустройство: Вокруг дома новый асфальт, современные скверы с фонтанчиками и элементами ландшафтного дизайна, новые детские и спортивные площадки. Ежедневные покупки в соседних домах продукты, салон красоты, пункты Ozon, WB, ветклиника, фитнес и пр. Логистика: Идеальная локация. Остановка в 2 мин от дома. Транспорт: 15 минут пешком до ст. м. Каширская (вкл. БКЛ) и м. Кантемировская, МЦД Москворечье и развитая сеть автобусных маршрутов. Удобные развязки для авто -рядом выезды на центральные шоссе: Каширское, МСД/ЮВХ, Варшавское Природа: Всего 15 минут до одного из старейших парков столицы - музея - заповедника Коломенское с его дворцами, яблоневым садами и набережной Москвы -реки. Для отдыха и спорта на каждый день - парк Долина реки Чертановка со спорт зонами, велодорожками, зонами барбекю и уютными кафешками. Инфраструктура: В шаговой доступности Детские сады, 2 школы 1479 и 2000, частная гимназия Эллада, кадетский корпус, школа искусств им. Рихтера и огромный творческий центр Москворечье, где есть все развивающие направления для детей. Рядом два престижнейших Вуза столицы - МИФИ и МФЮА, чуть подальше РАНГХИС. Неподалеку строится современный Водный дворец спорта, любые развлечения и шопинг в торгово-развлекательных центрах по-близости на выбор: Москворечье, Гудзон, Каширская Плаза, Домодедовский. За покупками покрупней в Автодом \\\"Москва Тянья\\\" и Мебельный центр Хофф в 10 минутах на машине. Идеальная чистая и прозрачная история объекта. Без Долгов и обременений, альтернатива подобрана и уже внесен залог, быстрый выход на сделку! Свяжитесь с нами прямо сейчас, чтобы получить дополнительную информацию и организовать просмотр. Предложение ограничено по времени — спешите стать владельцем этой прекрасной квартиры!\",\n    \"address\": {\n      \"full\": \"Москва, ЮАО, р-н Москворечье-Сабурово, ул. Кошкина\",\n      \"district\": \"ЮАО\",\n      \"metro_station\": \"Кантемировская\",\n      \"ok.\"\n    }\n  }\n}","response":{"id":"gen-1774903052-XxAea5IDMAaClhW1Vh1n","timestamp":"2026-03-30T20:37:32.000Z","modelId":"z-ai/glm-4.7-flash-20260119","headers":{"access-control-allow-origin":"*","cf-ray":"9e49e9ab5b671f99-FRA","connection":"keep-alive","content-encoding":"gzip","content-type":"application/json","date":"Mon, 30 Mar 2026 20:37:32 GMT","permissions-policy":"payment=(self \"https://checkout.stripe.com\" \"https://connect-js.stripe.com\" \"https://js.stripe.com\" \"https://*.js.stripe.com\" \"https://hooks.stripe.com\")","referrer-policy":"no-referrer, strict-origin-when-cross-origin","server":"cloudflare","transfer-encoding":"chunked","x-content-type-options":"nosniff"},"body":{"id":"gen-1774903052-XxAea5IDMAaClhW1Vh1n","object":"chat.completion","created":1774903052,"model":"z-ai/glm-4.7-flash-20260119","provider":"DeepInfra","system_fingerprint":null,"choices":[{"index":0,"logprobs":null,"finish_reason":"length","native_finish_reason":"length","message":{"role":"assistant","content":"{\n  \"extractedData\": {\n    \"cian_id\": \"328323833\",\n    \"price\": 19490000,\n    \"price_per_m2\": 362942,\n    \"title\": \"Продается 2-комн. квартира, 53,7 м²\",\n    \"description\": \"Уважаемые покупатели! Продается просторная и светлая двухкомнатная квартира общей площадью 53 кв.м + застекленная лоджия около 3 кв. м. Высокие потолки 2,7м создают ощущение свободы, две просторные комнаты всегда наполнены естественным светом (солнечная сторона), высокий этаж открывают приятный вид во двор. Продуманная планировка включает в себя: Функциональную кухню - 9 м, которая не просто большая, но и имеет квадратную форму, что дает хозяйке возможность создать кухню мечты Большую гостиную с застекленной лоджией; Изолированную спальню, тоже квадратной формы, легко поместить двухспальную кровать, большой шкаф и бьюти зону для девушек; раздельный санузел обеспечит комфорт для всех членов семьи. Большую прихожую, в которой легко помещается трехстворчатый шкаф-купе для сезонной одежды. Оснащение: Кухня по договоренности останется покупателю. Отделка: В квартире выполнен косметический ремонт, все чисто и аккуратно, заезжай - живи. На полу качественный ламинат, с/у в плитке Видеонаблюдение 24/7 (вход, лифты) и домофон обеспечивают безопасность. Закрытый тамбур на 4 квартиры позволяет \\\"парковать\\\" велосипеды/самокаты/коляски. Никогда нет проблем с парковкой - вокруг дома много мест Благоустройство: Вокруг дома новый асфальт, современные скверы с фонтанчиками и элементами ландшафтного дизайна, новые детские и спортивные площадки. Ежедневные покупки в соседних домах продукты, салон красоты, пункты Ozon, WB, ветклиника, фитнес и пр. Логистика: Идеальная локация. Остановка в 2 мин от дома. Транспорт: 15 минут пешком до ст. м. Каширская (вкл. БКЛ) и м. Кантемировская, МЦД Москворечье и развитая сеть автобусных маршрутов. Удобные развязки для авто -рядом выезды на центральные шоссе: Каширское, МСД/ЮВХ, Варшавское Природа: Всего 15 минут до одного из старейших парков столицы - музея - заповедника Коломенское с его дворцами, яблоневым садами и набережной Москвы -реки. Для отдыха и спорта на каждый день - парк Долина реки Чертановка со спорт зонами, велодорожками, зонами барбекю и уютными кафешками. Инфраструктура: В шаговой доступности Детские сады, 2 школы 1479 и 2000, частная гимназия Эллада, кадетский корпус, школа искусств им. Рихтера и огромный творческий центр Москворечье, где есть все развивающие направления для детей. Рядом два престижнейших Вуза столицы - МИФИ и МФЮА, чуть подальше РАНГХИС. Неподалеку строится современный Водный дворец спорта, любые развлечения и шопинг в торгово-развлекательных центрах по-близости на выбор: Москворечье, Гудзон, Каширская Плаза, Домодедовский. За покупками покрупней в Автодом \\\"Москва Тянья\\\" и Мебельный центр Хофф в 10 минутах на машине. Идеальная чистая и прозрачная история объекта. Без Долгов и обременений, альтернатива подобрана и уже внесен залог, быстрый выход на сделку! Свяжитесь с нами прямо сейчас, чтобы получить дополнительную информацию и организовать просмотр. Предложение ограничено по времени — спешите стать владельцем этой прекрасной квартиры! Пр\",\n    \"address\": {\n      \"full\": \"Москва, ЮАО, р-н Москворечье-Сабурово, ул. Кошкина\",\n      \"district\": \"ЮАО\",\n      \"metro_station\": \"Кантемировская\",\n      \"ok","refusal":null,"reasoning":null}}],"usage":{"prompt_tokens":2524,"completion_tokens":1024,"total_tokens":3548,"cost":0.0005546400000256,"is_byok":false,"prompt_tokens_details":{"cached_tokens":128,"cache_write_tokens":0,"audio_tokens":0,"video_tokens":0},"cost_details":{"upstream_inference_cost":0.0005546400000256,"upstream_inference_prompt_cost":0.0001450400000256,"upstream_inference_completions_cost":0.0004096},"completion_tokens_details":{"reasoning_tokens":0,"image_tokens":0,"audio_tokens":0}}}},"usage":{"inputTokens":2524,"inputTokenDetails":{"cacheReadTokens":128},"outputTokens":1024,"outputTokenDetails":{"reasoningTokens":0},"totalTokens":3548,"reasoningTokens":0,"cachedInputTokens":128},"finishReason":"length","message":"No object generated: could not parse the response.","stack":"AI_NoObjectGeneratedError: No object generated: could not parse the response.\n    at parseAndValidateObjectResult (/app/node_modules/.pnpm/ai@6.0.86_zod@4.1.12/node_modules/ai/dist/index.js:9484:11)\n    at process.processTicksAndRejections (node:internal/process/task_queues:103:5)\n    at async parseAndValidateObjectResultWithRepair (/app/node_modules/.pnpm/ai@6.0.86_zod@4.1.12/node_modules/ai/dist/index.js:9525:14)\n    at async fn (/app/node_modules/.pnpm/ai@6.0.86_zod@4.1.12/node_modules/ai/dist/index.js:9859:25)\n    at async /app/node_modules/.pnpm/ai@6.0.86_zod@4.1.12/node_modules/ai/dist/index.js:2340:24\n    at async generateObject (/app/node_modules/.pnpm/ai@6.0.86_zod@4.1.12/node_modules/ai/dist/index.js:9712:12)\n    at async generateCompletions (/app/dist/src/scraper/scrapeURL/transformers/llmExtract.js:718:22)\n    at async extractData (/app/dist/src/scraper/scrapeURL/lib/extractSmartScrape.js:259:60)\n    at async performLLMExtract (/app/dist/src/scraper/scrapeURL/transformers/llmExtract.js:939:78)\n    at async executeTransformers (/app/dist/src/scraper/scrapeURL/transformers/index.js:393:20)"}}
api-1  | api            2026-03-30 20:38:11 info [ScrapeURL:performLLMExtract/generateCompletions]: Smart schema resolved
api-1  | api            2026-03-30 20:38:11 info [ScrapeURL:executeTransformers/performLLMExtract]: [scrape.pipeline] LLM JSON-extract завершён: страниц 1, данные нет, предупреждение нет
api-1  | api            2026-03-30 20:38:11 warn [ScrapeURL:executeTransformers/coerceFieldsToFormats]: Request had format json, but there was no json field in the result. {"module":"ScrapeURL","scrapeId":"019d4077-3d0b-75d3-ac8b-392288b9ac2c","scrapeURL":"https://www.cian.ru/sale/flat/328323833/","zeroDataRetention":false,"teamId":"bypass","team_id":"bypass","method":"executeTransformers/coerceFieldsToFormats"}
api-1  | api            2026-03-30 20:38:11 info [ScrapeURL:]: [scrape.pipeline] Трансформеры завершены, документ собран (движок fetch, rawHtml 609030 симв., markdown 6567 симв., HTTP 200)
api-1  | api            2026-03-30 20:38:11 info [log_job:logScrape]: Skipping database insertion due to USE_DB_AUTHENTICATION being off